Archive member included to satisfy reference by file (symbol)

C:/Users/yamap/.pico-sdk/toolchain/13_2_Rel1/bin/../lib/gcc/arm-none-eabi/13.2.1/thumb/v6-m/nofp\libgcc.a(_dvmd_tls.o)
                              CMakeFiles/station_main.dir/C_/Users/yamap/.pico-sdk/sdk/2.0.0/src/rp2_common/pico_divider/divider_hardware.S.obj (__aeabi_idiv0)
C:/Users/yamap/.pico-sdk/toolchain/13_2_Rel1/bin/../lib/gcc/arm-none-eabi/13.2.1/thumb/v6-m/nofp\libg.a(libc_a-calloc.o)
                              CMakeFiles/station_main.dir/C_/Users/yamap/.pico-sdk/sdk/2.0.0/src/rp2_common/pico_malloc/malloc.c.obj (calloc)
C:/Users/yamap/.pico-sdk/toolchain/13_2_Rel1/bin/../lib/gcc/arm-none-eabi/13.2.1/thumb/v6-m/nofp\libg.a(libc_a-callocr.o)
                              C:/Users/yamap/.pico-sdk/toolchain/13_2_Rel1/bin/../lib/gcc/arm-none-eabi/13.2.1/thumb/v6-m/nofp\libg.a(libc_a-calloc.o) (_calloc_r)
C:/Users/yamap/.pico-sdk/toolchain/13_2_Rel1/bin/../lib/gcc/arm-none-eabi/13.2.1/thumb/v6-m/nofp\libg.a(libc_a-malloc.o)
                              CMakeFiles/station_main.dir/C_/Users/yamap/.pico-sdk/sdk/2.0.0/src/rp2_common/pico_malloc/malloc.c.obj (malloc)
C:/Users/yamap/.pico-sdk/toolchain/13_2_Rel1/bin/../lib/gcc/arm-none-eabi/13.2.1/thumb/v6-m/nofp\libg.a(libc_a-mallocr.o)
                              C:/Users/yamap/.pico-sdk/toolchain/13_2_Rel1/bin/../lib/gcc/arm-none-eabi/13.2.1/thumb/v6-m/nofp\libg.a(libc_a-callocr.o) (_malloc_r)
C:/Users/yamap/.pico-sdk/toolchain/13_2_Rel1/bin/../lib/gcc/arm-none-eabi/13.2.1/thumb/v6-m/nofp\libg.a(libc_a-mlock.o)
                              C:/Users/yamap/.pico-sdk/toolchain/13_2_Rel1/bin/../lib/gcc/arm-none-eabi/13.2.1/thumb/v6-m/nofp\libg.a(libc_a-mallocr.o) (__malloc_lock)
C:/Users/yamap/.pico-sdk/toolchain/13_2_Rel1/bin/../lib/gcc/arm-none-eabi/13.2.1/thumb/v6-m/nofp\libg.a(libc_a-realloc.o)
                              CMakeFiles/station_main.dir/C_/Users/yamap/.pico-sdk/sdk/2.0.0/src/rp2_common/pico_malloc/malloc.c.obj (realloc)
C:/Users/yamap/.pico-sdk/toolchain/13_2_Rel1/bin/../lib/gcc/arm-none-eabi/13.2.1/thumb/v6-m/nofp\libg.a(libc_a-reallocr.o)
                              C:/Users/yamap/.pico-sdk/toolchain/13_2_Rel1/bin/../lib/gcc/arm-none-eabi/13.2.1/thumb/v6-m/nofp\libg.a(libc_a-realloc.o) (_realloc_r)
C:/Users/yamap/.pico-sdk/toolchain/13_2_Rel1/bin/../lib/gcc/arm-none-eabi/13.2.1/thumb/v6-m/nofp\libg.a(libc_a-memcmp.o)
                              CMakeFiles/station_main.dir/C_/Users/yamap/.pico-sdk/sdk/2.0.0/src/rp2_common/pico_atomic/atomic.c.obj (memcmp)
C:/Users/yamap/.pico-sdk/toolchain/13_2_Rel1/bin/../lib/gcc/arm-none-eabi/13.2.1/thumb/v6-m/nofp\libg.a(libc_a-memmove.o)
                              C:/Users/yamap/.pico-sdk/toolchain/13_2_Rel1/bin/../lib/gcc/arm-none-eabi/13.2.1/thumb/v6-m/nofp\libg.a(libc_a-reallocr.o) (memmove)
C:/Users/yamap/.pico-sdk/toolchain/13_2_Rel1/bin/../lib/gcc/arm-none-eabi/13.2.1/thumb/v6-m/nofp\libg.a(libc_a-lcltime_r.o)
                              CMakeFiles/station_main.dir/C_/Users/yamap/.pico-sdk/sdk/2.0.0/src/common/pico_util/datetime.c.obj (localtime_r)
C:/Users/yamap/.pico-sdk/toolchain/13_2_Rel1/bin/../lib/gcc/arm-none-eabi/13.2.1/thumb/v6-m/nofp\libg.a(libc_a-mktime.o)
                              CMakeFiles/station_main.dir/C_/Users/yamap/.pico-sdk/sdk/2.0.0/src/common/pico_util/datetime.c.obj (mktime)
C:/Users/yamap/.pico-sdk/toolchain/13_2_Rel1/bin/../lib/gcc/arm-none-eabi/13.2.1/thumb/v6-m/nofp\libg.a(libc_a-month_lengths.o)
                              C:/Users/yamap/.pico-sdk/toolchain/13_2_Rel1/bin/../lib/gcc/arm-none-eabi/13.2.1/thumb/v6-m/nofp\libg.a(libc_a-lcltime_r.o) (__month_lengths)
C:/Users/yamap/.pico-sdk/toolchain/13_2_Rel1/bin/../lib/gcc/arm-none-eabi/13.2.1/thumb/v6-m/nofp\libg.a(libc_a-tzcalc_limits.o)
                              C:/Users/yamap/.pico-sdk/toolchain/13_2_Rel1/bin/../lib/gcc/arm-none-eabi/13.2.1/thumb/v6-m/nofp\libg.a(libc_a-lcltime_r.o) (__tzcalc_limits)
C:/Users/yamap/.pico-sdk/toolchain/13_2_Rel1/bin/../lib/gcc/arm-none-eabi/13.2.1/thumb/v6-m/nofp\libg.a(libc_a-tzlock.o)
                              C:/Users/yamap/.pico-sdk/toolchain/13_2_Rel1/bin/../lib/gcc/arm-none-eabi/13.2.1/thumb/v6-m/nofp\libg.a(libc_a-lcltime_r.o) (__tz_lock)
C:/Users/yamap/.pico-sdk/toolchain/13_2_Rel1/bin/../lib/gcc/arm-none-eabi/13.2.1/thumb/v6-m/nofp\libg.a(libc_a-tzset.o)
                              C:/Users/yamap/.pico-sdk/toolchain/13_2_Rel1/bin/../lib/gcc/arm-none-eabi/13.2.1/thumb/v6-m/nofp\libg.a(libc_a-lcltime_r.o) (_tzset_unlocked)
C:/Users/yamap/.pico-sdk/toolchain/13_2_Rel1/bin/../lib/gcc/arm-none-eabi/13.2.1/thumb/v6-m/nofp\libg.a(libc_a-tzset_r.o)
                              C:/Users/yamap/.pico-sdk/toolchain/13_2_Rel1/bin/../lib/gcc/arm-none-eabi/13.2.1/thumb/v6-m/nofp\libg.a(libc_a-tzset.o) (_tzset_unlocked_r)
C:/Users/yamap/.pico-sdk/toolchain/13_2_Rel1/bin/../lib/gcc/arm-none-eabi/13.2.1/thumb/v6-m/nofp\libg.a(libc_a-tzvars.o)
[...]
Memory Configuration

Name             Origin             Length             Attributes
FLASH            0x10000000         0x00200000         xr
RAM              0x20000000         0x00040000         xrw
SCRATCH_X        0x20040000         0x00001000         xrw
SCRATCH_Y        0x20041000         0x00001000         xrw
*default*        0x00000000         0xffffffff

Linker script and memory map

LOAD C:/Users/yamap/.pico-sdk/toolchain/13_2_Rel1/bin/../lib/gcc/arm-none-eabi/13.2.1/thumb/v6-m/nofp/crti.o
LOAD C:/Users/yamap/.pico-sdk/toolchain/13_2_Rel1/bin/../lib/gcc/arm-none-eabi/13.2.1/thumb/v6-m/nofp/crtbegin.o
LOAD C:/Users/yamap/.pico-sdk/toolchain/13_2_Rel1/bin/../lib/gcc/arm-none-eabi/13.2.1/thumb/v6-m/nofp/crt0.o

.flash_begin    0x10000000        0x0
                0x10000000                        __flash_binary_start = .

.boot2          0x10000000      0x100
                0x10000000                        __boot2_start__ = .
 *(.boot2)
 .boot2         0x10000000      0x100 C:\Users\yamap\AppData\Local\Temp\ccGlmTiI.o
                0x10000100                        __boot2_end__ = .
                0x00000001                        ASSERT (((__boot2_end__ - __boot2_start__) == 0x100), ERROR: Pico second stage bootloader must be 256 bytes in size)

.text           0x10000100     0x6768
                0x10000100                        __logical_binary_start = .
 *(.vectors)
 .vectors       0x10000100       0xd4 CMakeFiles/station_main.dir/C_/Users/yamap/.pico-sdk/sdk/2.0.0/src/rp2_common/pico_crt0/crt0.S.obj
                0x10000100                __VECTOR_TABLE
                0x10000100                __vectors
                0x100001c0                isr_invalid
                0x100001c0                __default_isrs_start
                0x100001c2                isr_nmi
                0x100001c4                isr_hardfault
                0x100001c6                isr_svcall
                0x100001c8                isr_pendsv
                0x100001ca                isr_systick
                0x100001cc                isr_irq23
                0x100001cc                isr_irq18
                0x100001cc                isr_irq11
                0x100001cc                isr_irq28
                0x100001cc                isr_irq19
                0x100001cc                isr_irq0
                0x100001cc                isr_irq6
                0x100001cc                isr_irq5
                0x100001cc                isr_irq12
                0x100001cc                isr_irq22
                0x100001cc                isr_irq31
                0x100001cc                isr_irq17
                0x100001cc                isr_irq27
                0x100001cc                isr_irq30
                0x100001cc                isr_irq2
                0x100001cc                isr_irq10
                0x100001cc                isr_irq8
                0x100001cc                isr_irq24
                0x100001cc                isr_irq1
                0x100001cc                isr_irq7
                0x100001cc                isr_irq21
                0x100001cc                isr_irq20
                0x100001cc                isr_irq15
                0x100001cc                isr_irq25
                0x100001cc                isr_irq13
                0x100001cc                __unhandled_user_irq
                0x100001cc                isr_irq4
                0x100001cc                isr_irq16
                0x100001cc                isr_irq29
                0x100001cc                isr_irq26
                0x100001cc                __default_isrs_end
                0x100001cc                isr_irq3
                0x100001cc                isr_irq14
                0x100001cc                isr_irq9
                0x100001d2                unhandled_user_irq_num_in_r0
 *(.binary_info_header)
 .binary_info_header
                0x100001d4       0x14 CMakeFiles/station_main.dir/C_/Users/yamap/.pico-sdk/sdk/2.0.0/src/rp2_common/pico_crt0/crt0.S.obj
                0x100001e8                        __binary_info_header_end = .
 *(.embedded_block)
                0x100001e8                        __embedded_block_end = .
 *(.reset)
 .reset         0x100001e8       0x9c CMakeFiles/station_main.dir/C_/Users/yamap/.pico-sdk/sdk/2.0.0/src/rp2_common/pico_crt0/crt0.S.obj
                0x100001e8                _entry_point
 *(.init)
 .init          0x10000284        0x4 C:/Users/yamap/.pico-sdk/toolchain/13_2_Rel1/bin/../lib/gcc/arm-none-eabi/13.2.1/thumb/v6-m/nofp/crti.o
                0x10000284                _init
 *(EXCLUDE_FILE(*libm.a: *libc.a:*lib_a-mem*.o *libgcc.a:) .text*)
 .text.register_tm_clones
                0x10000288       0x28 C:/Users/yamap/.pico-sdk/toolchain/13_2_Rel1/bin/../lib/gcc/arm-none-eabi/13.2.1/thumb/v6-m/nofp/crtbegin.o
 .text.frame_dummy
                0x100002b0       0x24 C:/Users/yamap/.pico-sdk/toolchain/13_2_Rel1/bin/../lib/gcc/arm-none-eabi/13.2.1/thumb/v6-m/nofp/crtbegin.o
 .text.drawScrollText.part.0
                0x100002d4       0x7c CMakeFiles/station_main.dir/station_main.c.obj
 .text.timer_ctrl
                0x10000350       0xac CMakeFiles/station_main.dir/station_main.c.obj
                0x10000350                timer_ctrl
 .text.setDisplayMode
                0x100003fc      0x160 CMakeFiles/station_main.dir/station_main.c.obj
                0x100003fc                setDisplayMode
 .text.switchLanguage
                0x1000055c      0x14c CMakeFiles/station_main.dir/station_main.c.obj
                0x1000055c                switchLanguage
 .text.drawLcdDisplay
                0x100006a8      0x564 CMakeFiles/station_main.dir/station_main.c.obj
                0x100006a8                drawLcdDisplay
 .text.startup.main
                0x10000c0c      0x638 CMakeFiles/station_main.dir/station_main.c.obj
                0x10000c0c                main
 .text.locateLcdPrintf
                0x10001244       0x18 CMakeFiles/station_main.dir/st7789.c.obj
                0x10001244                locateLcdPrintf
 .text.setColorLcdPrintf
                0x1000125c       0x14 CMakeFiles/station_main.dir/st7789.c.obj
                0x1000125c                setColorLcdPrintf
 .text.initializeSt7789
                0x10001270      0x420 CMakeFiles/station_main.dir/st7789.c.obj
                0x10001270                initializeSt7789
 .text.setAddressWindowSt7789
                0x10001690      0x110 CMakeFiles/station_main.dir/st7789.c.obj
                0x10001690                setAddressWindowSt7789
 .text.fillRectangleSt7789
                0x100017a0       0x78 CMakeFiles/station_main.dir/st7789.c.obj
                0x100017a0                fillRectangleSt7789
 .text.fillScreenSt7789
                0x10001818       0x64 CMakeFiles/station_main.dir/st7789.c.obj
                0x10001818                fillScreenSt7789
 .text.send1PixelColor
                0x1000187c       0x24 CMakeFiles/station_main.dir/st7789.c.obj
                0x1000187c                send1PixelColor
 .text.setRotationSt7789
                0x100018a0       0xac CMakeFiles/station_main.dir/st7789.c.obj
                0x100018a0                setRotationSt7789
 .text.draw8x8Charx2
                0x1000194c      0x3a8 CMakeFiles/station_main.dir/st7789.c.obj
                0x1000194c                draw8x8Charx2
 .text.printfSt7789
                0x10001cf4       0x84 CMakeFiles/station_main.dir/st7789.c.obj
                0x10001cf4                printfSt7789
 .text.draw24x24Char
                0x10001d78      0x144 CMakeFiles/station_main.dir/st7789.c.obj
                0x10001d78                draw24x24Char
 .text.draw16x24Char
                0x10001ebc       0xe0 CMakeFiles/station_main.dir/st7789.c.obj
                0x10001ebc                draw16x24Char
 .text.drawBMP_A
                0x10001f9c       0x90 CMakeFiles/station_main.dir/st7789.c.obj
                0x10001f9c                drawBMP_A
 .text.drawBMP_B
                0x1000202c       0xd4 CMakeFiles/station_main.dir/st7789.c.obj
                0x1000202c                drawBMP_B
 .text.drawTrainType
                0x10002100       0x60 CMakeFiles/station_main.dir/station_disp.c.obj
                0x10002100                drawTrainType
 .text.drawDestination
                0x10002160       0x74 CMakeFiles/station_main.dir/station_disp.c.obj
                0x10002160                drawDestination
 .text.drawTime
                0x100021d4      0x1bc CMakeFiles/station_main.dir/station_disp.c.obj
                0x100021d4                drawTime
 .text.drawScroll24x24Char
                0x10002390       0xb8 CMakeFiles/station_main.dir/station_disp.c.obj
                0x10002390                drawScroll24x24Char
 .text.drawRailway
                0x10002448       0x90 CMakeFiles/station_main.dir/station_disp.c.obj
                0x10002448                drawRailway
 .text.drawMapInfo
                0x100024d8       0xd4 CMakeFiles/station_main.dir/station_disp.c.obj
                0x100024d8                drawMapInfo
 .text.drawApproaching
                0x100025ac       0x80 CMakeFiles/station_main.dir/station_disp.c.obj
                0x100025ac                drawApproaching
 .text.initializeClock
                0x1000262c       0x10 CMakeFiles/station_main.dir/timer_ctrl.c.obj
                0x1000262c                initializeClock
 .text.getClock
                0x1000263c       0x2c CMakeFiles/station_main.dir/timer_ctrl.c.obj
                0x1000263c                getClock
 .text.repeating_timer_callback
                0x10002668       0xe0 CMakeFiles/station_main.dir/timer_ctrl.c.obj
                0x10002668                repeating_timer_callback
 .text.clear100msecTimer
                0x10002748        0xc CMakeFiles/station_main.dir/timer_ctrl.c.obj
                0x10002748                clear100msecTimer
 .text.brinktimer
                0x10002754       0x14 CMakeFiles/station_main.dir/timer_ctrl.c.obj
                0x10002754                brinktimer
 .text.chk10msec
                0x10002768       0x14 CMakeFiles/station_main.dir/timer_ctrl.c.obj
                0x10002768                chk10msec
 .text.isBefore
                0x1000277c       0x34 CMakeFiles/station_main.dir/timer_ctrl.c.obj
                0x1000277c                isBefore
 .text.getTimeDifference
                0x100027b0       0x54 CMakeFiles/station_main.dir/timer_ctrl.c.obj
                0x100027b0                getTimeDifference
 .text.call_back_core1
                0x10002804      0x104 CMakeFiles/station_main.dir/core1_sound.c.obj
                0x10002804                call_back_core1
 .text.core1_main
                0x10002908       0x90 CMakeFiles/station_main.dir/core1_sound.c.obj
                0x10002908                core1_main
 .text.announceTrainApproach
                0x10002998       0x3c CMakeFiles/station_main.dir/core1_sound.c.obj
                0x10002998                announceTrainApproach
 .text.playDepartureMelody
                0x100029d4       0x3c CMakeFiles/station_main.dir/core1_sound.c.obj
                0x100029d4                playDepartureMelody
 .text.announceDoorCloseing
                0x10002a10       0x3c CMakeFiles/station_main.dir/core1_sound.c.obj
                0x10002a10                announceDoorCloseing
 .text.isSoundStop
                0x10002a4c       0x2c CMakeFiles/station_main.dir/core1_sound.c.obj
                0x10002a4c                isSoundStop
 .text.check_buttons
                0x10002a78      0x118 CMakeFiles/station_main.dir/button.c.obj
                0x10002a78                check_buttons
 .text.clear_button_released_flag
                0x10002b90       0x14 CMakeFiles/station_main.dir/button.c.obj
                0x10002b90                clear_button_released_flag
 .text.is_button_released_flag_lineno
                0x10002ba4       0x20 CMakeFiles/station_main.dir/button.c.obj
                0x10002ba4                is_button_released_flag_lineno
 .text.clear_button_released_flag_lineno
                0x10002bc4       0x18 CMakeFiles/station_main.dir/button.c.obj
                0x10002bc4                clear_button_released_flag_lineno
 .text.gpio_set_function
                0x10002bdc       0x34 CMakeFiles/station_main.dir/C_/Users/yamap/.pico-sdk/sdk/2.0.0/src/rp2_common/hardware_gpio/gpio.c.obj
                0x10002bdc                gpio_set_function
 .text.gpio_set_pulls
                0x10002c10       0x28 CMakeFiles/station_main.dir/C_/Users/yamap/.pico-sdk/sdk/2.0.0/src/rp2_common/hardware_gpio/gpio.c.obj
                0x10002c10                gpio_set_pulls
 .text.gpio_init
                0x10002c38       0x40 CMakeFiles/station_main.dir/C_/Users/yamap/.pico-sdk/sdk/2.0.0/src/rp2_common/hardware_gpio/gpio.c.obj
                0x10002c38                gpio_init
 .text.panic    0x10002c78       0x30 CMakeFiles/station_main.dir/C_/Users/yamap/.pico-sdk/sdk/2.0.0/src/rp2_common/pico_platform_panic/panic.c.obj
                0x10002c78                panic
 .text.hw_claim_or_assert
                0x10002ca8       0x44 CMakeFiles/station_main.dir/C_/Users/yamap/.pico-sdk/sdk/2.0.0/src/common/hardware_claim/claim.c.obj
                0x10002ca8                hw_claim_or_assert
 .text.next_striped_spin_lock_num
                0x10002cec       0x18 CMakeFiles/station_main.dir/C_/Users/yamap/.pico-sdk/sdk/2.0.0/src/rp2_common/hardware_sync/sync.c.obj
                0x10002cec                next_striped_spin_lock_num
 .text.spin_locks_reset
                0x10002d04       0x1c CMakeFiles/station_main.dir/C_/Users/yamap/.pico-sdk/sdk/2.0.0/src/rp2_common/hardware_sync_spin_lock/sync_spin_lock.c.obj
                0x10002d04                spin_locks_reset
 .text.runtime_init_per_core_irq_priorities
                0x10002d20       0x24 CMakeFiles/station_main.dir/C_/Users/yamap/.pico-sdk/sdk/2.0.0/src/rp2_common/hardware_irq/irq.c.obj
                0x10002d20                runtime_init_per_core_irq_priorities
 .text.irq_set_enabled
                0x10002d44       0x24 CMakeFiles/station_main.dir/C_/Users/yamap/.pico-sdk/sdk/2.0.0/src/rp2_common/hardware_irq/irq.c.obj
                0x10002d44                irq_set_enabled
 .text.irq_is_enabled
                0x10002d68       0x18 CMakeFiles/station_main.dir/C_/Users/yamap/.pico-sdk/sdk/2.0.0/src/rp2_common/hardware_irq/irq.c.obj
                0x10002d68                irq_is_enabled
 .text.irq_set_exclusive_handler
                0x10002d80       0x54 CMakeFiles/station_main.dir/C_/Users/yamap/.pico-sdk/sdk/2.0.0/src/rp2_common/hardware_irq/irq.c.obj
                0x10002d80                irq_set_exclusive_handler
 .text.sem_init
                0x10002dd4       0x20 CMakeFiles/station_main.dir/C_/Users/yamap/.pico-sdk/sdk/2.0.0/src/common/pico_sync/sem.c.obj
                0x10002dd4                sem_init
 .text.lock_init
                0x10002df4       0x10 CMakeFiles/station_main.dir/C_/Users/yamap/.pico-sdk/sdk/2.0.0/src/common/pico_sync/lock_core.c.obj
                0x10002df4                lock_init
 .text.runtime_init_mutex
                0x10002e04       0x50 CMakeFiles/station_main.dir/C_/Users/yamap/.pico-sdk/sdk/2.0.0/src/common/pico_sync/mutex.c.obj
                0x10002e04                runtime_init_mutex
 .text.sleep_until_callback
                0x10002e54       0x30 CMakeFiles/station_main.dir/C_/Users/yamap/.pico-sdk/sdk/2.0.0/src/common/pico_time/time.c.obj
 .text.alarm_pool_irq_handler
                0x10002e84      0x2e4 CMakeFiles/station_main.dir/C_/Users/yamap/.pico-sdk/sdk/2.0.0/src/common/pico_time/time.c.obj
 .text.runtime_init_default_alarm_pool
                0x10003168       0xdc CMakeFiles/station_main.dir/C_/Users/yamap/.pico-sdk/sdk/2.0.0/src/common/pico_time/time.c.obj
                0x10003168                runtime_init_default_alarm_pool
 .text.alarm_pool_get_default
                0x10003244        0x8 CMakeFiles/station_main.dir/C_/Users/yamap/.pico-sdk/sdk/2.0.0/src/common/pico_time/time.c.obj
                0x10003244                alarm_pool_get_default
 .text.alarm_pool_add_alarm_at_force_in_context
                0x1000324c       0xb0 CMakeFiles/station_main.dir/C_/Users/yamap/.pico-sdk/sdk/2.0.0/src/common/pico_time/time.c.obj
                0x1000324c                alarm_pool_add_alarm_at_force_in_context
 .text.alarm_pool_cancel_alarm
                0x100032fc       0x74 CMakeFiles/station_main.dir/C_/Users/yamap/.pico-sdk/sdk/2.0.0/src/common/pico_time/time.c.obj
                0x100032fc                alarm_pool_cancel_alarm
 .text.sleep_until
                0x10003370       0xd8 CMakeFiles/station_main.dir/C_/Users/yamap/.pico-sdk/sdk/2.0.0/src/common/pico_time/time.c.obj
                0x10003370                sleep_until
 .text.sleep_ms
                0x10003448       0x38 CMakeFiles/station_main.dir/C_/Users/yamap/.pico-sdk/sdk/2.0.0/src/common/pico_time/time.c.obj
                0x10003448                sleep_ms
 .text.best_effort_wfe_or_timeout
                0x10003480      0x134 CMakeFiles/station_main.dir/C_/Users/yamap/.pico-sdk/sdk/2.0.0/src/common/pico_time/time.c.obj
                0x10003480                best_effort_wfe_or_timeout
 .text.alarm_pool_add_repeating_timer_us
                0x100035b4      0x128 CMakeFiles/station_main.dir/C_/Users/yamap/.pico-sdk/sdk/2.0.0/src/common/pico_time/time.c.obj
                0x100035b4                alarm_pool_add_repeating_timer_us
 .text.timer_hardware_alarm_claim
                0x100036dc       0x14 CMakeFiles/station_main.dir/C_/Users/yamap/.pico-sdk/sdk/2.0.0/src/rp2_common/hardware_timer/timer.c.obj
                0x100036dc                timer_hardware_alarm_claim
 .text.timer_time_us_64
                0x100036f0       0x10 CMakeFiles/station_main.dir/C_/Users/yamap/.pico-sdk/sdk/2.0.0/src/rp2_common/hardware_timer/timer.c.obj
                0x100036f0                timer_time_us_64
 .text.time_us_64
                0x10003700       0x14 CMakeFiles/station_main.dir/C_/Users/yamap/.pico-sdk/sdk/2.0.0/src/rp2_common/hardware_timer/timer.c.obj
                0x10003700                time_us_64
 .text.busy_wait_until
                0x10003714       0x20 CMakeFiles/station_main.dir/C_/Users/yamap/.pico-sdk/sdk/2.0.0/src/rp2_common/hardware_timer/timer.c.obj
                0x10003714                busy_wait_until
 .text.clock_configure_int_divider
                0x10003734       0xf4 CMakeFiles/station_main.dir/C_/Users/yamap/.pico-sdk/sdk/2.0.0/src/rp2_common/hardware_clocks/clocks.c.obj
                0x10003734                clock_configure_int_divider
 .text.clock_configure_undivided
                0x10003828       0xe8 CMakeFiles/station_main.dir/C_/Users/yamap/.pico-sdk/sdk/2.0.0/src/rp2_common/hardware_clocks/clocks.c.obj
                0x10003828                clock_configure_undivided
 .text.clock_get_hz
                0x10003910        0xc CMakeFiles/station_main.dir/C_/Users/yamap/.pico-sdk/sdk/2.0.0/src/rp2_common/hardware_clocks/clocks.c.obj
                0x10003910                clock_get_hz
 .text.pll_init
                0x1000391c       0xa4 CMakeFiles/station_main.dir/C_/Users/yamap/.pico-sdk/sdk/2.0.0/src/rp2_common/hardware_pll/pll.c.obj
                0x1000391c                pll_init
 .text.tick_start
                0x100039c0       0x10 CMakeFiles/station_main.dir/C_/Users/yamap/.pico-sdk/sdk/2.0.0/src/rp2_common/hardware_ticks/ticks.c.obj
                0x100039c0                tick_start
 .text.xosc_init
                0x100039d0       0x28 CMakeFiles/station_main.dir/C_/Users/yamap/.pico-sdk/sdk/2.0.0/src/rp2_common/hardware_xosc/xosc.c.obj
                0x100039d0                xosc_init
 .text.first_per_core_initializer
                0x100039f8        0x4 CMakeFiles/station_main.dir/C_/Users/yamap/.pico-sdk/sdk/2.0.0/src/rp2_common/pico_runtime/runtime.c.obj
 .text.hard_assertion_failure
                0x100039fc        0xc CMakeFiles/station_main.dir/C_/Users/yamap/.pico-sdk/sdk/2.0.0/src/rp2_common/pico_runtime/runtime.c.obj
                0x100039fc                hard_assertion_failure
 .text.runtime_run_initializers
                0x10003a08       0x28 CMakeFiles/station_main.dir/C_/Users/yamap/.pico-sdk/sdk/2.0.0/src/rp2_common/pico_runtime/runtime.c.obj
                0x10003a08                runtime_run_initializers
 .text.runtime_run_per_core_initializers
                0x10003a30       0x28 CMakeFiles/station_main.dir/C_/Users/yamap/.pico-sdk/sdk/2.0.0/src/rp2_common/pico_runtime/runtime.c.obj
                0x10003a30                runtime_run_per_core_initializers
 .text.runtime_init_early_resets
                0x10003a58       0x2c CMakeFiles/station_main.dir/C_/Users/yamap/.pico-sdk/sdk/2.0.0/src/rp2_common/pico_runtime_init/runtime_init.c.obj
                0x10003a58                runtime_init_early_resets
 .text.runtime_init_usb_power_down
                0x10003a84       0x1c CMakeFiles/station_main.dir/C_/Users/yamap/.pico-sdk/sdk/2.0.0/src/rp2_common/pico_runtime_init/runtime_init.c.obj
                0x10003a84                runtime_init_usb_power_down
 .text.runtime_init_post_clock_resets
                0x10003aa0       0x20 CMakeFiles/station_main.dir/C_/Users/yamap/.pico-sdk/sdk/2.0.0/src/rp2_common/pico_runtime_init/runtime_init.c.obj
                0x10003aa0                runtime_init_post_clock_resets
 .text.runtime_init_rp2040_gpio_ie_disable
                0x10003ac0       0x14 CMakeFiles/station_main.dir/C_/Users/yamap/.pico-sdk/sdk/2.0.0/src/rp2_common/pico_runtime_init/runtime_init.c.obj
                0x10003ac0                runtime_init_rp2040_gpio_ie_disable
 .text.runtime_init_spin_locks_reset
                0x10003ad4        0x8 CMakeFiles/station_main.dir/C_/Users/yamap/.pico-sdk/sdk/2.0.0/src/rp2_common/pico_runtime_init/runtime_init.c.obj
                0x10003ad4                runtime_init_spin_locks_reset
 .text.runtime_init_install_ram_vector_table
                0x10003adc       0x1c CMakeFiles/station_main.dir/C_/Users/yamap/.pico-sdk/sdk/2.0.0/src/rp2_common/pico_runtime_init/runtime_init.c.obj
                0x10003adc                runtime_init_install_ram_vector_table
 .text.runtime_init_clocks
                0x10003af8       0xd8 CMakeFiles/station_main.dir/C_/Users/yamap/.pico-sdk/sdk/2.0.0/src/rp2_common/pico_runtime_init/runtime_init_clocks.c.obj
                0x10003af8                runtime_init_clocks
 .text          0x10003bd0       0x10 CMakeFiles/station_main.dir/C_/Users/yamap/.pico-sdk/sdk/2.0.0/src/rp2_common/pico_bit_ops/bit_ops_aeabi.S.obj
 .text.rom_func_lookup
                0x10003be0       0x10 CMakeFiles/station_main.dir/C_/Users/yamap/.pico-sdk/sdk/2.0.0/src/rp2_common/pico_bootrom/bootrom.c.obj
                0x10003be0                rom_func_lookup
 .text.rom_data_lookup
                0x10003bf0       0x10 CMakeFiles/station_main.dir/C_/Users/yamap/.pico-sdk/sdk/2.0.0/src/rp2_common/pico_bootrom/bootrom.c.obj
                0x10003bf0                rom_data_lookup
 .text.rom_funcs_lookup
                0x10003c00       0x44 CMakeFiles/station_main.dir/C_/Users/yamap/.pico-sdk/sdk/2.0.0/src/rp2_common/pico_bootrom/bootrom.c.obj
                0x10003c00                rom_funcs_lookup
 .text.__wrap___aeabi_idiv
                0x10003c44       0x50 CMakeFiles/station_main.dir/C_/Users/yamap/.pico-sdk/sdk/2.0.0/src/rp2_common/pico_divider/divider_hardware.S.obj
                0x10003c44                __wrap___aeabi_idivmod
                0x10003c44                divmod_s32s32
                0x10003c44                div_s32s32
                0x10003c44                __wrap___aeabi_idiv
                0x10003c4c                divmod_s32s32_unsafe
                0x10003c78                divmod_s32s32_savestate
 .text.__wrap___aeabi_uidiv
                0x10003c94       0x4c CMakeFiles/station_main.dir/C_/Users/yamap/.pico-sdk/sdk/2.0.0/src/rp2_common/pico_divider/divider_hardware.S.obj
                0x10003c94                __wrap___aeabi_uidiv
                0x10003c94                __wrap___aeabi_uidivmod
                0x10003c94                div_u32u32
                0x10003c94                divmod_u32u32
                0x10003c9c                divmod_u32u32_unsafe
                0x10003cc4                divmod_u32u32_savestate
 .text.__wrap___aeabi_ldiv
                0x10003ce0      0x424 CMakeFiles/station_main.dir/C_/Users/yamap/.pico-sdk/sdk/2.0.0/src/rp2_common/pico_divider/divider_hardware.S.obj
                0x10003ce0                div_s64s64
                0x10003ce0                divmod_s64s64
                0x10003ce0                __wrap___aeabi_ldivmod
                0x10003d10                divmod_u64u64
                0x10003d10                div_u64u64
                0x10003d10                __wrap___aeabi_uldivmod
                0x10003d20                divmod_u64u64_savestate
                0x10003d40                divmod_s64s64_unsafe
                0x10003dc8                divmod_u64u64_unsafe
 .text.__wrap___aeabi_darithmetic
                0x10004104       0x80 CMakeFiles/station_main.dir/C_/Users/yamap/.pico-sdk/sdk/2.0.0/src/rp2_common/pico_double/double_aeabi_rp2040.S.obj
                0x10004104                __wrap___aeabi_drsub
                0x1000410a                __wrap___aeabi_dsub
                0x1000411c                __wrap___aeabi_dadd
                0x1000412e                __wrap___aeabi_ddiv
                0x1000416a                __wrap___aeabi_dmul
 .text.__wrap___aeabi_cdcmple
                0x10004184       0x6c CMakeFiles/station_main.dir/C_/Users/yamap/.pico-sdk/sdk/2.0.0/src/rp2_common/pico_double/double_aeabi_rp2040.S.obj
                0x10004184                __wrap___aeabi_cdrcmple
                0x10004194                __wrap___aeabi_cdcmpeq
                0x10004194                __wrap___aeabi_cdcmple
 .text.__wrap___aeabi_dcmplt
                0x100041f0        0xc CMakeFiles/station_main.dir/C_/Users/yamap/.pico-sdk/sdk/2.0.0/src/rp2_common/pico_double/double_aeabi_rp2040.S.obj
                0x100041f0                __wrap___aeabi_dcmplt
 .text.__wrap___aeabi_dcmpge
                0x100041fc       0x10 CMakeFiles/station_main.dir/C_/Users/yamap/.pico-sdk/sdk/2.0.0/src/rp2_common/pico_double/double_aeabi_rp2040.S.obj
                0x100041fc                __wrap___aeabi_dcmpge
 .text.__wrap___aeabi_dcmpgt
                0x1000420c        0xa CMakeFiles/station_main.dir/C_/Users/yamap/.pico-sdk/sdk/2.0.0/src/rp2_common/pico_double/double_aeabi_rp2040.S.obj
                0x1000420c                __wrap___aeabi_dcmpgt
 .text.__wrap___aeabi_dcmpun
                0x10004216       0x18 CMakeFiles/station_main.dir/C_/Users/yamap/.pico-sdk/sdk/2.0.0/src/rp2_common/pico_double/double_aeabi_rp2040.S.obj
                0x10004216                __wrap___aeabi_dcmpun
 *fill*         0x1000422e        0x2 
 .text.__wrap___aeabi_i2d
                0x10004230       0x38 CMakeFiles/station_main.dir/C_/Users/yamap/.pico-sdk/sdk/2.0.0/src/rp2_common/pico_double/double_aeabi_rp2040.S.obj
                0x10004230                __wrap___aeabi_ui2d
                0x10004238                __wrap___aeabi_i2d
 .text.__wrap___aeabi_d2iz
                0x10004268       0x48 CMakeFiles/station_main.dir/C_/Users/yamap/.pico-sdk/sdk/2.0.0/src/rp2_common/pico_double/double_aeabi_rp2040.S.obj
                0x10004268                double2int_z
                0x10004268                __wrap___aeabi_d2iz
 .text.__wrap___aeabi_d2uiz
                0x100042b0       0x18 CMakeFiles/station_main.dir/C_/Users/yamap/.pico-sdk/sdk/2.0.0/src/rp2_common/pico_double/double_aeabi_rp2040.S.obj
                0x100042b0                __wrap___aeabi_d2uiz
                0x100042b0                double2uint
 .text.__aeabi_double_init
                0x100042c8       0xa4 CMakeFiles/station_main.dir/C_/Users/yamap/.pico-sdk/sdk/2.0.0/src/rp2_common/pico_double/double_init_rom_rp2040.c.obj
                0x100042c8                __aeabi_double_init
 .text.double_table_shim_on_use_helper
                0x1000436c       0x2c CMakeFiles/station_main.dir/C_/Users/yamap/.pico-sdk/sdk/2.0.0/src/rp2_common/pico_double/double_v1_rom_shim_rp2040.S.obj
                0x1000436c                double_table_shim_on_use_helper
 .text.__wrap___aeabi_dsub
                0x10004398       0x10 CMakeFiles/station_main.dir/C_/Users/yamap/.pico-sdk/sdk/2.0.0/src/rp2_common/pico_double/double_v1_rom_shim_rp2040.S.obj
                0x10004398                drsub_shim
                0x1000439e                dsub_shim
 .text.dadd_shim
                0x100043a8      0x15c CMakeFiles/station_main.dir/C_/Users/yamap/.pico-sdk/sdk/2.0.0/src/rp2_common/pico_double/double_v1_rom_shim_rp2040.S.obj
                0x100043a8                dadd_shim
 .text.dmul_shim
                0x10004504      0x15c CMakeFiles/station_main.dir/C_/Users/yamap/.pico-sdk/sdk/2.0.0/src/rp2_common/pico_double/double_v1_rom_shim_rp2040.S.obj
                0x10004504                dmul_shim
 .text.ddiv_shim
                0x10004660      0x1b0 CMakeFiles/station_main.dir/C_/Users/yamap/.pico-sdk/sdk/2.0.0/src/rp2_common/pico_double/double_v1_rom_shim_rp2040.S.obj
                0x10004660                ddiv_shim
 .text.double2uint_shim
                0x10004810        0xe CMakeFiles/station_main.dir/C_/Users/yamap/.pico-sdk/sdk/2.0.0/src/rp2_common/pico_double/double_v1_rom_shim_rp2040.S.obj
                0x10004810                double2uint_shim
                0x10004812                double2ufix_shim
 *fill*         0x1000481e        0x2 
 .text.double2uint64_shim
                0x10004820       0x70 CMakeFiles/station_main.dir/C_/Users/yamap/.pico-sdk/sdk/2.0.0/src/rp2_common/pico_double/double_v1_rom_shim_rp2040.S.obj
                0x10004820                double2uint64_shim
                0x10004822                double2ufix64_shim
                0x10004842                d2fix_a
 .text.dunpacks
                0x10004890       0x3c CMakeFiles/station_main.dir/C_/Users/yamap/.pico-sdk/sdk/2.0.0/src/rp2_common/pico_double/double_v1_rom_shim_rp2040.S.obj
                0x10004890                dunpacks
 .text.__aeabi_lmul
                0x100048cc       0x32 CMakeFiles/station_main.dir/C_/Users/yamap/.pico-sdk/sdk/2.0.0/src/rp2_common/pico_int64_ops/pico_int64_ops_aeabi.S.obj
                0x100048cc                __wrap___aeabi_lmul
 *fill*         0x100048fe        0x2 
 .text.__aeabi_float_init
                0x10004900       0x64 CMakeFiles/station_main.dir/C_/Users/yamap/.pico-sdk/sdk/2.0.0/src/rp2_common/pico_float/float_init_rom_rp2040.c.obj
                0x10004900                __aeabi_float_init
 .text.float_table_shim_on_use_helper
                0x10004964       0x2c CMakeFiles/station_main.dir/C_/Users/yamap/.pico-sdk/sdk/2.0.0/src/rp2_common/pico_float/float_v1_rom_shim_rp2040.S.obj
                0x10004964                float_table_shim_on_use_helper
 .text          0x10004990       0x10 CMakeFiles/station_main.dir/C_/Users/yamap/.pico-sdk/sdk/2.0.0/src/rp2_common/pico_mem_ops/mem_ops_aeabi.S.obj
                0x10004990                __aeabi_mem_init
 .text.memcpy   0x100049a0        0xc CMakeFiles/station_main.dir/C_/Users/yamap/.pico-sdk/sdk/2.0.0/src/rp2_common/pico_mem_ops/mem_ops_aeabi.S.obj
                0x100049a0                __wrap_memcpy
                0x100049a0                __wrap___aeabi_memcpy
 .text._out_buffer
                0x100049ac        0x8 CMakeFiles/station_main.dir/C_/Users/yamap/.pico-sdk/sdk/2.0.0/src/rp2_common/pico_printf/printf.c.obj
 .text._out_null
                0x100049b4        0x4 CMakeFiles/station_main.dir/C_/Users/yamap/.pico-sdk/sdk/2.0.0/src/rp2_common/pico_printf/printf.c.obj
 .text._out_rev
                0x100049b8       0xac CMakeFiles/station_main.dir/C_/Users/yamap/.pico-sdk/sdk/2.0.0/src/rp2_common/pico_printf/printf.c.obj
 .text._ntoa_format
                0x10004a64      0x250 CMakeFiles/station_main.dir/C_/Users/yamap/.pico-sdk/sdk/2.0.0/src/rp2_common/pico_printf/printf.c.obj
 .text._out_char
                0x10004cb4       0x10 CMakeFiles/station_main.dir/C_/Users/yamap/.pico-sdk/sdk/2.0.0/src/rp2_common/pico_printf/printf.c.obj
 .text._out_fct
                0x10004cc4       0x10 CMakeFiles/station_main.dir/C_/Users/yamap/.pico-sdk/sdk/2.0.0/src/rp2_common/pico_printf/printf.c.obj
 .text._etoa    0x10004cd4      0x464 CMakeFiles/station_main.dir/C_/Users/yamap/.pico-sdk/sdk/2.0.0/src/rp2_common/pico_printf/printf.c.obj
 .text._ftoa    0x10005138      0x3c0 CMakeFiles/station_main.dir/C_/Users/yamap/.pico-sdk/sdk/2.0.0/src/rp2_common/pico_printf/printf.c.obj
 .text._vsnprintf
                0x100054f8      0xbc8 CMakeFiles/station_main.dir/C_/Users/yamap/.pico-sdk/sdk/2.0.0/src/rp2_common/pico_printf/printf.c.obj
 .text.__wrap_vsnprintf
                0x100060c0       0x1c CMakeFiles/station_main.dir/C_/Users/yamap/.pico-sdk/sdk/2.0.0/src/rp2_common/pico_printf/printf.c.obj
                0x100060c0                __wrap_vsnprintf
 .text.vfctprintf
                0x100060dc       0x20 CMakeFiles/station_main.dir/C_/Users/yamap/.pico-sdk/sdk/2.0.0/src/rp2_common/pico_printf/printf.c.obj
                0x100060dc                vfctprintf
 .text.weak_raw_vprintf
                0x100060fc       0x30 CMakeFiles/station_main.dir/C_/Users/yamap/.pico-sdk/sdk/2.0.0/src/rp2_common/pico_printf/printf.c.obj
                0x100060fc                weak_raw_vprintf
 .text._exit    0x1000612c        0x4 CMakeFiles/station_main.dir/C_/Users/yamap/.pico-sdk/sdk/2.0.0/src/rp2_common/pico_clib_interface/newlib_interface.c.obj
                0x1000612c                _exit
 .text.exit     0x10006130        0x8 CMakeFiles/station_main.dir/C_/Users/yamap/.pico-sdk/sdk/2.0.0/src/rp2_common/pico_clib_interface/newlib_interface.c.obj
                0x10006130                exit
 .text.runtime_init
                0x10006138       0x2c CMakeFiles/station_main.dir/C_/Users/yamap/.pico-sdk/sdk/2.0.0/src/rp2_common/pico_clib_interface/newlib_interface.c.obj
                0x10006138                runtime_init
 .text.stdio_out_chars_no_crlf
                0x10006164       0x10 CMakeFiles/station_main.dir/C_/Users/yamap/.pico-sdk/sdk/2.0.0/src/rp2_common/pico_stdio/stdio.c.obj
 .text.stdio_out_chars_crlf
                0x10006174       0x94 CMakeFiles/station_main.dir/C_/Users/yamap/.pico-sdk/sdk/2.0.0/src/rp2_common/pico_stdio/stdio.c.obj
 .text.stdio_buffered_printer
                0x10006208       0x64 CMakeFiles/station_main.dir/C_/Users/yamap/.pico-sdk/sdk/2.0.0/src/rp2_common/pico_stdio/stdio.c.obj
 .text.stdio_put_string
                0x1000626c      0x100 CMakeFiles/station_main.dir/C_/Users/yamap/.pico-sdk/sdk/2.0.0/src/rp2_common/pico_stdio/stdio.c.obj
                0x1000626c                stdio_put_string
 .text.stdio_init_all
                0x1000636c        0x4 CMakeFiles/station_main.dir/C_/Users/yamap/.pico-sdk/sdk/2.0.0/src/rp2_common/pico_stdio/stdio.c.obj
                0x1000636c                stdio_init_all
 .text.__wrap_putchar
                0x10006370       0x98 CMakeFiles/station_main.dir/C_/Users/yamap/.pico-sdk/sdk/2.0.0/src/rp2_common/pico_stdio/stdio.c.obj
                0x10006370                __wrap_putchar
                0x10006370                stdio_putchar
 .text.__wrap_puts
                0x10006408       0x3c CMakeFiles/station_main.dir/C_/Users/yamap/.pico-sdk/sdk/2.0.0/src/rp2_common/pico_stdio/stdio.c.obj
                0x10006408                stdio_puts
                0x10006408                __wrap_puts
 .text.__wrap_vprintf
                0x10006444       0xd4 CMakeFiles/station_main.dir/C_/Users/yamap/.pico-sdk/sdk/2.0.0/src/rp2_common/pico_stdio/stdio.c.obj
                0x10006444                stdio_vprintf
                0x10006444                __wrap_vprintf
 .text.__wrap_printf
                0x10006518       0x18 CMakeFiles/station_main.dir/C_/Users/yamap/.pico-sdk/sdk/2.0.0/src/rp2_common/pico_stdio/stdio.c.obj
                0x10006518                __wrap_printf
                0x10006518                stdio_printf
 .text.spi_init
                0x10006530      0x13c CMakeFiles/station_main.dir/C_/Users/yamap/.pico-sdk/sdk/2.0.0/src/rp2_common/hardware_spi/spi.c.obj
                0x10006530                spi_init
 .text.core1_trampoline
                0x1000666c        0x4 CMakeFiles/station_main.dir/C_/Users/yamap/.pico-sdk/sdk/2.0.0/src/rp2_common/pico_multicore/multicore.c.obj
 .text.core1_wrapper
                0x10006670        0xc CMakeFiles/station_main.dir/C_/Users/yamap/.pico-sdk/sdk/2.0.0/src/rp2_common/pico_multicore/multicore.c.obj
                0x10006670                core1_wrapper
 .text.multicore_launch_core1_raw
                0x1000667c       0x84 CMakeFiles/station_main.dir/C_/Users/yamap/.pico-sdk/sdk/2.0.0/src/rp2_common/pico_multicore/multicore.c.obj
                0x1000667c                multicore_launch_core1_raw
 .text.multicore_launch_core1
                0x10006700       0x58 CMakeFiles/station_main.dir/C_/Users/yamap/.pico-sdk/sdk/2.0.0/src/rp2_common/pico_multicore/multicore.c.obj
                0x10006700                multicore_launch_core1
 .text.strlen   0x10006758       0x5c C:/Users/yamap/.pico-sdk/toolchain/13_2_Rel1/bin/../lib/gcc/arm-none-eabi/13.2.1/thumb/v6-m/nofp\libg.a(libc_a-strlen-stub.o)
                0x10006758                strlen
 *(.fini)
 .fini          0x100067b4        0x4 C:/Users/yamap/.pico-sdk/toolchain/13_2_Rel1/bin/../lib/gcc/arm-none-eabi/13.2.1/thumb/v6-m/nofp/crti.o
                0x100067b4                _fini
 .fini.__stub   0x100067b8       0x70 linker stubs
 *crtbegin.o(.ctors)
 *crtbegin?.o(.ctors)
 *(EXCLUDE_FILE(*crtend.o *crtend?.o) .ctors)
 *(SORT_BY_NAME(.ctors.*))
 *(.ctors)
 *crtbegin.o(.dtors)
 *crtbegin?.o(.dtors)
 *(EXCLUDE_FILE(*crtend.o *crtend?.o) .dtors)
 *(SORT_BY_NAME(.dtors.*))
 *(.dtors)
                0x10006828                        . = ALIGN (0x4)
                0x10006828                        PROVIDE (__preinit_array_start = .)
 *(SORT_BY_NAME(.preinit_array.*))
 .preinit_array.00100
                0x10006828        0x4 CMakeFiles/station_main.dir/C_/Users/yamap/.pico-sdk/sdk/2.0.0/src/rp2_common/pico_runtime_init/runtime_init.c.obj
                0x10006828                __pre_init_runtime_init_early_resets
 .preinit_array.00101
                0x1000682c        0x4 CMakeFiles/station_main.dir/C_/Users/yamap/.pico-sdk/sdk/2.0.0/src/rp2_common/pico_runtime_init/runtime_init.c.obj
                0x1000682c                __pre_init_runtime_init_usb_power_down
 .preinit_array.00275
                0x10006830        0x4 CMakeFiles/station_main.dir/C_/Users/yamap/.pico-sdk/sdk/2.0.0/src/rp2_common/pico_bit_ops/bit_ops_aeabi.S.obj
 .preinit_array.00300
                0x10006834        0x4 CMakeFiles/station_main.dir/C_/Users/yamap/.pico-sdk/sdk/2.0.0/src/rp2_common/pico_mem_ops/mem_ops_aeabi.S.obj
 .preinit_array.00350
                0x10006838        0x4 CMakeFiles/station_main.dir/C_/Users/yamap/.pico-sdk/sdk/2.0.0/src/rp2_common/pico_double/double_aeabi_rp2040.S.obj
 .preinit_array.00350
                0x1000683c        0x4 CMakeFiles/station_main.dir/C_/Users/yamap/.pico-sdk/sdk/2.0.0/src/rp2_common/pico_float/float_aeabi_rp2040.S.obj
 .preinit_array.00500
                0x10006840        0x4 CMakeFiles/station_main.dir/C_/Users/yamap/.pico-sdk/sdk/2.0.0/src/rp2_common/pico_runtime_init/runtime_init.c.obj
                0x10006840                __pre_init_runtime_init_clocks
 .preinit_array.00600
                0x10006844        0x4 CMakeFiles/station_main.dir/C_/Users/yamap/.pico-sdk/sdk/2.0.0/src/rp2_common/pico_runtime_init/runtime_init.c.obj
                0x10006844                __pre_init_runtime_init_post_clock_resets
 .preinit_array.00700
                0x10006848        0x4 CMakeFiles/station_main.dir/C_/Users/yamap/.pico-sdk/sdk/2.0.0/src/rp2_common/pico_runtime_init/runtime_init.c.obj
                0x10006848                __pre_init_runtime_init_rp2040_gpio_ie_disable
 .preinit_array.01000
                0x1000684c        0x4 CMakeFiles/station_main.dir/C_/Users/yamap/.pico-sdk/sdk/2.0.0/src/rp2_common/pico_runtime_init/runtime_init.c.obj
                0x1000684c                __pre_init_runtime_init_spin_locks_reset
 .preinit_array.01100
                0x10006850        0x4 CMakeFiles/station_main.dir/C_/Users/yamap/.pico-sdk/sdk/2.0.0/src/common/pico_sync/mutex.c.obj
                0x10006850                __pre_init_runtime_init_mutex
 .preinit_array.10080
                0x10006854        0x4 CMakeFiles/station_main.dir/C_/Users/yamap/.pico-sdk/sdk/2.0.0/src/rp2_common/pico_runtime_init/runtime_init.c.obj
                0x10006854                __pre_init_runtime_init_install_ram_vector_table
 .preinit_array.11000
                0x10006858        0x4 CMakeFiles/station_main.dir/C_/Users/yamap/.pico-sdk/sdk/2.0.0/src/common/pico_time/time.c.obj
                0x10006858                __pre_init_runtime_init_default_alarm_pool
 .preinit_array.YYYYY
                0x1000685c        0x4 CMakeFiles/station_main.dir/C_/Users/yamap/.pico-sdk/sdk/2.0.0/src/rp2_common/pico_runtime/runtime.c.obj
                0x1000685c                __pre_init_first_per_core_initializer
 .preinit_array.ZZZZZ.01200
                0x10006860        0x4 CMakeFiles/station_main.dir/C_/Users/yamap/.pico-sdk/sdk/2.0.0/src/rp2_common/hardware_irq/irq.c.obj
                0x10006860                __pre_init_runtime_init_per_core_irq_priorities
 *(.preinit_array)
                0x10006864                        PROVIDE (__preinit_array_end = .)
                0x10006864                        . = ALIGN (0x4)
                0x10006864                        PROVIDE (__init_array_start = .)
 *(SORT_BY_NAME(.init_array.*))
 *(.init_array)
 .init_array    0x10006864        0x4 C:/Users/yamap/.pico-sdk/toolchain/13_2_Rel1/bin/../lib/gcc/arm-none-eabi/13.2.1/thumb/v6-m/nofp/crtbegin.o
                0x10006868                        PROVIDE (__init_array_end = .)
                0x10006868                        . = ALIGN (0x4)
                [!provide]                        PROVIDE (__fini_array_start = .)
 *(SORT_BY_NAME(.fini_array.*))
 *(.fini_array)
                [!provide]                        PROVIDE (__fini_array_end = .)
 *(.eh_frame*)
 .eh_frame      0x10006868        0x0 C:/Users/yamap/.pico-sdk/toolchain/13_2_Rel1/bin/../lib/gcc/arm-none-eabi/13.2.1/thumb/v6-m/nofp/crtbegin.o
                0x10006868                        . = ALIGN (0x4)

.glue_7         0x10006868        0x0
 .glue_7        0x10006868        0x0 linker stubs

.glue_7t        0x10006868        0x0
 .glue_7t       0x10006868        0x0 linker stubs

.vfp11_veneer   0x10006868        0x0
 .vfp11_veneer  0x10006868        0x0 linker stubs

.v4_bx          0x10006868        0x0
 .v4_bx         0x10006868        0x0 linker stubs

.iplt           0x10006868        0x0
 .iplt          0x10006868        0x0 C:/Users/yamap/.pico-sdk/toolchain/13_2_Rel1/bin/../lib/gcc/arm-none-eabi/13.2.1/thumb/v6-m/nofp/crtbegin.o

.rodata         0x10006868    0x56094
 *(EXCLUDE_FILE(*libm.a: *libc.a:*lib_a-mem*.o *libgcc.a:) .rodata*)
 .rodata.setDisplayMode
                0x10006868       0x48 CMakeFiles/station_main.dir/station_main.c.obj
 .rodata.switchLanguage
                0x100068b0       0x3c CMakeFiles/station_main.dir/station_main.c.obj
 .rodata.drawLcdDisplay.str1.4
                0x100068ec      0x15d CMakeFiles/station_main.dir/station_main.c.obj
                                 0x36 (size before relaxing)
 *fill*         0x10006a49        0x3 
 .rodata.drawLcdDisplay
                0x10006a4c       0x40 CMakeFiles/station_main.dir/station_main.c.obj
 .rodata.main.str1.4
                0x10006a8c       0x94 CMakeFiles/station_main.dir/station_main.c.obj
 .rodata.main   0x10006a8c       0x14 CMakeFiles/station_main.dir/station_main.c.obj
 .rodata.font_data
                0x10006aa0      0x300 CMakeFiles/station_main.dir/font.c.obj
                0x10006aa0                font_data
 .rodata.BMP_DAT_DOWN
                0x10006da0     0x1680 CMakeFiles/station_main.dir/signboard_bmp240.c.obj
                0x10006da0                BMP_DAT_DOWN
 .rodata.BMP_DAT_UP
                0x10008420     0x1680 CMakeFiles/station_main.dir/signboard_bmp240.c.obj
                0x10008420                BMP_DAT_UP
 .rodata.BMP_PLT_DOWN
                0x10009aa0       0x20 CMakeFiles/station_main.dir/signboard_bmp240.c.obj
                0x10009aa0                BMP_PLT_DOWN
 .rodata.BMP_PLT_UP
                0x10009ac0       0x20 CMakeFiles/station_main.dir/signboard_bmp240.c.obj
                0x10009ac0                BMP_PLT_UP
 .rodata.CSWTCH.19
                0x10009ae0        0xc CMakeFiles/station_main.dir/station_disp.c.obj
 .rodata.SIGNBOARD24_3
                0x10009aec      0xe74 CMakeFiles/station_main.dir/station_signboard.c.obj
                0x10009aec                SIGNBOARD24_3
 .rodata.SIGNBOARD24_2
                0x1000a960     0x125c CMakeFiles/station_main.dir/station_signboard.c.obj
                0x1000a960                SIGNBOARD24_2
 .rodata.SIGNBOARD24_1
                0x1000bbbc      0x9c4 CMakeFiles/station_main.dir/station_signboard.c.obj
                0x1000bbbc                SIGNBOARD24_1
 .rodata.SIGNBOARD24APP_E
                0x1000c580      0x300 CMakeFiles/station_main.dir/stname.c.obj
                0x1000c580                SIGNBOARD24APP_E
 .rodata.SIGNBOARD24APP_J
                0x1000c880      0x300 CMakeFiles/station_main.dir/stname.c.obj
                0x1000c880                SIGNBOARD24APP_J
 .rodata.TRAIN_MODEL
                0x1000cb80       0x24 CMakeFiles/station_main.dir/stname.c.obj
                0x1000cb80                TRAIN_MODEL
 .rodata.RAILWAY_B
                0x1000cba4      0x120 CMakeFiles/station_main.dir/stname.c.obj
                0x1000cba4                RAILWAY_B
 .rodata.RAILWAY_A
                0x1000ccc4      0x120 CMakeFiles/station_main.dir/stname.c.obj
                0x1000ccc4                RAILWAY_A
 .rodata.MINUTE_NUM_B
                0x1000cde4      0x210 CMakeFiles/station_main.dir/stname.c.obj
                0x1000cde4                MINUTE_NUM_B
 .rodata.MINUTE_NUM
                0x1000cff4      0x1e0 CMakeFiles/station_main.dir/stname.c.obj
                0x1000cff4                MINUTE_NUM
 .rodata.MINUTE_LEFT_E
                0x1000d1d4      0x120 CMakeFiles/station_main.dir/stname.c.obj
                0x1000d1d4                MINUTE_LEFT_E
 .rodata.MINUTE_LEFT_J
                0x1000d2f4      0x120 CMakeFiles/station_main.dir/stname.c.obj
                0x1000d2f4                MINUTE_LEFT_J
 .rodata.trainTypeFONT24
                0x1000d414      0x6c0 CMakeFiles/station_main.dir/stname.c.obj
                0x1000d414                trainTypeFONT24
 .rodata.STNAME_FONT24
                0x1000dad4     0x1800 CMakeFiles/station_main.dir/stname.c.obj
                0x1000dad4                STNAME_FONT24
 .rodata.line2TB
                0x1000f2d4      0x3f2 CMakeFiles/station_main.dir/trainTimetable.c.obj
                0x1000f2d4                line2TB
 *fill*         0x1000f6c6        0x2 
 .rodata.line1TB
                0x1000f6c8      0x3e8 CMakeFiles/station_main.dir/trainTimetable.c.obj
                0x1000f6c8                line1TB
 .rodata.DOOR_CLOSE_SOUNDDATA2
                0x1000fab0     0x609b CMakeFiles/station_main.dir/sounddata.c.obj
                0x1000fab0                DOOR_CLOSE_SOUNDDATA2
 *fill*         0x10015b4b        0x1 
 .rodata.DOOR_CLOSE_SOUNDDATA1
                0x10015b4c     0x6609 CMakeFiles/station_main.dir/sounddata.c.obj
                0x10015b4c                DOOR_CLOSE_SOUNDDATA1
 *fill*         0x1001c155        0x3 
 .rodata.BELLDATA2
                0x1001c158     0xacd5 CMakeFiles/station_main.dir/sounddata.c.obj
                0x1001c158                BELLDATA2
 *fill*         0x10026e2d        0x3 
 .rodata.BELLDATA1
                0x10026e30     0xb028 CMakeFiles/station_main.dir/sounddata.c.obj
                0x10026e30                BELLDATA1
 .rodata.APPROACH_SOUNDDATA2
                0x10031e58    0x16bb8 CMakeFiles/station_main.dir/sounddata.c.obj
                0x10031e58                APPROACH_SOUNDDATA2
 .rodata.APPROACH_SOUNDDATA1
                0x10048a10    0x13ca0 CMakeFiles/station_main.dir/sounddata.c.obj
                0x10048a10                APPROACH_SOUNDDATA1
 .rodata.SILENT_SOUNDDATA
                0x1005c6b0        0x1 CMakeFiles/station_main.dir/sounddata.c.obj
                0x1005c6b0                SILENT_SOUNDDATA
 .rodata.panic.str1.4
                0x1005c6b1       0x12 CMakeFiles/station_main.dir/C_/Users/yamap/.pico-sdk/sdk/2.0.0/src/rp2_common/pico_platform_panic/panic.c.obj
 .rodata.timer_hardware_alarm_claim.str1.4
                0x1005c6b1       0x22 CMakeFiles/station_main.dir/C_/Users/yamap/.pico-sdk/sdk/2.0.0/src/rp2_common/hardware_timer/timer.c.obj
 .rodata.hard_assertion_failure.str1.4
                0x1005c6b1        0xc CMakeFiles/station_main.dir/C_/Users/yamap/.pico-sdk/sdk/2.0.0/src/rp2_common/pico_runtime/runtime.c.obj
 .rodata.str1.4
                0x1005c6b1       0x38 CMakeFiles/station_main.dir/C_/Users/yamap/.pico-sdk/sdk/2.0.0/src/rp2_common/pico_standard_binary_info/standard_binary_info.c.obj
 *fill*         0x1005c6b1        0x3 
 .rodata.__bi_84
                0x1005c6b4        0xc CMakeFiles/station_main.dir/C_/Users/yamap/.pico-sdk/sdk/2.0.0/src/rp2_common/pico_standard_binary_info/standard_binary_info.c.obj
 .rodata.__bi_60
                0x1005c6c0        0xc CMakeFiles/station_main.dir/C_/Users/yamap/.pico-sdk/sdk/2.0.0/src/rp2_common/pico_standard_binary_info/standard_binary_info.c.obj
 .rodata.__bi_54
                0x1005c6cc        0xc CMakeFiles/station_main.dir/C_/Users/yamap/.pico-sdk/sdk/2.0.0/src/rp2_common/pico_standard_binary_info/standard_binary_info.c.obj
 .rodata.__bi_48
                0x1005c6d8        0xc CMakeFiles/station_main.dir/C_/Users/yamap/.pico-sdk/sdk/2.0.0/src/rp2_common/pico_standard_binary_info/standard_binary_info.c.obj
 .rodata.__bi_42
                0x1005c6e4        0xc CMakeFiles/station_main.dir/C_/Users/yamap/.pico-sdk/sdk/2.0.0/src/rp2_common/pico_standard_binary_info/standard_binary_info.c.obj
 .rodata.__bi_34
                0x1005c6f0        0xc CMakeFiles/station_main.dir/C_/Users/yamap/.pico-sdk/sdk/2.0.0/src/rp2_common/pico_standard_binary_info/standard_binary_info.c.obj
 .rodata.__bi_26
                0x1005c6fc        0xc CMakeFiles/station_main.dir/C_/Users/yamap/.pico-sdk/sdk/2.0.0/src/rp2_common/pico_standard_binary_info/standard_binary_info.c.obj
 .rodata._ftoa.str1.4
                0x1005c708       0x15 CMakeFiles/station_main.dir/C_/Users/yamap/.pico-sdk/sdk/2.0.0/src/rp2_common/pico_printf/printf.c.obj
 .rodata._vsnprintf
                0x1005c708      0x19c CMakeFiles/station_main.dir/C_/Users/yamap/.pico-sdk/sdk/2.0.0/src/rp2_common/pico_printf/printf.c.obj
 *fill*         0x1005c8a4        0x4 
 .rodata.pow10.0
                0x1005c8a8       0x50 CMakeFiles/station_main.dir/C_/Users/yamap/.pico-sdk/sdk/2.0.0/src/rp2_common/pico_printf/printf.c.obj
 .rodata.crlf_str.0
                0x1005c8f8        0x2 CMakeFiles/station_main.dir/C_/Users/yamap/.pico-sdk/sdk/2.0.0/src/rp2_common/pico_stdio/stdio.c.obj
                0x1005c8fc                        . = ALIGN (0x4)
 *fill*         0x1005c8fa        0x2 
 *(SORT_BY_ALIGNMENT(SORT_BY_NAME(.flashdata*)))
                0x1005c8fc                        . = ALIGN (0x4)

.ARM.extab
 *(.ARM.extab* .gnu.linkonce.armextab.*)
                0x1005c8fc                        __exidx_start = .

.ARM.exidx
 *(.ARM.exidx* .gnu.linkonce.armexidx.*)
                0x1005c8fc                        __exidx_end = .
                0x1005c8fc                        . = ALIGN (0x4)
                0x1005c8fc                        __binary_info_start = .

.binary_info    0x1005c8fc       0x1c
 *(.binary_info.keep.*)
 .binary_info.keep.__bi_ptr84
                0x1005c8fc        0x4 CMakeFiles/station_main.dir/C_/Users/yamap/.pico-sdk/sdk/2.0.0/src/rp2_common/pico_standard_binary_info/standard_binary_info.c.obj
 .binary_info.keep.__bi_ptr60
                0x1005c900        0x4 CMakeFiles/station_main.dir/C_/Users/yamap/.pico-sdk/sdk/2.0.0/src/rp2_common/pico_standard_binary_info/standard_binary_info.c.obj
 .binary_info.keep.__bi_ptr54
                0x1005c904        0x4 CMakeFiles/station_main.dir/C_/Users/yamap/.pico-sdk/sdk/2.0.0/src/rp2_common/pico_standard_binary_info/standard_binary_info.c.obj
 .binary_info.keep.__bi_ptr48
                0x1005c908        0x4 CMakeFiles/station_main.dir/C_/Users/yamap/.pico-sdk/sdk/2.0.0/src/rp2_common/pico_standard_binary_info/standard_binary_info.c.obj
 .binary_info.keep.__bi_ptr42
                0x1005c90c        0x4 CMakeFiles/station_main.dir/C_/Users/yamap/.pico-sdk/sdk/2.0.0/src/rp2_common/pico_standard_binary_info/standard_binary_info.c.obj
 .binary_info.keep.__bi_ptr34
                0x1005c910        0x4 CMakeFiles/station_main.dir/C_/Users/yamap/.pico-sdk/sdk/2.0.0/src/rp2_common/pico_standard_binary_info/standard_binary_info.c.obj
 .binary_info.keep.__bi_ptr26
                0x1005c914        0x4 CMakeFiles/station_main.dir/C_/Users/yamap/.pico-sdk/sdk/2.0.0/src/rp2_common/pico_standard_binary_info/standard_binary_info.c.obj
 *(.binary_info.*)
                0x1005c918                        __binary_info_end = .

.rel.dyn        0x1005c918        0x0
 .rel.iplt      0x1005c918        0x0 C:/Users/yamap/.pico-sdk/toolchain/13_2_Rel1/bin/../lib/gcc/arm-none-eabi/13.2.1/thumb/v6-m/nofp/crtbegin.o
                0x1005c918                        . = ALIGN (0x4)

.ram_vector_table
                0x20000000       0xc0
 *(.ram_vector_table)
 .ram_vector_table
                0x20000000       0xc0 CMakeFiles/station_main.dir/C_/Users/yamap/.pico-sdk/sdk/2.0.0/src/rp2_common/pico_runtime_init/runtime_init.c.obj
                0x20000000                ram_vector_table

.uninitialized_data
                0x200000c0        0x0
                0x200000c0                        . = ALIGN (0x4)
 *(.uninitialized_data*)

.data           0x200000c0      0x250 load address 0x1005c918
                0x200000c0                        __data_start__ = .
 *(vtable)
 *(.time_critical*)
 .time_critical.sem_acquire_blocking
                0x200000c0       0x44 CMakeFiles/station_main.dir/C_/Users/yamap/.pico-sdk/sdk/2.0.0/src/common/pico_sync/sem.c.obj
                0x200000c0                sem_acquire_blocking
 .time_critical.sem_release
                0x20000104       0x4c CMakeFiles/station_main.dir/C_/Users/yamap/.pico-sdk/sdk/2.0.0/src/common/pico_sync/sem.c.obj
                0x20000104                sem_release
 .time_critical.mutex_try_enter_block_until
                0x20000150       0x9c CMakeFiles/station_main.dir/C_/Users/yamap/.pico-sdk/sdk/2.0.0/src/common/pico_sync/mutex.c.obj
                0x20000150                mutex_try_enter_block_until
 .time_critical.mutex_exit
                0x200001ec       0x28 CMakeFiles/station_main.dir/C_/Users/yamap/.pico-sdk/sdk/2.0.0/src/common/pico_sync/mutex.c.obj
                0x200001ec                mutex_exit
 .time_critical.spi_write_blocking
                0x20000214       0x4c CMakeFiles/station_main.dir/C_/Users/yamap/.pico-sdk/sdk/2.0.0/src/rp2_common/hardware_spi/spi.c.obj
                0x20000214                spi_write_blocking
 *(.text*)
 .text          0x20000260        0x4 C:/Users/yamap/.pico-sdk/toolchain/13_2_Rel1/bin/../lib/gcc/arm-none-eabi/13.2.1/thumb/v6-m/nofp\libgcc.a(_dvmd_tls.o)
                0x20000260                __aeabi_idiv0
                0x20000260                __aeabi_ldiv0
 *fill*         0x20000264        0x4 
 .text.__stub   0x20000268       0x10 linker stubs
                0x20000278                        . = ALIGN (0x4)
 *(.rodata*)
                0x20000278                        . = ALIGN (0x4)
 *(.data*)
 .data.isBlinkOn
                0x20000278        0x1 CMakeFiles/station_main.dir/station_main.c.obj
                0x20000278                isBlinkOn
 *fill*         0x20000279        0x3 
 .data.gLCD_printf_ColorF
                0x2000027c        0x4 CMakeFiles/station_main.dir/st7789.c.obj
                0x2000027c                gLCD_printf_ColorF
 .data.BMP_RAILWAY_B
                0x20000280       0x20 CMakeFiles/station_main.dir/stname.c.obj
                0x20000280                BMP_RAILWAY_B
 .data.buttons  0x200002a0       0x20 CMakeFiles/station_main.dir/button.c.obj
 .data.striped_spin_lock_num
                0x200002c0        0x1 CMakeFiles/station_main.dir/C_/Users/yamap/.pico-sdk/sdk/2.0.0/src/rp2_common/hardware_sync/sync.c.obj
 *fill*         0x200002c1        0x3 
 .data.default_alarm_pool
                0x200002c4       0x18 CMakeFiles/station_main.dir/C_/Users/yamap/.pico-sdk/sdk/2.0.0/src/common/pico_time/time.c.obj
 *fill*         0x200002dc        0x4 
 .data.aeabi_bits_funcs
                0x200002e0       0x10 CMakeFiles/station_main.dir/C_/Users/yamap/.pico-sdk/sdk/2.0.0/src/rp2_common/pico_bit_ops/bit_ops_aeabi.S.obj
                0x200002e0                aeabi_bits_funcs
                0x200002f0                aeabi_bits_funcs_end
 .data.aeabi_mem_funcs
                0x200002f0       0x10 CMakeFiles/station_main.dir/C_/Users/yamap/.pico-sdk/sdk/2.0.0/src/rp2_common/pico_mem_ops/mem_ops_aeabi.S.obj
                0x200002f0                aeabi_mem_funcs
                0x20000300                aeabi_mem_funcs_end
                0x20000300                        . = ALIGN (0x4)
 *(.after_data.*)
                0x20000300                        . = ALIGN (0x4)
                0x20000300                        PROVIDE (__mutex_array_start = .)
 *(SORT_BY_NAME(.mutex_array.*))
 *(.mutex_array)
 .mutex_array   0x20000300        0x8 CMakeFiles/station_main.dir/C_/Users/yamap/.pico-sdk/sdk/2.0.0/src/rp2_common/pico_malloc/malloc.c.obj
 .mutex_array   0x20000308        0x8 CMakeFiles/station_main.dir/C_/Users/yamap/.pico-sdk/sdk/2.0.0/src/rp2_common/pico_stdio/stdio.c.obj
                0x20000310                        PROVIDE (__mutex_array_end = .)
                0x20000310                        . = ALIGN (0x4)
 *(.jcr)
                0x20000310                        . = ALIGN (0x4)

.tm_clone_table
                0x20000310        0x0 load address 0x1005cb68
 .tm_clone_table
                0x20000310        0x0 C:/Users/yamap/.pico-sdk/toolchain/13_2_Rel1/bin/../lib/gcc/arm-none-eabi/13.2.1/thumb/v6-m/nofp/crtbegin.o
 .tm_clone_table
                0x20000310        0x0 C:/Users/yamap/.pico-sdk/toolchain/13_2_Rel1/bin/../lib/gcc/arm-none-eabi/13.2.1/thumb/v6-m/nofp/crtend.o

.igot.plt       0x20000310        0x0 load address 0x1005cb68
 .igot.plt      0x20000310        0x0 C:/Users/yamap/.pico-sdk/toolchain/13_2_Rel1/bin/../lib/gcc/arm-none-eabi/13.2.1/thumb/v6-m/nofp/crtbegin.o

.tdata          0x20000310        0x0 load address 0x1005cb68
                0x20000310                        . = ALIGN (0x4)
 *(.tdata .tdata.* .gnu.linkonce.td.*)
                0x20000310                        __tdata_end = .
                0x20000310                        PROVIDE (__data_end__ = .)
                0x1005c918                        __etext = LOADADDR (.data)

.tbss           0x20000310        0x0 load address 0x1005cb68
                0x20000310                        . = ALIGN (0x4)
                0x20000310                        __bss_start__ = .
                0x20000310                        __tls_base = .
 *(.tbss .tbss.* .gnu.linkonce.tb.*)
 *(.tcommon)
                0x20000310                        __tls_end = .

.bss            0x20000310      0x8dc load address 0x1005cb68
                0x20000310                        . = ALIGN (0x4)
                0x20000310                        __tbss_end = .
 *(SORT_BY_ALIGNMENT(SORT_BY_NAME(.bss*)))
 .bss.default_alarm_pool_entries
                0x20000310      0x180 CMakeFiles/station_main.dir/C_/Users/yamap/.pico-sdk/sdk/2.0.0/src/common/pico_time/time.c.obj
 .bss.sd_table  0x20000490      0x100 CMakeFiles/station_main.dir/C_/Users/yamap/.pico-sdk/sdk/2.0.0/src/rp2_common/pico_double/double_init_rom_rp2040.c.obj
                0x20000490                sd_table
 .bss.sf_table  0x20000590      0x100 CMakeFiles/station_main.dir/C_/Users/yamap/.pico-sdk/sdk/2.0.0/src/rp2_common/pico_float/float_init_rom_rp2040.c.obj
                0x20000590                sf_table
 .bss.claimed   0x20000690        0x1 CMakeFiles/station_main.dir/C_/Users/yamap/.pico-sdk/sdk/2.0.0/src/rp2_common/hardware_timer/timer.c.obj
 *fill*         0x20000691        0x3 
 .bss.configured_freq
                0x20000694       0x28 CMakeFiles/station_main.dir/C_/Users/yamap/.pico-sdk/sdk/2.0.0/src/rp2_common/hardware_clocks/clocks.c.obj
 .bss.drivers   0x200006bc        0x4 CMakeFiles/station_main.dir/C_/Users/yamap/.pico-sdk/sdk/2.0.0/src/rp2_common/pico_stdio/stdio.c.obj
 .bss.filter    0x200006c0        0x4 CMakeFiles/station_main.dir/C_/Users/yamap/.pico-sdk/sdk/2.0.0/src/rp2_common/pico_stdio/stdio.c.obj
 .bss.gLCD_printf_ColorB
                0x200006c4        0x4 CMakeFiles/station_main.dir/st7789.c.obj
                0x200006c4                gLCD_printf_ColorB
 .bss.gLCD_printf_PosX
                0x200006c8        0x4 CMakeFiles/station_main.dir/st7789.c.obj
                0x200006c8                gLCD_printf_PosX
 .bss.gLCD_printf_PosY
                0x200006cc        0x4 CMakeFiles/station_main.dir/st7789.c.obj
                0x200006cc                gLCD_printf_PosY
 .bss.gSpi_colordata
                0x200006d0      0x4b0 CMakeFiles/station_main.dir/st7789.c.obj
                0x200006d0                gSpi_colordata
 .bss.lazy_vsnprintf
                0x20000b80        0x4 CMakeFiles/station_main.dir/C_/Users/yamap/.pico-sdk/sdk/2.0.0/src/rp2_common/pico_printf/printf.c.obj
 .bss.lineSoundsts
                0x20000b84       0x10 CMakeFiles/station_main.dir/core1_sound.c.obj
                0x20000b84                lineSoundsts
 .bss.object.0  0x20000b94       0x18 C:/Users/yamap/.pico-sdk/toolchain/13_2_Rel1/bin/../lib/gcc/arm-none-eabi/13.2.1/thumb/v6-m/nofp/crtbegin.o
 .bss.pools     0x20000bac       0x10 CMakeFiles/station_main.dir/C_/Users/yamap/.pico-sdk/sdk/2.0.0/src/common/pico_time/time.c.obj
 .bss.sem       0x20000bbc        0x8 CMakeFiles/station_main.dir/station_main.c.obj
                0x20000bbc                sem
 .bss.sf_clz_func
                0x20000bc4        0x4 CMakeFiles/station_main.dir/C_/Users/yamap/.pico-sdk/sdk/2.0.0/src/rp2_common/pico_double/double_init_rom_rp2040.c.obj
                0x20000bc4                sf_clz_func
 .bss.sleep_notifier
                0x20000bc8        0x4 CMakeFiles/station_main.dir/C_/Users/yamap/.pico-sdk/sdk/2.0.0/src/common/pico_time/time.c.obj
 .bss.slice_num
                0x20000bcc        0x4 CMakeFiles/station_main.dir/core1_sound.c.obj
                0x20000bcc                slice_num
 .bss.time_now  0x20000bd0        0x4 CMakeFiles/station_main.dir/timer_ctrl.c.obj
                0x20000bd0                time_now
 .bss.brinktimer100msec
                0x20000bd4        0x2 CMakeFiles/station_main.dir/timer_ctrl.c.obj
                0x20000bd4                brinktimer100msec
 .bss.count10   0x20000bd6        0x2 CMakeFiles/station_main.dir/timer_ctrl.c.obj
                0x20000bd6                count10
 .bss.gSpidatanum
                0x20000bd8        0x2 CMakeFiles/station_main.dir/st7789.c.obj
                0x20000bd8                gSpidatanum
 .bss.offsetx   0x20000bda        0x2 CMakeFiles/station_main.dir/st7789.c.obj
                0x20000bda                offsetx
 .bss.offsety   0x20000bdc        0x2 CMakeFiles/station_main.dir/st7789.c.obj
                0x20000bdc                offsety
 .bss.phasetimer
                0x20000bde        0x2 CMakeFiles/station_main.dir/timer_ctrl.c.obj
                0x20000bde                phasetimer
 .bss.scrolltimer10msec
                0x20000be0        0x2 CMakeFiles/station_main.dir/timer_ctrl.c.obj
                0x20000be0                scrolltimer10msec
 .bss.timer100msec
                0x20000be2        0x2 CMakeFiles/station_main.dir/timer_ctrl.c.obj
                0x20000be2                timer100msec
 .bss.is100msecTiming
                0x20000be4        0x1 CMakeFiles/station_main.dir/timer_ctrl.c.obj
                0x20000be4                is100msecTiming
 .bss.is10msecTiming
                0x20000be5        0x1 CMakeFiles/station_main.dir/timer_ctrl.c.obj
                0x20000be5                is10msecTiming
 .bss.isChangeByTime
                0x20000be6        0x1 CMakeFiles/station_main.dir/station_main.c.obj
                0x20000be6                isChangeByTime
 .bss.isScrollTiming1
                0x20000be7        0x1 CMakeFiles/station_main.dir/timer_ctrl.c.obj
                0x20000be7                isScrollTiming1
 .bss.isScrollTiming2
                0x20000be8        0x1 CMakeFiles/station_main.dir/timer_ctrl.c.obj
                0x20000be8                isScrollTiming2
 *(COMMON)
                0x20000bec                        . = ALIGN (0x4)
 *fill*         0x20000be9        0x3 
                0x20000bec                        __bss_end__ = .

.heap           0x20000bec    0x3f414 load address 0x1005cb68
                0x20000bec                        __end__ = .
                0x20000bec                        end = __end__
 *(.heap*)
 .heap          0x20000bec      0x800 CMakeFiles/station_main.dir/C_/Users/yamap/.pico-sdk/sdk/2.0.0/src/rp2_common/pico_crt0/crt0.S.obj
                0x20040000                        . = (ORIGIN (RAM) + LENGTH (RAM))
 *fill*         0x200013ec    0x3ec14 
                0x20040000                        __HeapLimit = .

.scratch_x      0x20040000        0x0 load address 0x1005cb68
                0x20040000                        __scratch_x_start__ = .
 *(.scratch_x.*)
                0x20040000                        . = ALIGN (0x4)
                0x20040000                        __scratch_x_end__ = .
                0x1005cb68                        __scratch_x_source__ = LOADADDR (.scratch_x)

.scratch_y      0x20041000        0x0 load address 0x1005cb68
                0x20041000                        __scratch_y_start__ = .
 *(.scratch_y.*)
                0x20041000                        . = ALIGN (0x4)
                0x20041000                        __scratch_y_end__ = .
                0x1005cb68                        __scratch_y_source__ = LOADADDR (.scratch_y)

.stack1_dummy   0x20040000      0x800
 *(.stack1*)
 .stack1        0x20040000      0x800 CMakeFiles/station_main.dir/C_/Users/yamap/.pico-sdk/sdk/2.0.0/src/rp2_common/pico_multicore/multicore.c.obj

.stack_dummy    0x20041000      0x800
 *(.stack*)
 .stack         0x20041000      0x800 CMakeFiles/station_main.dir/C_/Users/yamap/.pico-sdk/sdk/2.0.0/src/rp2_common/pico_crt0/crt0.S.obj

.flash_end      0x1005cb68        0x0
 *(.embedded_end_block*)
                0x1005cb68                        PROVIDE (__flash_binary_end = .)
                0x20040000                        __StackLimit = (ORIGIN (RAM) + LENGTH (RAM))
                0x20041000                        __StackOneTop = (ORIGIN (SCRATCH_X) + LENGTH (SCRATCH_X))
                0x20042000                        __StackTop = (ORIGIN (SCRATCH_Y) + LENGTH (SCRATCH_Y))
                0x20040800                        __StackOneBottom = (__StackOneTop - SIZEOF (.stack1_dummy))
                0x20041800                        __StackBottom = (__StackTop - SIZEOF (.stack_dummy))
                0x20042000                        PROVIDE (__stack = __StackTop)
                [!provide]                        PROVIDE (__heap_start = __end__)
                [!provide]                        PROVIDE (__heap_end = __HeapLimit)
                [!provide]                        PROVIDE (__tls_align = MAX (ALIGNOF (.tdata), ALIGNOF (.tbss)))
                [!provide]                        PROVIDE (__tls_size_align = (((__tls_size + __tls_align) - 0x1) & ~ ((__tls_align - 0x1))))
                [!provide]                        PROVIDE (__arm32_tls_tcb_offset = MAX (0x8, __tls_align))
                [!provide]                        PROVIDE (_end = __end__)
                [!provide]                        PROVIDE (__llvm_libc_heap_limit = __HeapLimit)
                0x00000001                        ASSERT ((__StackLimit >= __HeapLimit), region RAM overflowed)
                0x00000001                        ASSERT (((__binary_info_header_end - __logical_binary_start) <= 0x100), Binary info must be in first 256 bytes of the binary)
LOAD CMakeFiles/station_main.dir/station_main.c.obj
LOAD CMakeFiles/station_main.dir/font.c.obj
LOAD CMakeFiles/station_main.dir/signboard_bmp240.c.obj
LOAD CMakeFiles/station_main.dir/st7789.c.obj
LOAD CMakeFiles/station_main.dir/station_disp.c.obj
LOAD CMakeFiles/station_main.dir/station_signboard.c.obj
LOAD CMakeFiles/station_main.dir/stname.c.obj
LOAD CMakeFiles/station_main.dir/timer_ctrl.c.obj
LOAD CMakeFiles/station_main.dir/trainTimetable.c.obj
LOAD CMakeFiles/station_main.dir/core1_sound.c.obj
LOAD CMakeFiles/station_main.dir/sounddata.c.obj
LOAD CMakeFiles/station_main.dir/button.c.obj
LOAD CMakeFiles/station_main.dir/C_/Users/yamap/.pico-sdk/sdk/2.0.0/src/rp2_common/pico_stdlib/stdlib.c.obj
LOAD CMakeFiles/station_main.dir/C_/Users/yamap/.pico-sdk/sdk/2.0.0/src/rp2_common/hardware_gpio/gpio.c.obj
LOAD CMakeFiles/station_main.dir/C_/Users/yamap/.pico-sdk/sdk/2.0.0/src/rp2040/pico_platform/platform.c.obj
LOAD CMakeFiles/station_main.dir/C_/Users/yamap/.pico-sdk/sdk/2.0.0/src/rp2_common/pico_platform_panic/panic.c.obj
LOAD CMakeFiles/station_main.dir/C_/Users/yamap/.pico-sdk/sdk/2.0.0/src/common/hardware_claim/claim.c.obj
LOAD CMakeFiles/station_main.dir/C_/Users/yamap/.pico-sdk/sdk/2.0.0/src/rp2_common/hardware_sync/sync.c.obj
LOAD CMakeFiles/station_main.dir/C_/Users/yamap/.pico-sdk/sdk/2.0.0/src/rp2_common/hardware_sync_spin_lock/sync_spin_lock.c.obj
LOAD CMakeFiles/station_main.dir/C_/Users/yamap/.pico-sdk/sdk/2.0.0/src/rp2_common/hardware_irq/irq.c.obj
LOAD CMakeFiles/station_main.dir/C_/Users/yamap/.pico-sdk/sdk/2.0.0/src/rp2_common/hardware_irq/irq_handler_chain.S.obj
LOAD CMakeFiles/station_main.dir/C_/Users/yamap/.pico-sdk/sdk/2.0.0/src/common/pico_sync/sem.c.obj
LOAD CMakeFiles/station_main.dir/C_/Users/yamap/.pico-sdk/sdk/2.0.0/src/common/pico_sync/lock_core.c.obj
LOAD CMakeFiles/station_main.dir/C_/Users/yamap/.pico-sdk/sdk/2.0.0/src/common/pico_sync/mutex.c.obj
LOAD CMakeFiles/station_main.dir/C_/Users/yamap/.pico-sdk/sdk/2.0.0/src/common/pico_sync/critical_section.c.obj
LOAD CMakeFiles/station_main.dir/C_/Users/yamap/.pico-sdk/sdk/2.0.0/src/common/pico_time/time.c.obj
LOAD CMakeFiles/station_main.dir/C_/Users/yamap/.pico-sdk/sdk/2.0.0/src/common/pico_time/timeout_helper.c.obj
LOAD CMakeFiles/station_main.dir/C_/Users/yamap/.pico-sdk/sdk/2.0.0/src/rp2_common/hardware_timer/timer.c.obj
LOAD CMakeFiles/station_main.dir/C_/Users/yamap/.pico-sdk/sdk/2.0.0/src/common/pico_util/datetime.c.obj
LOAD CMakeFiles/station_main.dir/C_/Users/yamap/.pico-sdk/sdk/2.0.0/src/common/pico_util/pheap.c.obj
LOAD CMakeFiles/station_main.dir/C_/Users/yamap/.pico-sdk/sdk/2.0.0/src/common/pico_util/queue.c.obj
LOAD CMakeFiles/station_main.dir/C_/Users/yamap/.pico-sdk/sdk/2.0.0/src/rp2_common/hardware_uart/uart.c.obj
LOAD CMakeFiles/station_main.dir/C_/Users/yamap/.pico-sdk/sdk/2.0.0/src/rp2_common/hardware_clocks/clocks.c.obj
LOAD CMakeFiles/station_main.dir/C_/Users/yamap/.pico-sdk/sdk/2.0.0/src/rp2_common/hardware_pll/pll.c.obj
LOAD CMakeFiles/station_main.dir/C_/Users/yamap/.pico-sdk/sdk/2.0.0/src/rp2_common/hardware_vreg/vreg.c.obj
LOAD CMakeFiles/station_main.dir/C_/Users/yamap/.pico-sdk/sdk/2.0.0/src/rp2_common/hardware_watchdog/watchdog.c.obj
LOAD CMakeFiles/station_main.dir/C_/Users/yamap/.pico-sdk/sdk/2.0.0/src/rp2_common/hardware_ticks/ticks.c.obj
LOAD CMakeFiles/station_main.dir/C_/Users/yamap/.pico-sdk/sdk/2.0.0/src/rp2_common/hardware_xosc/xosc.c.obj
LOAD CMakeFiles/station_main.dir/C_/Users/yamap/.pico-sdk/sdk/2.0.0/src/rp2_common/hardware_divider/divider.S.obj
LOAD CMakeFiles/station_main.dir/C_/Users/yamap/.pico-sdk/sdk/2.0.0/src/rp2_common/pico_runtime/runtime.c.obj
LOAD CMakeFiles/station_main.dir/C_/Users/yamap/.pico-sdk/sdk/2.0.0/src/rp2_common/pico_runtime_init/runtime_init.c.obj
LOAD CMakeFiles/station_main.dir/C_/Users/yamap/.pico-sdk/sdk/2.0.0/src/rp2_common/pico_runtime_init/runtime_init_clocks.c.obj
LOAD CMakeFiles/station_main.dir/C_/Users/yamap/.pico-sdk/sdk/2.0.0/src/rp2_common/pico_runtime_init/runtime_init_stack_guard.c.obj
LOAD CMakeFiles/station_main.dir/C_/Users/yamap/.pico-sdk/sdk/2.0.0/src/rp2_common/pico_bit_ops/bit_ops_aeabi.S.obj
LOAD CMakeFiles/station_main.dir/C_/Users/yamap/.pico-sdk/sdk/2.0.0/src/rp2_common/pico_bootrom/bootrom.c.obj
LOAD CMakeFiles/station_main.dir/C_/Users/yamap/.pico-sdk/sdk/2.0.0/src/rp2_common/pico_bootrom/bootrom_lock.c.obj
LOAD CMakeFiles/station_main.dir/C_/Users/yamap/.pico-sdk/sdk/2.0.0/src/rp2_common/hardware_boot_lock/boot_lock.c.obj
LOAD CMakeFiles/station_main.dir/C_/Users/yamap/.pico-sdk/sdk/2.0.0/src/rp2_common/pico_divider/divider_hardware.S.obj
LOAD CMakeFiles/station_main.dir/C_/Users/yamap/.pico-sdk/sdk/2.0.0/src/rp2_common/pico_double/double_aeabi_rp2040.S.obj
LOAD CMakeFiles/station_main.dir/C_/Users/yamap/.pico-sdk/sdk/2.0.0/src/rp2_common/pico_double/double_init_rom_rp2040.c.obj
LOAD CMakeFiles/station_main.dir/C_/Users/yamap/.pico-sdk/sdk/2.0.0/src/rp2_common/pico_double/double_math.c.obj
LOAD CMakeFiles/station_main.dir/C_/Users/yamap/.pico-sdk/sdk/2.0.0/src/rp2_common/pico_double/double_v1_rom_shim_rp2040.S.obj
LOAD CMakeFiles/station_main.dir/C_/Users/yamap/.pico-sdk/sdk/2.0.0/src/rp2_common/pico_int64_ops/pico_int64_ops_aeabi.S.obj
LOAD CMakeFiles/station_main.dir/C_/Users/yamap/.pico-sdk/sdk/2.0.0/src/rp2_common/pico_float/float_aeabi_rp2040.S.obj
LOAD CMakeFiles/station_main.dir/C_/Users/yamap/.pico-sdk/sdk/2.0.0/src/rp2_common/pico_float/float_init_rom_rp2040.c.obj
LOAD CMakeFiles/station_main.dir/C_/Users/yamap/.pico-sdk/sdk/2.0.0/src/rp2_common/pico_float/float_math.c.obj
LOAD CMakeFiles/station_main.dir/C_/Users/yamap/.pico-sdk/sdk/2.0.0/src/rp2_common/pico_float/float_v1_rom_shim_rp2040.S.obj
LOAD CMakeFiles/station_main.dir/C_/Users/yamap/.pico-sdk/sdk/2.0.0/src/rp2_common/pico_malloc/malloc.c.obj
LOAD CMakeFiles/station_main.dir/C_/Users/yamap/.pico-sdk/sdk/2.0.0/src/rp2_common/pico_mem_ops/mem_ops_aeabi.S.obj
LOAD CMakeFiles/station_main.dir/C_/Users/yamap/.pico-sdk/sdk/2.0.0/src/rp2_common/pico_atomic/atomic.c.obj
LOAD CMakeFiles/station_main.dir/C_/Users/yamap/.pico-sdk/sdk/2.0.0/src/rp2_common/pico_cxx_options/new_delete.cpp.obj
LOAD CMakeFiles/station_main.dir/C_/Users/yamap/.pico-sdk/sdk/2.0.0/src/rp2_common/pico_standard_binary_info/standard_binary_info.c.obj
LOAD CMakeFiles/station_main.dir/C_/Users/yamap/.pico-sdk/sdk/2.0.0/src/rp2_common/pico_printf/printf.c.obj
LOAD CMakeFiles/station_main.dir/C_/Users/yamap/.pico-sdk/sdk/2.0.0/src/rp2_common/pico_crt0/crt0.S.obj
LOAD CMakeFiles/station_main.dir/C_/Users/yamap/.pico-sdk/sdk/2.0.0/src/rp2_common/pico_clib_interface/newlib_interface.c.obj
LOAD CMakeFiles/station_main.dir/C_/Users/yamap/.pico-sdk/sdk/2.0.0/src/rp2_common/pico_stdio/stdio.c.obj
LOAD CMakeFiles/station_main.dir/C_/Users/yamap/.pico-sdk/sdk/2.0.0/src/rp2_common/hardware_spi/spi.c.obj
LOAD CMakeFiles/station_main.dir/C_/Users/yamap/.pico-sdk/sdk/2.0.0/src/rp2_common/pico_multicore/multicore.c.obj
LOAD C:\Users\yamap\AppData\Local\Temp\ccGlmTiI.o
LOAD C:/Users/yamap/.pico-sdk/toolchain/13_2_Rel1/bin/../lib/gcc/arm-none-eabi/13.2.1/thumb/v6-m/nofp\libstdc++.a
LOAD C:/Users/yamap/.pico-sdk/toolchain/13_2_Rel1/bin/../lib/gcc/arm-none-eabi/13.2.1/thumb/v6-m/nofp\libm.a
START GROUP
LOAD C:/Users/yamap/.pico-sdk/toolchain/13_2_Rel1/bin/../lib/gcc/arm-none-eabi/13.2.1/thumb/v6-m/nofp\libgcc.a
LOAD C:/Users/yamap/.pico-sdk/toolchain/13_2_Rel1/bin/../lib/gcc/arm-none-eabi/13.2.1/thumb/v6-m/nofp\libg.a
LOAD C:/Users/yamap/.pico-sdk/toolchain/13_2_Rel1/bin/../lib/gcc/arm-none-eabi/13.2.1/thumb/v6-m/nofp\libc.a
END GROUP
START GROUP
LOAD C:/Users/yamap/.pico-sdk/toolchain/13_2_Rel1/bin/../lib/gcc/arm-none-eabi/13.2.1/thumb/v6-m/nofp\libgcc.a
LOAD C:/Users/yamap/.pico-sdk/toolchain/13_2_Rel1/bin/../lib/gcc/arm-none-eabi/13.2.1/thumb/v6-m/nofp\libc.a
LOAD C:/Users/yamap/.pico-sdk/toolchain/13_2_Rel1/bin/../lib/gcc/arm-none-eabi/13.2.1/thumb/v6-m/nofp\libnosys.a
END GROUP
LOAD C:/Users/yamap/.pico-sdk/toolchain/13_2_Rel1/bin/../lib/gcc/arm-none-eabi/13.2.1/thumb/v6-m/nofp/crtend.o
LOAD C:/Users/yamap/.pico-sdk/toolchain/13_2_Rel1/bin/../lib/gcc/arm-none-eabi/13.2.1/thumb/v6-m/nofp/crtn.o
OUTPUT(station_main.elf elf32-littlearm)
LOAD linker stubs

.ARM.attributes
                0x00000000       0x28
 .ARM.attributes
                0x00000000       0x1e C:/Users/yamap/.pico-sdk/toolchain/13_2_Rel1/bin/../lib/gcc/arm-none-eabi/13.2.1/thumb/v6-m/nofp/crti.o
 .ARM.attributes
                0x0000001e       0x2c C:/Users/yamap/.pico-sdk/toolchain/13_2_Rel1/bin/../lib/gcc/arm-none-eabi/13.2.1/thumb/v6-m/nofp/crtbegin.o
 .ARM.attributes
                0x0000004a       0x2c CMakeFiles/station_main.dir/station_main.c.obj
 .ARM.attributes
                0x00000076       0x2c CMakeFiles/station_main.dir/font.c.obj
 .ARM.attributes
                0x000000a2       0x2c CMakeFiles/station_main.dir/signboard_bmp240.c.obj
 .ARM.attributes
                0x000000ce       0x2c CMakeFiles/station_main.dir/st7789.c.obj
 .ARM.attributes
                0x000000fa       0x2c CMakeFiles/station_main.dir/station_disp.c.obj
 .ARM.attributes
                0x00000126       0x2c CMakeFiles/station_main.dir/station_signboard.c.obj
 .ARM.attributes
                0x00000152       0x2c CMakeFiles/station_main.dir/stname.c.obj
 .ARM.attributes
                0x0000017e       0x2c CMakeFiles/station_main.dir/timer_ctrl.c.obj
 .ARM.attributes
                0x000001aa       0x2c CMakeFiles/station_main.dir/trainTimetable.c.obj
 .ARM.attributes
                0x000001d6       0x2c CMakeFiles/station_main.dir/core1_sound.c.obj
 .ARM.attributes
                0x00000202       0x2c CMakeFiles/station_main.dir/sounddata.c.obj
 .ARM.attributes
                0x0000022e       0x2c CMakeFiles/station_main.dir/button.c.obj
 .ARM.attributes
                0x0000025a       0x2c CMakeFiles/station_main.dir/C_/Users/yamap/.pico-sdk/sdk/2.0.0/src/rp2_common/hardware_gpio/gpio.c.obj
 .ARM.attributes
                0x00000286       0x2c CMakeFiles/station_main.dir/C_/Users/yamap/.pico-sdk/sdk/2.0.0/src/rp2_common/pico_platform_panic/panic.c.obj
 .ARM.attributes
                0x000002b2       0x2c CMakeFiles/station_main.dir/C_/Users/yamap/.pico-sdk/sdk/2.0.0/src/common/hardware_claim/claim.c.obj
 .ARM.attributes
                0x000002de       0x2c CMakeFiles/station_main.dir/C_/Users/yamap/.pico-sdk/sdk/2.0.0/src/rp2_common/hardware_sync/sync.c.obj
 .ARM.attributes
                0x0000030a       0x2c CMakeFiles/station_main.dir/C_/Users/yamap/.pico-sdk/sdk/2.0.0/src/rp2_common/hardware_sync_spin_lock/sync_spin_lock.c.obj
 .ARM.attributes
                0x00000336       0x2c CMakeFiles/station_main.dir/C_/Users/yamap/.pico-sdk/sdk/2.0.0/src/rp2_common/hardware_irq/irq.c.obj
 .ARM.attributes
                0x00000362       0x2c CMakeFiles/station_main.dir/C_/Users/yamap/.pico-sdk/sdk/2.0.0/src/common/pico_sync/sem.c.obj
 .ARM.attributes
                0x0000038e       0x2c CMakeFiles/station_main.dir/C_/Users/yamap/.pico-sdk/sdk/2.0.0/src/common/pico_sync/lock_core.c.obj
 .ARM.attributes
                0x000003ba       0x2c CMakeFiles/station_main.dir/C_/Users/yamap/.pico-sdk/sdk/2.0.0/src/common/pico_sync/mutex.c.obj
 .ARM.attributes
                0x000003e6       0x2c CMakeFiles/station_main.dir/C_/Users/yamap/.pico-sdk/sdk/2.0.0/src/common/pico_time/time.c.obj
 .ARM.attributes
                0x00000412       0x2c CMakeFiles/station_main.dir/C_/Users/yamap/.pico-sdk/sdk/2.0.0/src/rp2_common/hardware_timer/timer.c.obj
 .ARM.attributes
                0x0000043e       0x2c CMakeFiles/station_main.dir/C_/Users/yamap/.pico-sdk/sdk/2.0.0/src/rp2_common/hardware_clocks/clocks.c.obj
 .ARM.attributes
                0x0000046a       0x2c CMakeFiles/station_main.dir/C_/Users/yamap/.pico-sdk/sdk/2.0.0/src/rp2_common/hardware_pll/pll.c.obj
 .ARM.attributes
                0x00000496       0x2c CMakeFiles/station_main.dir/C_/Users/yamap/.pico-sdk/sdk/2.0.0/src/rp2_common/hardware_ticks/ticks.c.obj
 .ARM.attributes
                0x000004c2       0x2c CMakeFiles/station_main.dir/C_/Users/yamap/.pico-sdk/sdk/2.0.0/src/rp2_common/hardware_xosc/xosc.c.obj
 .ARM.attributes
                0x000004ee       0x2c CMakeFiles/station_main.dir/C_/Users/yamap/.pico-sdk/sdk/2.0.0/src/rp2_common/pico_runtime/runtime.c.obj
 .ARM.attributes
                0x0000051a       0x2c CMakeFiles/station_main.dir/C_/Users/yamap/.pico-sdk/sdk/2.0.0/src/rp2_common/pico_runtime_init/runtime_init.c.obj
 .ARM.attributes
                0x00000546       0x2c CMakeFiles/station_main.dir/C_/Users/yamap/.pico-sdk/sdk/2.0.0/src/rp2_common/pico_runtime_init/runtime_init_clocks.c.obj
 .ARM.attributes
                0x00000572       0x22 CMakeFiles/station_main.dir/C_/Users/yamap/.pico-sdk/sdk/2.0.0/src/rp2_common/pico_bit_ops/bit_ops_aeabi.S.obj
 .ARM.attributes
                0x00000594       0x2c CMakeFiles/station_main.dir/C_/Users/yamap/.pico-sdk/sdk/2.0.0/src/rp2_common/pico_bootrom/bootrom.c.obj
 .ARM.attributes
                0x000005c0       0x22 CMakeFiles/station_main.dir/C_/Users/yamap/.pico-sdk/sdk/2.0.0/src/rp2_common/pico_divider/divider_hardware.S.obj
 .ARM.attributes
                0x000005e2       0x22 CMakeFiles/station_main.dir/C_/Users/yamap/.pico-sdk/sdk/2.0.0/src/rp2_common/pico_double/double_aeabi_rp2040.S.obj
 .ARM.attributes
                0x00000604       0x2c CMakeFiles/station_main.dir/C_/Users/yamap/.pico-sdk/sdk/2.0.0/src/rp2_common/pico_double/double_init_rom_rp2040.c.obj
 .ARM.attributes
                0x00000630       0x22 CMakeFiles/station_main.dir/C_/Users/yamap/.pico-sdk/sdk/2.0.0/src/rp2_common/pico_double/double_v1_rom_shim_rp2040.S.obj
 .ARM.attributes
                0x00000652       0x22 CMakeFiles/station_main.dir/C_/Users/yamap/.pico-sdk/sdk/2.0.0/src/rp2_common/pico_int64_ops/pico_int64_ops_aeabi.S.obj
 .ARM.attributes
                0x00000674       0x22 CMakeFiles/station_main.dir/C_/Users/yamap/.pico-sdk/sdk/2.0.0/src/rp2_common/pico_float/float_aeabi_rp2040.S.obj
 .ARM.attributes
                0x00000696       0x2c CMakeFiles/station_main.dir/C_/Users/yamap/.pico-sdk/sdk/2.0.0/src/rp2_common/pico_float/float_init_rom_rp2040.c.obj
 .ARM.attributes
                0x000006c2       0x22 CMakeFiles/station_main.dir/C_/Users/yamap/.pico-sdk/sdk/2.0.0/src/rp2_common/pico_float/float_v1_rom_shim_rp2040.S.obj
 .ARM.attributes
                0x000006e4       0x2c CMakeFiles/station_main.dir/C_/Users/yamap/.pico-sdk/sdk/2.0.0/src/rp2_common/pico_malloc/malloc.c.obj
 .ARM.attributes
                0x00000710       0x22 CMakeFiles/station_main.dir/C_/Users/yamap/.pico-sdk/sdk/2.0.0/src/rp2_common/pico_mem_ops/mem_ops_aeabi.S.obj
 .ARM.attributes
                0x00000732       0x2c CMakeFiles/station_main.dir/C_/Users/yamap/.pico-sdk/sdk/2.0.0/src/rp2_common/pico_standard_binary_info/standard_binary_info.c.obj
 .ARM.attributes
                0x0000075e       0x2c CMakeFiles/station_main.dir/C_/Users/yamap/.pico-sdk/sdk/2.0.0/src/rp2_common/pico_printf/printf.c.obj
 .ARM.attributes
                0x0000078a       0x22 CMakeFiles/station_main.dir/C_/Users/yamap/.pico-sdk/sdk/2.0.0/src/rp2_common/pico_crt0/crt0.S.obj
 .ARM.attributes
                0x000007ac       0x2c CMakeFiles/station_main.dir/C_/Users/yamap/.pico-sdk/sdk/2.0.0/src/rp2_common/pico_clib_interface/newlib_interface.c.obj
 .ARM.attributes
                0x000007d8       0x2c CMakeFiles/station_main.dir/C_/Users/yamap/.pico-sdk/sdk/2.0.0/src/rp2_common/pico_stdio/stdio.c.obj
 .ARM.attributes
                0x00000804       0x2c CMakeFiles/station_main.dir/C_/Users/yamap/.pico-sdk/sdk/2.0.0/src/rp2_common/hardware_spi/spi.c.obj
 .ARM.attributes
                0x00000830       0x2c CMakeFiles/station_main.dir/C_/Users/yamap/.pico-sdk/sdk/2.0.0/src/rp2_common/pico_multicore/multicore.c.obj
 .ARM.attributes
                0x0000085c       0x22 C:\Users\yamap\AppData\Local\Temp\ccGlmTiI.o
 .ARM.attributes
                0x0000087e       0x1e C:/Users/yamap/.pico-sdk/toolchain/13_2_Rel1/bin/../lib/gcc/arm-none-eabi/13.2.1/thumb/v6-m/nofp\libgcc.a(_dvmd_tls.o)
 .ARM.attributes
                0x0000089c       0x2c C:/Users/yamap/.pico-sdk/toolchain/13_2_Rel1/bin/../lib/gcc/arm-none-eabi/13.2.1/thumb/v6-m/nofp\libg.a(libc_a-strlen-stub.o)
 .ARM.attributes
                0x000008c8       0x2c C:/Users/yamap/.pico-sdk/toolchain/13_2_Rel1/bin/../lib/gcc/arm-none-eabi/13.2.1/thumb/v6-m/nofp/crtend.o

.comment        0x00000000       0x44
 .comment       0x00000000       0x44 CMakeFiles/station_main.dir/station_main.c.obj
                                 0x45 (size before relaxing)
 .comment       0x00000044       0x45 CMakeFiles/station_main.dir/font.c.obj
 .comment       0x00000044       0x45 CMakeFiles/station_main.dir/signboard_bmp240.c.obj
 .comment       0x00000044       0x45 CMakeFiles/station_main.dir/st7789.c.obj
 .comment       0x00000044       0x45 CMakeFiles/station_main.dir/station_disp.c.obj
 .comment       0x00000044       0x45 CMakeFiles/station_main.dir/station_signboard.c.obj
 .comment       0x00000044       0x45 CMakeFiles/station_main.dir/stname.c.obj
 .comment       0x00000044       0x45 CMakeFiles/station_main.dir/timer_ctrl.c.obj
 .comment       0x00000044       0x45 CMakeFiles/station_main.dir/trainTimetable.c.obj
 .comment       0x00000044       0x45 CMakeFiles/station_main.dir/core1_sound.c.obj
 .comment       0x00000044       0x45 CMakeFiles/station_main.dir/sounddata.c.obj
 .comment       0x00000044       0x45 CMakeFiles/station_main.dir/button.c.obj
 .comment       0x00000044       0x45 CMakeFiles/station_main.dir/C_/Users/yamap/.pico-sdk/sdk/2.0.0/src/rp2_common/hardware_gpio/gpio.c.obj
 .comment       0x00000044       0x45 CMakeFiles/station_main.dir/C_/Users/yamap/.pico-sdk/sdk/2.0.0/src/rp2_common/pico_platform_panic/panic.c.obj
 .comment       0x00000044       0x45 CMakeFiles/station_main.dir/C_/Users/yamap/.pico-sdk/sdk/2.0.0/src/common/hardware_claim/claim.c.obj
 .comment       0x00000044       0x45 CMakeFiles/station_main.dir/C_/Users/yamap/.pico-sdk/sdk/2.0.0/src/rp2_common/hardware_sync/sync.c.obj
 .comment       0x00000044       0x45 CMakeFiles/station_main.dir/C_/Users/yamap/.pico-sdk/sdk/2.0.0/src/rp2_common/hardware_sync_spin_lock/sync_spin_lock.c.obj
 .comment       0x00000044       0x45 CMakeFiles/station_main.dir/C_/Users/yamap/.pico-sdk/sdk/2.0.0/src/rp2_common/hardware_irq/irq.c.obj
 .comment       0x00000044       0x45 CMakeFiles/station_main.dir/C_/Users/yamap/.pico-sdk/sdk/2.0.0/src/common/pico_sync/sem.c.obj
 .comment       0x00000044       0x45 CMakeFiles/station_main.dir/C_/Users/yamap/.pico-sdk/sdk/2.0.0/src/common/pico_sync/lock_core.c.obj
 .comment       0x00000044       0x45 CMakeFiles/station_main.dir/C_/Users/yamap/.pico-sdk/sdk/2.0.0/src/common/pico_sync/mutex.c.obj
 .comment       0x00000044       0x45 CMakeFiles/station_main.dir/C_/Users/yamap/.pico-sdk/sdk/2.0.0/src/common/pico_time/time.c.obj
 .comment       0x00000044       0x45 CMakeFiles/station_main.dir/C_/Users/yamap/.pico-sdk/sdk/2.0.0/src/rp2_common/hardware_timer/timer.c.obj
 .comment       0x00000044       0x45 CMakeFiles/station_main.dir/C_/Users/yamap/.pico-sdk/sdk/2.0.0/src/rp2_common/hardware_clocks/clocks.c.obj
 .comment       0x00000044       0x45 CMakeFiles/station_main.dir/C_/Users/yamap/.pico-sdk/sdk/2.0.0/src/rp2_common/hardware_pll/pll.c.obj
 .comment       0x00000044       0x45 CMakeFiles/station_main.dir/C_/Users/yamap/.pico-sdk/sdk/2.0.0/src/rp2_common/hardware_ticks/ticks.c.obj
 .comment       0x00000044       0x45 CMakeFiles/station_main.dir/C_/Users/yamap/.pico-sdk/sdk/2.0.0/src/rp2_common/hardware_xosc/xosc.c.obj
 .comment       0x00000044       0x45 CMakeFiles/station_main.dir/C_/Users/yamap/.pico-sdk/sdk/2.0.0/src/rp2_common/pico_runtime/runtime.c.obj
 .comment       0x00000044       0x45 CMakeFiles/station_main.dir/C_/Users/yamap/.pico-sdk/sdk/2.0.0/src/rp2_common/pico_runtime_init/runtime_init.c.obj
 .comment       0x00000044       0x45 CMakeFiles/station_main.dir/C_/Users/yamap/.pico-sdk/sdk/2.0.0/src/rp2_common/pico_runtime_init/runtime_init_clocks.c.obj
 .comment       0x00000044       0x45 CMakeFiles/station_main.dir/C_/Users/yamap/.pico-sdk/sdk/2.0.0/src/rp2_common/pico_bootrom/bootrom.c.obj
 .comment       0x00000044       0x45 CMakeFiles/station_main.dir/C_/Users/yamap/.pico-sdk/sdk/2.0.0/src/rp2_common/pico_double/double_init_rom_rp2040.c.obj
 .comment       0x00000044       0x45 CMakeFiles/station_main.dir/C_/Users/yamap/.pico-sdk/sdk/2.0.0/src/rp2_common/pico_float/float_init_rom_rp2040.c.obj
 .comment       0x00000044       0x45 CMakeFiles/station_main.dir/C_/Users/yamap/.pico-sdk/sdk/2.0.0/src/rp2_common/pico_malloc/malloc.c.obj
 .comment       0x00000044       0x45 CMakeFiles/station_main.dir/C_/Users/yamap/.pico-sdk/sdk/2.0.0/src/rp2_common/pico_standard_binary_info/standard_binary_info.c.obj
 .comment       0x00000044       0x45 CMakeFiles/station_main.dir/C_/Users/yamap/.pico-sdk/sdk/2.0.0/src/rp2_common/pico_printf/printf.c.obj
 .comment       0x00000044       0x45 CMakeFiles/station_main.dir/C_/Users/yamap/.pico-sdk/sdk/2.0.0/src/rp2_common/pico_clib_interface/newlib_interface.c.obj
 .comment       0x00000044       0x45 CMakeFiles/station_main.dir/C_/Users/yamap/.pico-sdk/sdk/2.0.0/src/rp2_common/pico_stdio/stdio.c.obj
 .comment       0x00000044       0x45 CMakeFiles/station_main.dir/C_/Users/yamap/.pico-sdk/sdk/2.0.0/src/rp2_common/hardware_spi/spi.c.obj
 .comment       0x00000044       0x45 CMakeFiles/station_main.dir/C_/Users/yamap/.pico-sdk/sdk/2.0.0/src/rp2_common/pico_multicore/multicore.c.obj

.debug_info     0x00000000    0x2a74e
 .debug_info    0x00000000     0x2aa0 CMakeFiles/station_main.dir/station_main.c.obj
 .debug_info    0x00002aa0      0x2bc CMakeFiles/station_main.dir/font.c.obj
 .debug_info    0x00002d5c      0x32e CMakeFiles/station_main.dir/signboard_bmp240.c.obj
 .debug_info    0x0000308a     0x5ace CMakeFiles/station_main.dir/st7789.c.obj
 .debug_info    0x00008b58     0x1052 CMakeFiles/station_main.dir/station_disp.c.obj
 .debug_info    0x00009baa      0x310 CMakeFiles/station_main.dir/station_signboard.c.obj
 .debug_info    0x00009eba      0x43b CMakeFiles/station_main.dir/stname.c.obj
 .debug_info    0x0000a2f5      0x6be CMakeFiles/station_main.dir/timer_ctrl.c.obj
 .debug_info    0x0000a9b3      0x359 CMakeFiles/station_main.dir/trainTimetable.c.obj
 .debug_info    0x0000ad0c     0x13cd CMakeFiles/station_main.dir/core1_sound.c.obj
 .debug_info    0x0000c0d9      0x3cd CMakeFiles/station_main.dir/sounddata.c.obj
 .debug_info    0x0000c4a6      0x711 CMakeFiles/station_main.dir/button.c.obj
 .debug_info    0x0000cbb7     0x2437 CMakeFiles/station_main.dir/C_/Users/yamap/.pico-sdk/sdk/2.0.0/src/rp2_common/hardware_gpio/gpio.c.obj
 .debug_info    0x0000efee      0x1bf CMakeFiles/station_main.dir/C_/Users/yamap/.pico-sdk/sdk/2.0.0/src/rp2_common/pico_platform_panic/panic.c.obj
 .debug_info    0x0000f1ad      0x995 CMakeFiles/station_main.dir/C_/Users/yamap/.pico-sdk/sdk/2.0.0/src/common/hardware_claim/claim.c.obj
 .debug_info    0x0000fb42      0x458 CMakeFiles/station_main.dir/C_/Users/yamap/.pico-sdk/sdk/2.0.0/src/rp2_common/hardware_sync/sync.c.obj
 .debug_info    0x0000ff9a      0x245 CMakeFiles/station_main.dir/C_/Users/yamap/.pico-sdk/sdk/2.0.0/src/rp2_common/hardware_sync_spin_lock/sync_spin_lock.c.obj
 .debug_info    0x000101df     0x21a8 CMakeFiles/station_main.dir/C_/Users/yamap/.pico-sdk/sdk/2.0.0/src/rp2_common/hardware_irq/irq.c.obj
 .debug_info    0x00012387     0x14e6 CMakeFiles/station_main.dir/C_/Users/yamap/.pico-sdk/sdk/2.0.0/src/common/pico_sync/sem.c.obj
 .debug_info    0x0001386d      0x15f CMakeFiles/station_main.dir/C_/Users/yamap/.pico-sdk/sdk/2.0.0/src/common/pico_sync/lock_core.c.obj
 .debug_info    0x000139cc     0x2803 CMakeFiles/station_main.dir/C_/Users/yamap/.pico-sdk/sdk/2.0.0/src/common/pico_sync/mutex.c.obj
 .debug_info    0x000161cf     0x495a CMakeFiles/station_main.dir/C_/Users/yamap/.pico-sdk/sdk/2.0.0/src/common/pico_time/time.c.obj
 .debug_info    0x0001ab29     0x2af8 CMakeFiles/station_main.dir/C_/Users/yamap/.pico-sdk/sdk/2.0.0/src/rp2_common/hardware_timer/timer.c.obj
 .debug_info    0x0001d621     0x291d CMakeFiles/station_main.dir/C_/Users/yamap/.pico-sdk/sdk/2.0.0/src/rp2_common/hardware_clocks/clocks.c.obj
 .debug_info    0x0001ff3e      0x4e5 CMakeFiles/station_main.dir/C_/Users/yamap/.pico-sdk/sdk/2.0.0/src/rp2_common/hardware_pll/pll.c.obj
 .debug_info    0x00020423      0x248 CMakeFiles/station_main.dir/C_/Users/yamap/.pico-sdk/sdk/2.0.0/src/rp2_common/hardware_ticks/ticks.c.obj
 .debug_info    0x0002066b      0x1cc CMakeFiles/station_main.dir/C_/Users/yamap/.pico-sdk/sdk/2.0.0/src/rp2_common/hardware_xosc/xosc.c.obj
 .debug_info    0x00020837      0x21a CMakeFiles/station_main.dir/C_/Users/yamap/.pico-sdk/sdk/2.0.0/src/rp2_common/pico_runtime/runtime.c.obj
 .debug_info    0x00020a51      0x795 CMakeFiles/station_main.dir/C_/Users/yamap/.pico-sdk/sdk/2.0.0/src/rp2_common/pico_runtime_init/runtime_init.c.obj
 .debug_info    0x000211e6      0x780 CMakeFiles/station_main.dir/C_/Users/yamap/.pico-sdk/sdk/2.0.0/src/rp2_common/pico_runtime_init/runtime_init_clocks.c.obj
 .debug_info    0x00021966       0x23 CMakeFiles/station_main.dir/C_/Users/yamap/.pico-sdk/sdk/2.0.0/src/rp2_common/pico_bit_ops/bit_ops_aeabi.S.obj