Archive member included to satisfy reference by file (symbol)

C:/Users/yamap/.pico-sdk/toolchain/13_2_Rel1/bin/../lib/gcc/arm-none-eabi/13.2.1/thumb/v6-m/nofp\libgcc.a(_dvmd_tls.o)
                              CMakeFiles/station_main.dir/C_/Users/yamap/.pico-sdk/sdk/2.0.0/src/rp2_common/pico_divider/divider_hardware.S.obj (__aeabi_idiv0)
C:/Users/yamap/.pico-sdk/toolchain/13_2_Rel1/bin/../lib/gcc/arm-none-eabi/13.2.1/thumb/v6-m/nofp\libg.a(libc_a-calloc.o)
                              CMakeFiles/station_main.dir/C_/Users/yamap/.pico-sdk/sdk/2.0.0/src/rp2_common/pico_malloc/malloc.c.obj (calloc)
C:/Users/yamap/.pico-sdk/toolchain/13_2_Rel1/bin/../lib/gcc/arm-none-eabi/13.2.1/thumb/v6-m/nofp\libg.a(libc_a-callocr.o)
                              C:/Users/yamap/.pico-sdk/toolchain/13_2_Rel1/bin/../lib/gcc/arm-none-eabi/13.2.1/thumb/v6-m/nofp\libg.a(libc_a-calloc.o) (_calloc_r)
C:/Users/yamap/.pico-sdk/toolchain/13_2_Rel1/bin/../lib/gcc/arm-none-eabi/13.2.1/thumb/v6-m/nofp\libg.a(libc_a-malloc.o)
                              CMakeFiles/station_main.dir/C_/Users/yamap/.pico-sdk/sdk/2.0.0/src/rp2_common/pico_malloc/malloc.c.obj (malloc)
C:/Users/yamap/.pico-sdk/toolchain/13_2_Rel1/bin/../lib/gcc/arm-none-eabi/13.2.1/thumb/v6-m/nofp\libg.a(libc_a-mallocr.o)
                              C:/Users/yamap/.pico-sdk/toolchain/13_2_Rel1/bin/../lib/gcc/arm-none-eabi/13.2.1/thumb/v6-m/nofp\libg.a(libc_a-callocr.o) (_malloc_r)
C:/Users/yamap/.pico-sdk/toolchain/13_2_Rel1/bin/../lib/gcc/arm-none-eabi/13.2.1/thumb/v6-m/nofp\libg.a(libc_a-mlock.o)
                              C:/Users/yamap/.pico-sdk/toolchain/13_2_Rel1/bin/../lib/gcc/arm-none-eabi/13.2.1/thumb/v6-m/nofp\libg.a(libc_a-mallocr.o) (__malloc_lock)
C:/Users/yamap/.pico-sdk/toolchain/13_2_Rel1/bin/../lib/gcc/arm-none-eabi/13.2.1/thumb/v6-m/nofp\libg.a(libc_a-realloc.o)
                              CMakeFiles/station_main.dir/C_/Users/yamap/.pico-sdk/sdk/2.0.0/src/rp2_common/pico_malloc/malloc.c.obj (realloc)
C:/Users/yamap/.pico-sdk/toolchain/13_2_Rel1/bin/../lib/gcc/arm-none-eabi/13.2.1/thumb/v6-m/nofp\libg.a(libc_a-reallocr.o)
                              C:/Users/yamap/.pico-sdk/toolchain/13_2_Rel1/bin/../lib/gcc/arm-none-eabi/13.2.1/thumb/v6-m/nofp\libg.a(libc_a-realloc.o) (_realloc_r)
C:/Users/yamap/.pico-sdk/toolchain/13_2_Rel1/bin/../lib/gcc/arm-none-eabi/13.2.1/thumb/v6-m/nofp\libg.a(libc_a-memcmp.o)
                              CMakeFiles/station_main.dir/C_/Users/yamap/.pico-sdk/sdk/2.0.0/src/rp2_common/pico_atomic/atomic.c.obj (memcmp)
C:/Users/yamap/.pico-sdk/toolchain/13_2_Rel1/bin/../lib/gcc/arm-none-eabi/13.2.1/thumb/v6-m/nofp\libg.a(libc_a-memmove.o)
                              C:/Users/yamap/.pico-sdk/toolchain/13_2_Rel1/bin/../lib/gcc/arm-none-eabi/13.2.1/thumb/v6-m/nofp\libg.a(libc_a-reallocr.o) (memmove)
C:/Users/yamap/.pico-sdk/toolchain/13_2_Rel1/bin/../lib/gcc/arm-none-eabi/13.2.1/thumb/v6-m/nofp\libg.a(libc_a-lcltime_r.o)
                              CMakeFiles/station_main.dir/C_/Users/yamap/.pico-sdk/sdk/2.0.0/src/common/pico_util/datetime.c.obj (localtime_r)
C:/Users/yamap/.pico-sdk/toolchain/13_2_Rel1/bin/../lib/gcc/arm-none-eabi/13.2.1/thumb/v6-m/nofp\libg.a(libc_a-mktime.o)
                              CMakeFiles/station_main.dir/C_/Users/yamap/.pico-sdk/sdk/2.0.0/src/common/pico_util/datetime.c.obj (mktime)
C:/Users/yamap/.pico-sdk/toolchain/13_2_Rel1/bin/../lib/gcc/arm-none-eabi/13.2.1/thumb/v6-m/nofp\libg.a(libc_a-month_lengths.o)
                              C:/Users/yamap/.pico-sdk/toolchain/13_2_Rel1/bin/../lib/gcc/arm-none-eabi/13.2.1/thumb/v6-m/nofp\libg.a(libc_a-lcltime_r.o) (__month_lengths)
C:/Users/yamap/.pico-sdk/toolchain/13_2_Rel1/bin/../lib/gcc/arm-none-eabi/13.2.1/thumb/v6-m/nofp\libg.a(libc_a-tzcalc_limits.o)
                              C:/Users/yamap/.pico-sdk/toolchain/13_2_Rel1/bin/../lib/gcc/arm-none-eabi/13.2.1/thumb/v6-m/nofp\libg.a(libc_a-lcltime_r.o) (__tzcalc_limits)
C:/Users/yamap/.pico-sdk/toolchain/13_2_Rel1/bin/../lib/gcc/arm-none-eabi/13.2.1/thumb/v6-m/nofp\libg.a(libc_a-tzlock.o)
                              C:/Users/yamap/.pico-sdk/toolchain/13_2_Rel1/bin/../lib/gcc/arm-none-eabi/13.2.1/thumb/v6-m/nofp\libg.a(libc_a-lcltime_r.o) (__tz_lock)
C:/Users/yamap/.pico-sdk/toolchain/13_2_Rel1/bin/../lib/gcc/arm-none-eabi/13.2.1/thumb/v6-m/nofp\libg.a(libc_a-tzset.o)
                              C:/Users/yamap/.pico-sdk/toolchain/13_2_Rel1/bin/../lib/gcc/arm-none-eabi/13.2.1/thumb/v6-m/nofp\libg.a(libc_a-lcltime_r.o) (_tzset_unlocked)
C:/Users/yamap/.pico-sdk/toolchain/13_2_Rel1/bin/../lib/gcc/arm-none-eabi/13.2.1/thumb/v6-m/nofp\libg.a(libc_a-tzset_r.o)
                              C:/Users/yamap/.pico-sdk/toolchain/13_2_Rel1/bin/../lib/gcc/arm-none-eabi/13.2.1/thumb/v6-m/nofp\libg.a(libc_a-tzset.o) (_tzset_unlocked_r)
C:/Users/yamap/.pico-sdk/toolchain/13_2_Rel1/bin/../lib/gcc/arm-none-eabi/13.2.1/thumb/v6-m/nofp\libg.a(libc_a-tzvars.o)
[...]
Memory Configuration

Name             Origin             Length             Attributes
FLASH            0x10000000         0x00200000         xr
RAM              0x20000000         0x00040000         xrw
SCRATCH_X        0x20040000         0x00001000         xrw
SCRATCH_Y        0x20041000         0x00001000         xrw
*default*        0x00000000         0xffffffff

Linker script and memory map

LOAD C:/Users/yamap/.pico-sdk/toolchain/13_2_Rel1/bin/../lib/gcc/arm-none-eabi/13.2.1/thumb/v6-m/nofp/crti.o
LOAD C:/Users/yamap/.pico-sdk/toolchain/13_2_Rel1/bin/../lib/gcc/arm-none-eabi/13.2.1/thumb/v6-m/nofp/crtbegin.o
LOAD C:/Users/yamap/.pico-sdk/toolchain/13_2_Rel1/bin/../lib/gcc/arm-none-eabi/13.2.1/thumb/v6-m/nofp/crt0.o

.flash_begin    0x10000000        0x0
                0x10000000                        __flash_binary_start = .

.boot2          0x10000000      0x100
                0x10000000                        __boot2_start__ = .
 *(.boot2)
 .boot2         0x10000000      0x100 C:\Users\yamap\AppData\Local\Temp\cckntUJ6.o
                0x10000100                        __boot2_end__ = .
                0x00000001                        ASSERT (((__boot2_end__ - __boot2_start__) == 0x100), ERROR: Pico second stage bootloader must be 256 bytes in size)

.text           0x10000100     0x6078
                0x10000100                        __logical_binary_start = .
 *(.vectors)
 .vectors       0x10000100       0xd4 CMakeFiles/station_main.dir/C_/Users/yamap/.pico-sdk/sdk/2.0.0/src/rp2_common/pico_crt0/crt0.S.obj
                0x10000100                __VECTOR_TABLE
                0x10000100                __vectors
                0x100001c0                isr_invalid
                0x100001c0                __default_isrs_start
                0x100001c2                isr_nmi
                0x100001c4                isr_hardfault
                0x100001c6                isr_svcall
                0x100001c8                isr_pendsv
                0x100001ca                isr_systick
                0x100001cc                isr_irq23
                0x100001cc                isr_irq18
                0x100001cc                isr_irq11
                0x100001cc                isr_irq28
                0x100001cc                isr_irq19
                0x100001cc                isr_irq0
                0x100001cc                isr_irq6
                0x100001cc                isr_irq5
                0x100001cc                isr_irq12
                0x100001cc                isr_irq22
                0x100001cc                isr_irq31
                0x100001cc                isr_irq17
                0x100001cc                isr_irq27
                0x100001cc                isr_irq30
                0x100001cc                isr_irq2
                0x100001cc                isr_irq10
                0x100001cc                isr_irq8
                0x100001cc                isr_irq24
                0x100001cc                isr_irq1
                0x100001cc                isr_irq7
                0x100001cc                isr_irq21
                0x100001cc                isr_irq20
                0x100001cc                isr_irq15
                0x100001cc                isr_irq25
                0x100001cc                isr_irq13
                0x100001cc                __unhandled_user_irq
                0x100001cc                isr_irq4
                0x100001cc                isr_irq16
                0x100001cc                isr_irq29
                0x100001cc                isr_irq26
                0x100001cc                __default_isrs_end
                0x100001cc                isr_irq3
                0x100001cc                isr_irq14
                0x100001cc                isr_irq9
                0x100001d2                unhandled_user_irq_num_in_r0
 *(.binary_info_header)
 .binary_info_header
                0x100001d4       0x14 CMakeFiles/station_main.dir/C_/Users/yamap/.pico-sdk/sdk/2.0.0/src/rp2_common/pico_crt0/crt0.S.obj
                0x100001e8                        __binary_info_header_end = .
 *(.embedded_block)
                0x100001e8                        __embedded_block_end = .
 *(.reset)
 .reset         0x100001e8       0x9c CMakeFiles/station_main.dir/C_/Users/yamap/.pico-sdk/sdk/2.0.0/src/rp2_common/pico_crt0/crt0.S.obj
                0x100001e8                _entry_point
 *(.init)
 .init          0x10000284        0x4 C:/Users/yamap/.pico-sdk/toolchain/13_2_Rel1/bin/../lib/gcc/arm-none-eabi/13.2.1/thumb/v6-m/nofp/crti.o
                0x10000284                _init
 *(EXCLUDE_FILE(*libm.a: *libc.a:*lib_a-mem*.o *libgcc.a:) .text*)
 .text.register_tm_clones
                0x10000288       0x28 C:/Users/yamap/.pico-sdk/toolchain/13_2_Rel1/bin/../lib/gcc/arm-none-eabi/13.2.1/thumb/v6-m/nofp/crtbegin.o
 .text.frame_dummy
                0x100002b0       0x24 C:/Users/yamap/.pico-sdk/toolchain/13_2_Rel1/bin/../lib/gcc/arm-none-eabi/13.2.1/thumb/v6-m/nofp/crtbegin.o
 .text.drawScrollText.part.0
                0x100002d4       0x7c CMakeFiles/station_main.dir/station_main.c.obj
 .text.timer_ctrl
                0x10000350       0xa4 CMakeFiles/station_main.dir/station_main.c.obj
                0x10000350                timer_ctrl
 .text.setDisplayMode
                0x100003f4      0x144 CMakeFiles/station_main.dir/station_main.c.obj
                0x100003f4                setDisplayMode
 .text.switchLanguage
                0x10000538       0xb0 CMakeFiles/station_main.dir/station_main.c.obj
                0x10000538                switchLanguage
 .text.drawLcdDisplay
                0x100005e8      0x51c CMakeFiles/station_main.dir/station_main.c.obj
                0x100005e8                drawLcdDisplay
 .text.startup.main
                0x10000b04      0x594 CMakeFiles/station_main.dir/station_main.c.obj
                0x10000b04                main
 .text.locateLcdPrintf
                0x10001098       0x18 CMakeFiles/station_main.dir/st7789.c.obj
                0x10001098                locateLcdPrintf
 .text.setColorLcdPrintf
                0x100010b0       0x14 CMakeFiles/station_main.dir/st7789.c.obj
                0x100010b0                setColorLcdPrintf
 .text.initializeSt7789
                0x100010c4      0x420 CMakeFiles/station_main.dir/st7789.c.obj
                0x100010c4                initializeSt7789
 .text.setAddressWindowSt7789
                0x100014e4      0x110 CMakeFiles/station_main.dir/st7789.c.obj
                0x100014e4                setAddressWindowSt7789
 .text.fillRectangleSt7789
                0x100015f4       0x78 CMakeFiles/station_main.dir/st7789.c.obj
                0x100015f4                fillRectangleSt7789
 .text.fillScreenSt7789
                0x1000166c       0x64 CMakeFiles/station_main.dir/st7789.c.obj
                0x1000166c                fillScreenSt7789
 .text.send1PixelColor
                0x100016d0       0x24 CMakeFiles/station_main.dir/st7789.c.obj
                0x100016d0                send1PixelColor
 .text.setRotationSt7789
                0x100016f4       0xac CMakeFiles/station_main.dir/st7789.c.obj
                0x100016f4                setRotationSt7789
 .text.draw8x8Charx2
                0x100017a0      0x3a8 CMakeFiles/station_main.dir/st7789.c.obj
                0x100017a0                draw8x8Charx2
 .text.printfSt7789
                0x10001b48       0x84 CMakeFiles/station_main.dir/st7789.c.obj
                0x10001b48                printfSt7789
 .text.draw24x24Char
                0x10001bcc      0x144 CMakeFiles/station_main.dir/st7789.c.obj
                0x10001bcc                draw24x24Char
 .text.draw16x24Char
                0x10001d10       0xe0 CMakeFiles/station_main.dir/st7789.c.obj
                0x10001d10                draw16x24Char
 .text.drawBMP_A
                0x10001df0       0x90 CMakeFiles/station_main.dir/st7789.c.obj
                0x10001df0                drawBMP_A
 .text.drawBMP_B
                0x10001e80       0xd4 CMakeFiles/station_main.dir/st7789.c.obj
                0x10001e80                drawBMP_B
 .text.drawTrainType
                0x10001f54       0x60 CMakeFiles/station_main.dir/station_disp.c.obj
                0x10001f54                drawTrainType
 .text.drawDestination
                0x10001fb4       0x74 CMakeFiles/station_main.dir/station_disp.c.obj
                0x10001fb4                drawDestination
 .text.drawTime
                0x10002028      0x1bc CMakeFiles/station_main.dir/station_disp.c.obj
                0x10002028                drawTime
 .text.drawScroll24x24Char
                0x100021e4       0xb8 CMakeFiles/station_main.dir/station_disp.c.obj
                0x100021e4                drawScroll24x24Char
 .text.drawRailway
                0x1000229c       0x90 CMakeFiles/station_main.dir/station_disp.c.obj
                0x1000229c                drawRailway
 .text.drawMapInfo
                0x1000232c       0xd4 CMakeFiles/station_main.dir/station_disp.c.obj
                0x1000232c                drawMapInfo
 .text.drawApproaching
                0x10002400       0x80 CMakeFiles/station_main.dir/station_disp.c.obj
                0x10002400                drawApproaching
 .text.initializeClock
                0x10002480       0x10 CMakeFiles/station_main.dir/timer_ctrl.c.obj
                0x10002480                initializeClock
 .text.getClock
                0x10002490       0x2c CMakeFiles/station_main.dir/timer_ctrl.c.obj
                0x10002490                getClock
 .text.repeating_timer_callback
                0x100024bc       0xe0 CMakeFiles/station_main.dir/timer_ctrl.c.obj
                0x100024bc                repeating_timer_callback
 .text.clear100msecTimer
                0x1000259c        0xc CMakeFiles/station_main.dir/timer_ctrl.c.obj
                0x1000259c                clear100msecTimer
 .text.brinktimer
                0x100025a8       0x14 CMakeFiles/station_main.dir/timer_ctrl.c.obj
                0x100025a8                brinktimer
 .text.chk10msec
                0x100025bc       0x14 CMakeFiles/station_main.dir/timer_ctrl.c.obj
                0x100025bc                chk10msec
 .text.isBefore
                0x100025d0       0x34 CMakeFiles/station_main.dir/timer_ctrl.c.obj
                0x100025d0                isBefore
 .text.getTimeDifference
                0x10002604       0x54 CMakeFiles/station_main.dir/timer_ctrl.c.obj
                0x10002604                getTimeDifference
 .text.gpio_set_function
                0x10002658       0x34 CMakeFiles/station_main.dir/C_/Users/yamap/.pico-sdk/sdk/2.0.0/src/rp2_common/hardware_gpio/gpio.c.obj
                0x10002658                gpio_set_function
 .text.gpio_set_pulls
                0x1000268c       0x28 CMakeFiles/station_main.dir/C_/Users/yamap/.pico-sdk/sdk/2.0.0/src/rp2_common/hardware_gpio/gpio.c.obj
                0x1000268c                gpio_set_pulls
 .text.gpio_init
                0x100026b4       0x40 CMakeFiles/station_main.dir/C_/Users/yamap/.pico-sdk/sdk/2.0.0/src/rp2_common/hardware_gpio/gpio.c.obj
                0x100026b4                gpio_init
 .text.panic    0x100026f4       0x30 CMakeFiles/station_main.dir/C_/Users/yamap/.pico-sdk/sdk/2.0.0/src/rp2_common/pico_platform_panic/panic.c.obj
                0x100026f4                panic
 .text.hw_claim_or_assert
                0x10002724       0x44 CMakeFiles/station_main.dir/C_/Users/yamap/.pico-sdk/sdk/2.0.0/src/common/hardware_claim/claim.c.obj
                0x10002724                hw_claim_or_assert
 .text.next_striped_spin_lock_num
                0x10002768       0x18 CMakeFiles/station_main.dir/C_/Users/yamap/.pico-sdk/sdk/2.0.0/src/rp2_common/hardware_sync/sync.c.obj
                0x10002768                next_striped_spin_lock_num
 .text.spin_locks_reset
                0x10002780       0x1c CMakeFiles/station_main.dir/C_/Users/yamap/.pico-sdk/sdk/2.0.0/src/rp2_common/hardware_sync_spin_lock/sync_spin_lock.c.obj
                0x10002780                spin_locks_reset
 .text.runtime_init_per_core_irq_priorities
                0x1000279c       0x24 CMakeFiles/station_main.dir/C_/Users/yamap/.pico-sdk/sdk/2.0.0/src/rp2_common/hardware_irq/irq.c.obj
                0x1000279c                runtime_init_per_core_irq_priorities
 .text.irq_set_enabled
                0x100027c0       0x24 CMakeFiles/station_main.dir/C_/Users/yamap/.pico-sdk/sdk/2.0.0/src/rp2_common/hardware_irq/irq.c.obj
                0x100027c0                irq_set_enabled
 .text.irq_set_exclusive_handler
                0x100027e4       0x54 CMakeFiles/station_main.dir/C_/Users/yamap/.pico-sdk/sdk/2.0.0/src/rp2_common/hardware_irq/irq.c.obj
                0x100027e4                irq_set_exclusive_handler
 .text.lock_init
                0x10002838       0x10 CMakeFiles/station_main.dir/C_/Users/yamap/.pico-sdk/sdk/2.0.0/src/common/pico_sync/lock_core.c.obj
                0x10002838                lock_init
 .text.runtime_init_mutex
                0x10002848       0x50 CMakeFiles/station_main.dir/C_/Users/yamap/.pico-sdk/sdk/2.0.0/src/common/pico_sync/mutex.c.obj
                0x10002848                runtime_init_mutex
 .text.sleep_until_callback
                0x10002898       0x30 CMakeFiles/station_main.dir/C_/Users/yamap/.pico-sdk/sdk/2.0.0/src/common/pico_time/time.c.obj
 .text.alarm_pool_irq_handler
                0x100028c8      0x2e4 CMakeFiles/station_main.dir/C_/Users/yamap/.pico-sdk/sdk/2.0.0/src/common/pico_time/time.c.obj
 .text.runtime_init_default_alarm_pool
                0x10002bac       0xdc CMakeFiles/station_main.dir/C_/Users/yamap/.pico-sdk/sdk/2.0.0/src/common/pico_time/time.c.obj
                0x10002bac                runtime_init_default_alarm_pool
 .text.alarm_pool_get_default
                0x10002c88        0x8 CMakeFiles/station_main.dir/C_/Users/yamap/.pico-sdk/sdk/2.0.0/src/common/pico_time/time.c.obj
                0x10002c88                alarm_pool_get_default
 .text.alarm_pool_add_alarm_at_force_in_context
                0x10002c90       0xb0 CMakeFiles/station_main.dir/C_/Users/yamap/.pico-sdk/sdk/2.0.0/src/common/pico_time/time.c.obj
                0x10002c90                alarm_pool_add_alarm_at_force_in_context
 .text.alarm_pool_cancel_alarm
                0x10002d40       0x74 CMakeFiles/station_main.dir/C_/Users/yamap/.pico-sdk/sdk/2.0.0/src/common/pico_time/time.c.obj
                0x10002d40                alarm_pool_cancel_alarm
 .text.sleep_until
                0x10002db4       0xd8 CMakeFiles/station_main.dir/C_/Users/yamap/.pico-sdk/sdk/2.0.0/src/common/pico_time/time.c.obj
                0x10002db4                sleep_until
 .text.sleep_ms
                0x10002e8c       0x38 CMakeFiles/station_main.dir/C_/Users/yamap/.pico-sdk/sdk/2.0.0/src/common/pico_time/time.c.obj
                0x10002e8c                sleep_ms
 .text.best_effort_wfe_or_timeout
                0x10002ec4      0x134 CMakeFiles/station_main.dir/C_/Users/yamap/.pico-sdk/sdk/2.0.0/src/common/pico_time/time.c.obj
                0x10002ec4                best_effort_wfe_or_timeout
 .text.alarm_pool_add_repeating_timer_us
                0x10002ff8      0x128 CMakeFiles/station_main.dir/C_/Users/yamap/.pico-sdk/sdk/2.0.0/src/common/pico_time/time.c.obj
                0x10002ff8                alarm_pool_add_repeating_timer_us
 .text.timer_hardware_alarm_claim
                0x10003120       0x14 CMakeFiles/station_main.dir/C_/Users/yamap/.pico-sdk/sdk/2.0.0/src/rp2_common/hardware_timer/timer.c.obj
                0x10003120                timer_hardware_alarm_claim
 .text.timer_time_us_64
                0x10003134       0x10 CMakeFiles/station_main.dir/C_/Users/yamap/.pico-sdk/sdk/2.0.0/src/rp2_common/hardware_timer/timer.c.obj
                0x10003134                timer_time_us_64
 .text.time_us_64
                0x10003144       0x14 CMakeFiles/station_main.dir/C_/Users/yamap/.pico-sdk/sdk/2.0.0/src/rp2_common/hardware_timer/timer.c.obj
                0x10003144                time_us_64
 .text.busy_wait_until
                0x10003158       0x20 CMakeFiles/station_main.dir/C_/Users/yamap/.pico-sdk/sdk/2.0.0/src/rp2_common/hardware_timer/timer.c.obj
                0x10003158                busy_wait_until
 .text.clock_configure_int_divider
                0x10003178       0xf4 CMakeFiles/station_main.dir/C_/Users/yamap/.pico-sdk/sdk/2.0.0/src/rp2_common/hardware_clocks/clocks.c.obj
                0x10003178                clock_configure_int_divider
 .text.clock_configure_undivided
                0x1000326c       0xe8 CMakeFiles/station_main.dir/C_/Users/yamap/.pico-sdk/sdk/2.0.0/src/rp2_common/hardware_clocks/clocks.c.obj
                0x1000326c                clock_configure_undivided
 .text.clock_get_hz
                0x10003354        0xc CMakeFiles/station_main.dir/C_/Users/yamap/.pico-sdk/sdk/2.0.0/src/rp2_common/hardware_clocks/clocks.c.obj
                0x10003354                clock_get_hz
 .text.pll_init
                0x10003360       0xa4 CMakeFiles/station_main.dir/C_/Users/yamap/.pico-sdk/sdk/2.0.0/src/rp2_common/hardware_pll/pll.c.obj
                0x10003360                pll_init
 .text.tick_start
                0x10003404       0x10 CMakeFiles/station_main.dir/C_/Users/yamap/.pico-sdk/sdk/2.0.0/src/rp2_common/hardware_ticks/ticks.c.obj
                0x10003404                tick_start
 .text.xosc_init
                0x10003414       0x28 CMakeFiles/station_main.dir/C_/Users/yamap/.pico-sdk/sdk/2.0.0/src/rp2_common/hardware_xosc/xosc.c.obj
                0x10003414                xosc_init
 .text.first_per_core_initializer
                0x1000343c        0x4 CMakeFiles/station_main.dir/C_/Users/yamap/.pico-sdk/sdk/2.0.0/src/rp2_common/pico_runtime/runtime.c.obj
 .text.hard_assertion_failure
                0x10003440        0xc CMakeFiles/station_main.dir/C_/Users/yamap/.pico-sdk/sdk/2.0.0/src/rp2_common/pico_runtime/runtime.c.obj
                0x10003440                hard_assertion_failure
 .text.runtime_run_initializers
                0x1000344c       0x28 CMakeFiles/station_main.dir/C_/Users/yamap/.pico-sdk/sdk/2.0.0/src/rp2_common/pico_runtime/runtime.c.obj
                0x1000344c                runtime_run_initializers
 .text.runtime_init_early_resets
                0x10003474       0x2c CMakeFiles/station_main.dir/C_/Users/yamap/.pico-sdk/sdk/2.0.0/src/rp2_common/pico_runtime_init/runtime_init.c.obj
                0x10003474                runtime_init_early_resets
 .text.runtime_init_usb_power_down
                0x100034a0       0x1c CMakeFiles/station_main.dir/C_/Users/yamap/.pico-sdk/sdk/2.0.0/src/rp2_common/pico_runtime_init/runtime_init.c.obj
                0x100034a0                runtime_init_usb_power_down
 .text.runtime_init_post_clock_resets
                0x100034bc       0x20 CMakeFiles/station_main.dir/C_/Users/yamap/.pico-sdk/sdk/2.0.0/src/rp2_common/pico_runtime_init/runtime_init.c.obj
                0x100034bc                runtime_init_post_clock_resets
 .text.runtime_init_rp2040_gpio_ie_disable
                0x100034dc       0x14 CMakeFiles/station_main.dir/C_/Users/yamap/.pico-sdk/sdk/2.0.0/src/rp2_common/pico_runtime_init/runtime_init.c.obj
                0x100034dc                runtime_init_rp2040_gpio_ie_disable
 .text.runtime_init_spin_locks_reset
                0x100034f0        0x8 CMakeFiles/station_main.dir/C_/Users/yamap/.pico-sdk/sdk/2.0.0/src/rp2_common/pico_runtime_init/runtime_init.c.obj
                0x100034f0                runtime_init_spin_locks_reset
 .text.runtime_init_install_ram_vector_table
                0x100034f8       0x1c CMakeFiles/station_main.dir/C_/Users/yamap/.pico-sdk/sdk/2.0.0/src/rp2_common/pico_runtime_init/runtime_init.c.obj
                0x100034f8                runtime_init_install_ram_vector_table
 .text.runtime_init_clocks
                0x10003514       0xd8 CMakeFiles/station_main.dir/C_/Users/yamap/.pico-sdk/sdk/2.0.0/src/rp2_common/pico_runtime_init/runtime_init_clocks.c.obj
                0x10003514                runtime_init_clocks
 .text          0x100035ec       0x10 CMakeFiles/station_main.dir/C_/Users/yamap/.pico-sdk/sdk/2.0.0/src/rp2_common/pico_bit_ops/bit_ops_aeabi.S.obj
 .text.rom_func_lookup
                0x100035fc       0x10 CMakeFiles/station_main.dir/C_/Users/yamap/.pico-sdk/sdk/2.0.0/src/rp2_common/pico_bootrom/bootrom.c.obj
                0x100035fc                rom_func_lookup
 .text.rom_data_lookup
                0x1000360c       0x10 CMakeFiles/station_main.dir/C_/Users/yamap/.pico-sdk/sdk/2.0.0/src/rp2_common/pico_bootrom/bootrom.c.obj
                0x1000360c                rom_data_lookup
 .text.rom_funcs_lookup
                0x1000361c       0x44 CMakeFiles/station_main.dir/C_/Users/yamap/.pico-sdk/sdk/2.0.0/src/rp2_common/pico_bootrom/bootrom.c.obj
                0x1000361c                rom_funcs_lookup
 .text.__wrap___aeabi_idiv
                0x10003660       0x50 CMakeFiles/station_main.dir/C_/Users/yamap/.pico-sdk/sdk/2.0.0/src/rp2_common/pico_divider/divider_hardware.S.obj
                0x10003660                __wrap___aeabi_idivmod
                0x10003660                divmod_s32s32
                0x10003660                div_s32s32
                0x10003660                __wrap___aeabi_idiv
                0x10003668                divmod_s32s32_unsafe
                0x10003694                divmod_s32s32_savestate
 .text.__wrap___aeabi_uidiv
                0x100036b0       0x4c CMakeFiles/station_main.dir/C_/Users/yamap/.pico-sdk/sdk/2.0.0/src/rp2_common/pico_divider/divider_hardware.S.obj
                0x100036b0                __wrap___aeabi_uidiv
                0x100036b0                __wrap___aeabi_uidivmod
                0x100036b0                div_u32u32
                0x100036b0                divmod_u32u32
                0x100036b8                divmod_u32u32_unsafe
                0x100036e0                divmod_u32u32_savestate
 .text.__wrap___aeabi_ldiv
                0x100036fc      0x424 CMakeFiles/station_main.dir/C_/Users/yamap/.pico-sdk/sdk/2.0.0/src/rp2_common/pico_divider/divider_hardware.S.obj
                0x100036fc                div_s64s64
                0x100036fc                divmod_s64s64
                0x100036fc                __wrap___aeabi_ldivmod
                0x1000372c                divmod_u64u64
                0x1000372c                div_u64u64
                0x1000372c                __wrap___aeabi_uldivmod
                0x1000373c                divmod_u64u64_savestate
                0x1000375c                divmod_s64s64_unsafe
                0x100037e4                divmod_u64u64_unsafe
 .text.__wrap___aeabi_darithmetic
                0x10003b20       0x80 CMakeFiles/station_main.dir/C_/Users/yamap/.pico-sdk/sdk/2.0.0/src/rp2_common/pico_double/double_aeabi_rp2040.S.obj
                0x10003b20                __wrap___aeabi_drsub
                0x10003b26                __wrap___aeabi_dsub
                0x10003b38                __wrap___aeabi_dadd
                0x10003b4a                __wrap___aeabi_ddiv
                0x10003b86                __wrap___aeabi_dmul
 .text.__wrap___aeabi_cdcmple
                0x10003ba0       0x6c CMakeFiles/station_main.dir/C_/Users/yamap/.pico-sdk/sdk/2.0.0/src/rp2_common/pico_double/double_aeabi_rp2040.S.obj
                0x10003ba0                __wrap___aeabi_cdrcmple
                0x10003bb0                __wrap___aeabi_cdcmpeq
                0x10003bb0                __wrap___aeabi_cdcmple
 .text.__wrap___aeabi_dcmplt
                0x10003c0c        0xc CMakeFiles/station_main.dir/C_/Users/yamap/.pico-sdk/sdk/2.0.0/src/rp2_common/pico_double/double_aeabi_rp2040.S.obj
                0x10003c0c                __wrap___aeabi_dcmplt
 .text.__wrap___aeabi_dcmpge
                0x10003c18       0x10 CMakeFiles/station_main.dir/C_/Users/yamap/.pico-sdk/sdk/2.0.0/src/rp2_common/pico_double/double_aeabi_rp2040.S.obj
                0x10003c18                __wrap___aeabi_dcmpge
 .text.__wrap___aeabi_dcmpgt
                0x10003c28        0xa CMakeFiles/station_main.dir/C_/Users/yamap/.pico-sdk/sdk/2.0.0/src/rp2_common/pico_double/double_aeabi_rp2040.S.obj
                0x10003c28                __wrap___aeabi_dcmpgt
 .text.__wrap___aeabi_dcmpun
                0x10003c32       0x18 CMakeFiles/station_main.dir/C_/Users/yamap/.pico-sdk/sdk/2.0.0/src/rp2_common/pico_double/double_aeabi_rp2040.S.obj
                0x10003c32                __wrap___aeabi_dcmpun
 *fill*         0x10003c4a        0x2 
 .text.__wrap___aeabi_i2d
                0x10003c4c       0x38 CMakeFiles/station_main.dir/C_/Users/yamap/.pico-sdk/sdk/2.0.0/src/rp2_common/pico_double/double_aeabi_rp2040.S.obj
                0x10003c4c                __wrap___aeabi_ui2d
                0x10003c54                __wrap___aeabi_i2d
 .text.__wrap___aeabi_d2iz
                0x10003c84       0x48 CMakeFiles/station_main.dir/C_/Users/yamap/.pico-sdk/sdk/2.0.0/src/rp2_common/pico_double/double_aeabi_rp2040.S.obj
                0x10003c84                double2int_z
                0x10003c84                __wrap___aeabi_d2iz
 .text.__wrap___aeabi_d2uiz
                0x10003ccc       0x18 CMakeFiles/station_main.dir/C_/Users/yamap/.pico-sdk/sdk/2.0.0/src/rp2_common/pico_double/double_aeabi_rp2040.S.obj
                0x10003ccc                __wrap___aeabi_d2uiz
                0x10003ccc                double2uint
 .text.__aeabi_double_init
                0x10003ce4       0xa4 CMakeFiles/station_main.dir/C_/Users/yamap/.pico-sdk/sdk/2.0.0/src/rp2_common/pico_double/double_init_rom_rp2040.c.obj
                0x10003ce4                __aeabi_double_init
 .text.double_table_shim_on_use_helper
                0x10003d88       0x2c CMakeFiles/station_main.dir/C_/Users/yamap/.pico-sdk/sdk/2.0.0/src/rp2_common/pico_double/double_v1_rom_shim_rp2040.S.obj
                0x10003d88                double_table_shim_on_use_helper
 .text.__wrap___aeabi_dsub
                0x10003db4       0x10 CMakeFiles/station_main.dir/C_/Users/yamap/.pico-sdk/sdk/2.0.0/src/rp2_common/pico_double/double_v1_rom_shim_rp2040.S.obj
                0x10003db4                drsub_shim
                0x10003dba                dsub_shim
 .text.dadd_shim
                0x10003dc4      0x15c CMakeFiles/station_main.dir/C_/Users/yamap/.pico-sdk/sdk/2.0.0/src/rp2_common/pico_double/double_v1_rom_shim_rp2040.S.obj
                0x10003dc4                dadd_shim
 .text.dmul_shim
                0x10003f20      0x15c CMakeFiles/station_main.dir/C_/Users/yamap/.pico-sdk/sdk/2.0.0/src/rp2_common/pico_double/double_v1_rom_shim_rp2040.S.obj
                0x10003f20                dmul_shim
 .text.ddiv_shim
                0x1000407c      0x1b0 CMakeFiles/station_main.dir/C_/Users/yamap/.pico-sdk/sdk/2.0.0/src/rp2_common/pico_double/double_v1_rom_shim_rp2040.S.obj
                0x1000407c                ddiv_shim
 .text.double2uint_shim
                0x1000422c        0xe CMakeFiles/station_main.dir/C_/Users/yamap/.pico-sdk/sdk/2.0.0/src/rp2_common/pico_double/double_v1_rom_shim_rp2040.S.obj
                0x1000422c                double2uint_shim
                0x1000422e                double2ufix_shim
 *fill*         0x1000423a        0x2 
 .text.double2uint64_shim
                0x1000423c       0x70 CMakeFiles/station_main.dir/C_/Users/yamap/.pico-sdk/sdk/2.0.0/src/rp2_common/pico_double/double_v1_rom_shim_rp2040.S.obj
                0x1000423c                double2uint64_shim
                0x1000423e                double2ufix64_shim
                0x1000425e                d2fix_a
 .text.dunpacks
                0x100042ac       0x3c CMakeFiles/station_main.dir/C_/Users/yamap/.pico-sdk/sdk/2.0.0/src/rp2_common/pico_double/double_v1_rom_shim_rp2040.S.obj
                0x100042ac                dunpacks
 .text.__aeabi_lmul
                0x100042e8       0x32 CMakeFiles/station_main.dir/C_/Users/yamap/.pico-sdk/sdk/2.0.0/src/rp2_common/pico_int64_ops/pico_int64_ops_aeabi.S.obj
                0x100042e8                __wrap___aeabi_lmul
 *fill*         0x1000431a        0x2 
 .text.__aeabi_float_init
                0x1000431c       0x64 CMakeFiles/station_main.dir/C_/Users/yamap/.pico-sdk/sdk/2.0.0/src/rp2_common/pico_float/float_init_rom_rp2040.c.obj
                0x1000431c                __aeabi_float_init
 .text.float_table_shim_on_use_helper
                0x10004380       0x2c CMakeFiles/station_main.dir/C_/Users/yamap/.pico-sdk/sdk/2.0.0/src/rp2_common/pico_float/float_v1_rom_shim_rp2040.S.obj
                0x10004380                float_table_shim_on_use_helper
 .text          0x100043ac       0x10 CMakeFiles/station_main.dir/C_/Users/yamap/.pico-sdk/sdk/2.0.0/src/rp2_common/pico_mem_ops/mem_ops_aeabi.S.obj
                0x100043ac                __aeabi_mem_init
 .text.memcpy   0x100043bc        0xc CMakeFiles/station_main.dir/C_/Users/yamap/.pico-sdk/sdk/2.0.0/src/rp2_common/pico_mem_ops/mem_ops_aeabi.S.obj
                0x100043bc                __wrap_memcpy
                0x100043bc                __wrap___aeabi_memcpy
 .text._out_buffer
                0x100043c8        0x8 CMakeFiles/station_main.dir/C_/Users/yamap/.pico-sdk/sdk/2.0.0/src/rp2_common/pico_printf/printf.c.obj
 .text._out_null
                0x100043d0        0x4 CMakeFiles/station_main.dir/C_/Users/yamap/.pico-sdk/sdk/2.0.0/src/rp2_common/pico_printf/printf.c.obj
 .text._out_rev
                0x100043d4       0xac CMakeFiles/station_main.dir/C_/Users/yamap/.pico-sdk/sdk/2.0.0/src/rp2_common/pico_printf/printf.c.obj
 .text._ntoa_format
                0x10004480      0x250 CMakeFiles/station_main.dir/C_/Users/yamap/.pico-sdk/sdk/2.0.0/src/rp2_common/pico_printf/printf.c.obj
 .text._out_char
                0x100046d0       0x10 CMakeFiles/station_main.dir/C_/Users/yamap/.pico-sdk/sdk/2.0.0/src/rp2_common/pico_printf/printf.c.obj
 .text._out_fct
                0x100046e0       0x10 CMakeFiles/station_main.dir/C_/Users/yamap/.pico-sdk/sdk/2.0.0/src/rp2_common/pico_printf/printf.c.obj
 .text._etoa    0x100046f0      0x464 CMakeFiles/station_main.dir/C_/Users/yamap/.pico-sdk/sdk/2.0.0/src/rp2_common/pico_printf/printf.c.obj
 .text._ftoa    0x10004b54      0x3c0 CMakeFiles/station_main.dir/C_/Users/yamap/.pico-sdk/sdk/2.0.0/src/rp2_common/pico_printf/printf.c.obj
 .text._vsnprintf
                0x10004f14      0xbc8 CMakeFiles/station_main.dir/C_/Users/yamap/.pico-sdk/sdk/2.0.0/src/rp2_common/pico_printf/printf.c.obj
 .text.__wrap_vsnprintf
                0x10005adc       0x1c CMakeFiles/station_main.dir/C_/Users/yamap/.pico-sdk/sdk/2.0.0/src/rp2_common/pico_printf/printf.c.obj
                0x10005adc                __wrap_vsnprintf
 .text.vfctprintf
                0x10005af8       0x20 CMakeFiles/station_main.dir/C_/Users/yamap/.pico-sdk/sdk/2.0.0/src/rp2_common/pico_printf/printf.c.obj
                0x10005af8                vfctprintf
 .text.weak_raw_vprintf
                0x10005b18       0x30 CMakeFiles/station_main.dir/C_/Users/yamap/.pico-sdk/sdk/2.0.0/src/rp2_common/pico_printf/printf.c.obj
                0x10005b18                weak_raw_vprintf
 .text._exit    0x10005b48        0x4 CMakeFiles/station_main.dir/C_/Users/yamap/.pico-sdk/sdk/2.0.0/src/rp2_common/pico_clib_interface/newlib_interface.c.obj
                0x10005b48                _exit
 .text.exit     0x10005b4c        0x8 CMakeFiles/station_main.dir/C_/Users/yamap/.pico-sdk/sdk/2.0.0/src/rp2_common/pico_clib_interface/newlib_interface.c.obj
                0x10005b4c                exit
 .text.runtime_init
                0x10005b54       0x2c CMakeFiles/station_main.dir/C_/Users/yamap/.pico-sdk/sdk/2.0.0/src/rp2_common/pico_clib_interface/newlib_interface.c.obj
                0x10005b54                runtime_init
 .text.stdio_out_chars_no_crlf
                0x10005b80       0x10 CMakeFiles/station_main.dir/C_/Users/yamap/.pico-sdk/sdk/2.0.0/src/rp2_common/pico_stdio/stdio.c.obj
 .text.stdio_out_chars_crlf
                0x10005b90       0x94 CMakeFiles/station_main.dir/C_/Users/yamap/.pico-sdk/sdk/2.0.0/src/rp2_common/pico_stdio/stdio.c.obj
 .text.stdio_buffered_printer
                0x10005c24       0x64 CMakeFiles/station_main.dir/C_/Users/yamap/.pico-sdk/sdk/2.0.0/src/rp2_common/pico_stdio/stdio.c.obj
 .text.stdio_put_string
                0x10005c88      0x100 CMakeFiles/station_main.dir/C_/Users/yamap/.pico-sdk/sdk/2.0.0/src/rp2_common/pico_stdio/stdio.c.obj
                0x10005c88                stdio_put_string
 .text.stdio_init_all
                0x10005d88        0x4 CMakeFiles/station_main.dir/C_/Users/yamap/.pico-sdk/sdk/2.0.0/src/rp2_common/pico_stdio/stdio.c.obj
                0x10005d88                stdio_init_all
 .text.__wrap_putchar
                0x10005d8c       0x98 CMakeFiles/station_main.dir/C_/Users/yamap/.pico-sdk/sdk/2.0.0/src/rp2_common/pico_stdio/stdio.c.obj
                0x10005d8c                __wrap_putchar
                0x10005d8c                stdio_putchar
 .text.__wrap_puts
                0x10005e24       0x3c CMakeFiles/station_main.dir/C_/Users/yamap/.pico-sdk/sdk/2.0.0/src/rp2_common/pico_stdio/stdio.c.obj
                0x10005e24                stdio_puts
                0x10005e24                __wrap_puts
 .text.__wrap_vprintf
                0x10005e60       0xd4 CMakeFiles/station_main.dir/C_/Users/yamap/.pico-sdk/sdk/2.0.0/src/rp2_common/pico_stdio/stdio.c.obj
                0x10005e60                stdio_vprintf
                0x10005e60                __wrap_vprintf
 .text.__wrap_printf
                0x10005f34       0x18 CMakeFiles/station_main.dir/C_/Users/yamap/.pico-sdk/sdk/2.0.0/src/rp2_common/pico_stdio/stdio.c.obj
                0x10005f34                __wrap_printf
                0x10005f34                stdio_printf
 .text.spi_init
                0x10005f4c      0x13c CMakeFiles/station_main.dir/C_/Users/yamap/.pico-sdk/sdk/2.0.0/src/rp2_common/hardware_spi/spi.c.obj
                0x10005f4c                spi_init
 .text.strlen   0x10006088       0x5c C:/Users/yamap/.pico-sdk/toolchain/13_2_Rel1/bin/../lib/gcc/arm-none-eabi/13.2.1/thumb/v6-m/nofp\libg.a(libc_a-strlen-stub.o)
                0x10006088                strlen
 *(.fini)
 .fini          0x100060e4        0x4 C:/Users/yamap/.pico-sdk/toolchain/13_2_Rel1/bin/../lib/gcc/arm-none-eabi/13.2.1/thumb/v6-m/nofp/crti.o
                0x100060e4                _fini
 .fini.__stub   0x100060e8       0x50 linker stubs
 *crtbegin.o(.ctors)
 *crtbegin?.o(.ctors)
 *(EXCLUDE_FILE(*crtend.o *crtend?.o) .ctors)
 *(SORT_BY_NAME(.ctors.*))
 *(.ctors)
 *crtbegin.o(.dtors)
 *crtbegin?.o(.dtors)
 *(EXCLUDE_FILE(*crtend.o *crtend?.o) .dtors)
 *(SORT_BY_NAME(.dtors.*))
 *(.dtors)
                0x10006138                        . = ALIGN (0x4)
                0x10006138                        PROVIDE (__preinit_array_start = .)
 *(SORT_BY_NAME(.preinit_array.*))
 .preinit_array.00100
                0x10006138        0x4 CMakeFiles/station_main.dir/C_/Users/yamap/.pico-sdk/sdk/2.0.0/src/rp2_common/pico_runtime_init/runtime_init.c.obj
                0x10006138                __pre_init_runtime_init_early_resets
 .preinit_array.00101
                0x1000613c        0x4 CMakeFiles/station_main.dir/C_/Users/yamap/.pico-sdk/sdk/2.0.0/src/rp2_common/pico_runtime_init/runtime_init.c.obj
                0x1000613c                __pre_init_runtime_init_usb_power_down
 .preinit_array.00275
                0x10006140        0x4 CMakeFiles/station_main.dir/C_/Users/yamap/.pico-sdk/sdk/2.0.0/src/rp2_common/pico_bit_ops/bit_ops_aeabi.S.obj
 .preinit_array.00300
                0x10006144        0x4 CMakeFiles/station_main.dir/C_/Users/yamap/.pico-sdk/sdk/2.0.0/src/rp2_common/pico_mem_ops/mem_ops_aeabi.S.obj
 .preinit_array.00350
                0x10006148        0x4 CMakeFiles/station_main.dir/C_/Users/yamap/.pico-sdk/sdk/2.0.0/src/rp2_common/pico_double/double_aeabi_rp2040.S.obj
 .preinit_array.00350
                0x1000614c        0x4 CMakeFiles/station_main.dir/C_/Users/yamap/.pico-sdk/sdk/2.0.0/src/rp2_common/pico_float/float_aeabi_rp2040.S.obj
 .preinit_array.00500
                0x10006150        0x4 CMakeFiles/station_main.dir/C_/Users/yamap/.pico-sdk/sdk/2.0.0/src/rp2_common/pico_runtime_init/runtime_init.c.obj
                0x10006150                __pre_init_runtime_init_clocks
 .preinit_array.00600
                0x10006154        0x4 CMakeFiles/station_main.dir/C_/Users/yamap/.pico-sdk/sdk/2.0.0/src/rp2_common/pico_runtime_init/runtime_init.c.obj
                0x10006154                __pre_init_runtime_init_post_clock_resets
 .preinit_array.00700
                0x10006158        0x4 CMakeFiles/station_main.dir/C_/Users/yamap/.pico-sdk/sdk/2.0.0/src/rp2_common/pico_runtime_init/runtime_init.c.obj
                0x10006158                __pre_init_runtime_init_rp2040_gpio_ie_disable
 .preinit_array.01000
                0x1000615c        0x4 CMakeFiles/station_main.dir/C_/Users/yamap/.pico-sdk/sdk/2.0.0/src/rp2_common/pico_runtime_init/runtime_init.c.obj
                0x1000615c                __pre_init_runtime_init_spin_locks_reset
 .preinit_array.01100
                0x10006160        0x4 CMakeFiles/station_main.dir/C_/Users/yamap/.pico-sdk/sdk/2.0.0/src/common/pico_sync/mutex.c.obj
                0x10006160                __pre_init_runtime_init_mutex
 .preinit_array.10080
                0x10006164        0x4 CMakeFiles/station_main.dir/C_/Users/yamap/.pico-sdk/sdk/2.0.0/src/rp2_common/pico_runtime_init/runtime_init.c.obj
                0x10006164                __pre_init_runtime_init_install_ram_vector_table
 .preinit_array.11000
                0x10006168        0x4 CMakeFiles/station_main.dir/C_/Users/yamap/.pico-sdk/sdk/2.0.0/src/common/pico_time/time.c.obj
                0x10006168                __pre_init_runtime_init_default_alarm_pool
 .preinit_array.YYYYY
                0x1000616c        0x4 CMakeFiles/station_main.dir/C_/Users/yamap/.pico-sdk/sdk/2.0.0/src/rp2_common/pico_runtime/runtime.c.obj
                0x1000616c                __pre_init_first_per_core_initializer
 .preinit_array.ZZZZZ.01200
                0x10006170        0x4 CMakeFiles/station_main.dir/C_/Users/yamap/.pico-sdk/sdk/2.0.0/src/rp2_common/hardware_irq/irq.c.obj
                0x10006170                __pre_init_runtime_init_per_core_irq_priorities
 *(.preinit_array)
                0x10006174                        PROVIDE (__preinit_array_end = .)
                0x10006174                        . = ALIGN (0x4)
                0x10006174                        PROVIDE (__init_array_start = .)
 *(SORT_BY_NAME(.init_array.*))
 *(.init_array)
 .init_array    0x10006174        0x4 C:/Users/yamap/.pico-sdk/toolchain/13_2_Rel1/bin/../lib/gcc/arm-none-eabi/13.2.1/thumb/v6-m/nofp/crtbegin.o
                0x10006178                        PROVIDE (__init_array_end = .)
                0x10006178                        . = ALIGN (0x4)
                [!provide]                        PROVIDE (__fini_array_start = .)
 *(SORT_BY_NAME(.fini_array.*))
 *(.fini_array)
                [!provide]                        PROVIDE (__fini_array_end = .)
 *(.eh_frame*)
 .eh_frame      0x10006178        0x0 C:/Users/yamap/.pico-sdk/toolchain/13_2_Rel1/bin/../lib/gcc/arm-none-eabi/13.2.1/thumb/v6-m/nofp/crtbegin.o
                0x10006178                        . = ALIGN (0x4)

.glue_7         0x10006178        0x0
 .glue_7        0x10006178        0x0 linker stubs

.glue_7t        0x10006178        0x0
 .glue_7t       0x10006178        0x0 linker stubs

.vfp11_veneer   0x10006178        0x0
 .vfp11_veneer  0x10006178        0x0 linker stubs

.v4_bx          0x10006178        0x0
 .v4_bx         0x10006178        0x0 linker stubs

.iplt           0x10006178        0x0
 .iplt          0x10006178        0x0 C:/Users/yamap/.pico-sdk/toolchain/13_2_Rel1/bin/../lib/gcc/arm-none-eabi/13.2.1/thumb/v6-m/nofp/crtbegin.o

.rodata         0x10006178     0x9434
 *(EXCLUDE_FILE(*libm.a: *libc.a:*lib_a-mem*.o *libgcc.a:) .rodata*)
 .rodata.setDisplayMode
                0x10006178       0x18 CMakeFiles/station_main.dir/station_main.c.obj
 .rodata.switchLanguage
                0x10006190       0x28 CMakeFiles/station_main.dir/station_main.c.obj
 .rodata.drawLcdDisplay.str1.4
                0x100061b8      0x15d CMakeFiles/station_main.dir/station_main.c.obj
                                 0x36 (size before relaxing)
 *fill*         0x10006315        0x3 
 .rodata.drawLcdDisplay
                0x10006318       0x2c CMakeFiles/station_main.dir/station_main.c.obj
 .rodata.main.str1.4
                0x10006344       0x94 CMakeFiles/station_main.dir/station_main.c.obj
 .rodata.main   0x10006344       0x14 CMakeFiles/station_main.dir/station_main.c.obj
 .rodata.font_data
                0x10006358      0x300 CMakeFiles/station_main.dir/font.c.obj
                0x10006358                font_data
 .rodata.BMP_DAT_DOWN
                0x10006658     0x1680 CMakeFiles/station_main.dir/signboard_bmp240.c.obj
                0x10006658                BMP_DAT_DOWN
 .rodata.BMP_DAT_UP
                0x10007cd8     0x1680 CMakeFiles/station_main.dir/signboard_bmp240.c.obj
                0x10007cd8                BMP_DAT_UP
 .rodata.BMP_PLT_DOWN
                0x10009358       0x20 CMakeFiles/station_main.dir/signboard_bmp240.c.obj
                0x10009358                BMP_PLT_DOWN
 .rodata.BMP_PLT_UP
                0x10009378       0x20 CMakeFiles/station_main.dir/signboard_bmp240.c.obj
                0x10009378                BMP_PLT_UP
 .rodata.CSWTCH.19
                0x10009398        0xc CMakeFiles/station_main.dir/station_disp.c.obj
 .rodata.SIGNBOARD24_3
                0x100093a4      0xe74 CMakeFiles/station_main.dir/station_signboard.c.obj
                0x100093a4                SIGNBOARD24_3
 .rodata.SIGNBOARD24_2
                0x1000a218     0x125c CMakeFiles/station_main.dir/station_signboard.c.obj
                0x1000a218                SIGNBOARD24_2
 .rodata.SIGNBOARD24_1
                0x1000b474      0x9c4 CMakeFiles/station_main.dir/station_signboard.c.obj
                0x1000b474                SIGNBOARD24_1
 .rodata.SIGNBOARD24APP_E
                0x1000be38      0x300 CMakeFiles/station_main.dir/stname.c.obj
                0x1000be38                SIGNBOARD24APP_E
 .rodata.SIGNBOARD24APP_J
                0x1000c138      0x300 CMakeFiles/station_main.dir/stname.c.obj
                0x1000c138                SIGNBOARD24APP_J
 .rodata.TRAIN_MODEL
                0x1000c438       0x24 CMakeFiles/station_main.dir/stname.c.obj
                0x1000c438                TRAIN_MODEL
 .rodata.RAILWAY_B
                0x1000c45c      0x120 CMakeFiles/station_main.dir/stname.c.obj
                0x1000c45c                RAILWAY_B
 .rodata.RAILWAY_A
                0x1000c57c      0x120 CMakeFiles/station_main.dir/stname.c.obj
                0x1000c57c                RAILWAY_A
 .rodata.MINUTE_NUM_B
                0x1000c69c      0x210 CMakeFiles/station_main.dir/stname.c.obj
                0x1000c69c                MINUTE_NUM_B
 .rodata.MINUTE_NUM
                0x1000c8ac      0x1e0 CMakeFiles/station_main.dir/stname.c.obj
                0x1000c8ac                MINUTE_NUM
 .rodata.MINUTE_LEFT_E
                0x1000ca8c      0x120 CMakeFiles/station_main.dir/stname.c.obj
                0x1000ca8c                MINUTE_LEFT_E
 .rodata.MINUTE_LEFT_J
                0x1000cbac      0x120 CMakeFiles/station_main.dir/stname.c.obj
                0x1000cbac                MINUTE_LEFT_J
 .rodata.trainTypeFONT24
                0x1000cccc      0x6c0 CMakeFiles/station_main.dir/stname.c.obj
                0x1000cccc                trainTypeFONT24
 .rodata.STNAME_FONT24
                0x1000d38c     0x1800 CMakeFiles/station_main.dir/stname.c.obj
                0x1000d38c                STNAME_FONT24
 .rodata.line2TB
                0x1000eb8c      0x3f2 CMakeFiles/station_main.dir/trainTimetable.c.obj
                0x1000eb8c                line2TB
 *fill*         0x1000ef7e        0x2 
 .rodata.line1TB
                0x1000ef80      0x3e8 CMakeFiles/station_main.dir/trainTimetable.c.obj
                0x1000ef80                line1TB
 .rodata.panic.str1.4
                0x1000f368       0x12 CMakeFiles/station_main.dir/C_/Users/yamap/.pico-sdk/sdk/2.0.0/src/rp2_common/pico_platform_panic/panic.c.obj
 .rodata.timer_hardware_alarm_claim.str1.4
                0x1000f368       0x22 CMakeFiles/station_main.dir/C_/Users/yamap/.pico-sdk/sdk/2.0.0/src/rp2_common/hardware_timer/timer.c.obj
 .rodata.hard_assertion_failure.str1.4
                0x1000f368        0xc CMakeFiles/station_main.dir/C_/Users/yamap/.pico-sdk/sdk/2.0.0/src/rp2_common/pico_runtime/runtime.c.obj
 .rodata.str1.4
                0x1000f368       0x38 CMakeFiles/station_main.dir/C_/Users/yamap/.pico-sdk/sdk/2.0.0/src/rp2_common/pico_standard_binary_info/standard_binary_info.c.obj
 .rodata.__bi_84
                0x1000f368        0xc CMakeFiles/station_main.dir/C_/Users/yamap/.pico-sdk/sdk/2.0.0/src/rp2_common/pico_standard_binary_info/standard_binary_info.c.obj
 .rodata.__bi_60
                0x1000f374        0xc CMakeFiles/station_main.dir/C_/Users/yamap/.pico-sdk/sdk/2.0.0/src/rp2_common/pico_standard_binary_info/standard_binary_info.c.obj
 .rodata.__bi_54
                0x1000f380        0xc CMakeFiles/station_main.dir/C_/Users/yamap/.pico-sdk/sdk/2.0.0/src/rp2_common/pico_standard_binary_info/standard_binary_info.c.obj
 .rodata.__bi_48
                0x1000f38c        0xc CMakeFiles/station_main.dir/C_/Users/yamap/.pico-sdk/sdk/2.0.0/src/rp2_common/pico_standard_binary_info/standard_binary_info.c.obj
 .rodata.__bi_42
                0x1000f398        0xc CMakeFiles/station_main.dir/C_/Users/yamap/.pico-sdk/sdk/2.0.0/src/rp2_common/pico_standard_binary_info/standard_binary_info.c.obj
 .rodata.__bi_34
                0x1000f3a4        0xc CMakeFiles/station_main.dir/C_/Users/yamap/.pico-sdk/sdk/2.0.0/src/rp2_common/pico_standard_binary_info/standard_binary_info.c.obj
 .rodata.__bi_26
                0x1000f3b0        0xc CMakeFiles/station_main.dir/C_/Users/yamap/.pico-sdk/sdk/2.0.0/src/rp2_common/pico_standard_binary_info/standard_binary_info.c.obj
 .rodata._ftoa.str1.4
                0x1000f3bc       0x15 CMakeFiles/station_main.dir/C_/Users/yamap/.pico-sdk/sdk/2.0.0/src/rp2_common/pico_printf/printf.c.obj
 .rodata._vsnprintf
                0x1000f3bc      0x19c CMakeFiles/station_main.dir/C_/Users/yamap/.pico-sdk/sdk/2.0.0/src/rp2_common/pico_printf/printf.c.obj
 .rodata.pow10.0
                0x1000f558       0x50 CMakeFiles/station_main.dir/C_/Users/yamap/.pico-sdk/sdk/2.0.0/src/rp2_common/pico_printf/printf.c.obj
 .rodata.crlf_str.0
                0x1000f5a8        0x2 CMakeFiles/station_main.dir/C_/Users/yamap/.pico-sdk/sdk/2.0.0/src/rp2_common/pico_stdio/stdio.c.obj
                0x1000f5ac                        . = ALIGN (0x4)
 *fill*         0x1000f5aa        0x2 
 *(SORT_BY_ALIGNMENT(SORT_BY_NAME(.flashdata*)))
                0x1000f5ac                        . = ALIGN (0x4)

.ARM.extab
 *(.ARM.extab* .gnu.linkonce.armextab.*)
                0x1000f5ac                        __exidx_start = .

.ARM.exidx
 *(.ARM.exidx* .gnu.linkonce.armexidx.*)
                0x1000f5ac                        __exidx_end = .
                0x1000f5ac                        . = ALIGN (0x4)
                0x1000f5ac                        __binary_info_start = .

.binary_info    0x1000f5ac       0x1c
 *(.binary_info.keep.*)
 .binary_info.keep.__bi_ptr84
                0x1000f5ac        0x4 CMakeFiles/station_main.dir/C_/Users/yamap/.pico-sdk/sdk/2.0.0/src/rp2_common/pico_standard_binary_info/standard_binary_info.c.obj
 .binary_info.keep.__bi_ptr60
                0x1000f5b0        0x4 CMakeFiles/station_main.dir/C_/Users/yamap/.pico-sdk/sdk/2.0.0/src/rp2_common/pico_standard_binary_info/standard_binary_info.c.obj
 .binary_info.keep.__bi_ptr54
                0x1000f5b4        0x4 CMakeFiles/station_main.dir/C_/Users/yamap/.pico-sdk/sdk/2.0.0/src/rp2_common/pico_standard_binary_info/standard_binary_info.c.obj
 .binary_info.keep.__bi_ptr48
                0x1000f5b8        0x4 CMakeFiles/station_main.dir/C_/Users/yamap/.pico-sdk/sdk/2.0.0/src/rp2_common/pico_standard_binary_info/standard_binary_info.c.obj
 .binary_info.keep.__bi_ptr42
                0x1000f5bc        0x4 CMakeFiles/station_main.dir/C_/Users/yamap/.pico-sdk/sdk/2.0.0/src/rp2_common/pico_standard_binary_info/standard_binary_info.c.obj
 .binary_info.keep.__bi_ptr34
                0x1000f5c0        0x4 CMakeFiles/station_main.dir/C_/Users/yamap/.pico-sdk/sdk/2.0.0/src/rp2_common/pico_standard_binary_info/standard_binary_info.c.obj
 .binary_info.keep.__bi_ptr26
                0x1000f5c4        0x4 CMakeFiles/station_main.dir/C_/Users/yamap/.pico-sdk/sdk/2.0.0/src/rp2_common/pico_standard_binary_info/standard_binary_info.c.obj
 *(.binary_info.*)
                0x1000f5c8                        __binary_info_end = .

.rel.dyn        0x1000f5c8        0x0
 .rel.iplt      0x1000f5c8        0x0 C:/Users/yamap/.pico-sdk/toolchain/13_2_Rel1/bin/../lib/gcc/arm-none-eabi/13.2.1/thumb/v6-m/nofp/crtbegin.o
                0x1000f5c8                        . = ALIGN (0x4)

.ram_vector_table
                0x20000000       0xc0
 *(.ram_vector_table)
 .ram_vector_table
                0x20000000       0xc0 CMakeFiles/station_main.dir/C_/Users/yamap/.pico-sdk/sdk/2.0.0/src/rp2_common/pico_runtime_init/runtime_init.c.obj
                0x20000000                ram_vector_table

.uninitialized_data
                0x200000c0        0x0
                0x200000c0                        . = ALIGN (0x4)
 *(.uninitialized_data*)

.data           0x200000c0      0x198 load address 0x1000f5c8
                0x200000c0                        __data_start__ = .
 *(vtable)
 *(.time_critical*)
 .time_critical.mutex_try_enter_block_until
                0x200000c0       0x9c CMakeFiles/station_main.dir/C_/Users/yamap/.pico-sdk/sdk/2.0.0/src/common/pico_sync/mutex.c.obj
                0x200000c0                mutex_try_enter_block_until
 .time_critical.mutex_exit
                0x2000015c       0x28 CMakeFiles/station_main.dir/C_/Users/yamap/.pico-sdk/sdk/2.0.0/src/common/pico_sync/mutex.c.obj
                0x2000015c                mutex_exit
 .time_critical.spi_write_blocking
                0x20000184       0x4c CMakeFiles/station_main.dir/C_/Users/yamap/.pico-sdk/sdk/2.0.0/src/rp2_common/hardware_spi/spi.c.obj
                0x20000184                spi_write_blocking
 *(.text*)
 .text          0x200001d0        0x4 C:/Users/yamap/.pico-sdk/toolchain/13_2_Rel1/bin/../lib/gcc/arm-none-eabi/13.2.1/thumb/v6-m/nofp\libgcc.a(_dvmd_tls.o)
                0x200001d0                __aeabi_idiv0
                0x200001d0                __aeabi_ldiv0
 *fill*         0x200001d4        0x4 
 .text.__stub   0x200001d8       0x10 linker stubs
                0x200001e8                        . = ALIGN (0x4)
 *(.rodata*)
                0x200001e8                        . = ALIGN (0x4)
 *(.data*)
 .data.isBlinkOn
                0x200001e8        0x1 CMakeFiles/station_main.dir/station_main.c.obj
                0x200001e8                isBlinkOn
 *fill*         0x200001e9        0x3 
 .data.gLCD_printf_ColorF
                0x200001ec        0x4 CMakeFiles/station_main.dir/st7789.c.obj
                0x200001ec                gLCD_printf_ColorF
 .data.BMP_RAILWAY_B
                0x200001f0       0x20 CMakeFiles/station_main.dir/stname.c.obj
                0x200001f0                BMP_RAILWAY_B
 .data.striped_spin_lock_num
                0x20000210        0x1 CMakeFiles/station_main.dir/C_/Users/yamap/.pico-sdk/sdk/2.0.0/src/rp2_common/hardware_sync/sync.c.obj
 *fill*         0x20000211        0x3 
 .data.default_alarm_pool
                0x20000214       0x18 CMakeFiles/station_main.dir/C_/Users/yamap/.pico-sdk/sdk/2.0.0/src/common/pico_time/time.c.obj
 *fill*         0x2000022c        0x4 
 .data.aeabi_bits_funcs
                0x20000230       0x10 CMakeFiles/station_main.dir/C_/Users/yamap/.pico-sdk/sdk/2.0.0/src/rp2_common/pico_bit_ops/bit_ops_aeabi.S.obj
                0x20000230                aeabi_bits_funcs
                0x20000240                aeabi_bits_funcs_end
 .data.aeabi_mem_funcs
                0x20000240       0x10 CMakeFiles/station_main.dir/C_/Users/yamap/.pico-sdk/sdk/2.0.0/src/rp2_common/pico_mem_ops/mem_ops_aeabi.S.obj
                0x20000240                aeabi_mem_funcs
                0x20000250                aeabi_mem_funcs_end
                0x20000250                        . = ALIGN (0x4)
 *(.after_data.*)
                0x20000250                        . = ALIGN (0x4)
                0x20000250                        PROVIDE (__mutex_array_start = .)
 *(SORT_BY_NAME(.mutex_array.*))
 *(.mutex_array)
 .mutex_array   0x20000250        0x8 CMakeFiles/station_main.dir/C_/Users/yamap/.pico-sdk/sdk/2.0.0/src/rp2_common/pico_stdio/stdio.c.obj
                0x20000258                        PROVIDE (__mutex_array_end = .)
                0x20000258                        . = ALIGN (0x4)
 *(.jcr)
                0x20000258                        . = ALIGN (0x4)

.tm_clone_table
                0x20000258        0x0 load address 0x1000f760
 .tm_clone_table
                0x20000258        0x0 C:/Users/yamap/.pico-sdk/toolchain/13_2_Rel1/bin/../lib/gcc/arm-none-eabi/13.2.1/thumb/v6-m/nofp/crtbegin.o
 .tm_clone_table
                0x20000258        0x0 C:/Users/yamap/.pico-sdk/toolchain/13_2_Rel1/bin/../lib/gcc/arm-none-eabi/13.2.1/thumb/v6-m/nofp/crtend.o

.igot.plt       0x20000258        0x0 load address 0x1000f760
 .igot.plt      0x20000258        0x0 C:/Users/yamap/.pico-sdk/toolchain/13_2_Rel1/bin/../lib/gcc/arm-none-eabi/13.2.1/thumb/v6-m/nofp/crtbegin.o

.tdata          0x20000258        0x0 load address 0x1000f760
                0x20000258                        . = ALIGN (0x4)
 *(.tdata .tdata.* .gnu.linkonce.td.*)
                0x20000258                        __tdata_end = .
                0x20000258                        PROVIDE (__data_end__ = .)
                0x1000f5c8                        __etext = LOADADDR (.data)

.tbss           0x20000258        0x0 load address 0x1000f760
                0x20000258                        . = ALIGN (0x4)
                0x20000258                        __bss_start__ = .
                0x20000258                        __tls_base = .
 *(.tbss .tbss.* .gnu.linkonce.tb.*)
 *(.tcommon)
                0x20000258                        __tls_end = .

.bss            0x20000258      0x8c0 load address 0x1000f760
                0x20000258                        . = ALIGN (0x4)
                0x20000258                        __tbss_end = .
 *(SORT_BY_ALIGNMENT(SORT_BY_NAME(.bss*)))
 .bss.default_alarm_pool_entries
                0x20000258      0x180 CMakeFiles/station_main.dir/C_/Users/yamap/.pico-sdk/sdk/2.0.0/src/common/pico_time/time.c.obj
 .bss.sd_table  0x200003d8      0x100 CMakeFiles/station_main.dir/C_/Users/yamap/.pico-sdk/sdk/2.0.0/src/rp2_common/pico_double/double_init_rom_rp2040.c.obj
                0x200003d8                sd_table
 .bss.sf_table  0x200004d8      0x100 CMakeFiles/station_main.dir/C_/Users/yamap/.pico-sdk/sdk/2.0.0/src/rp2_common/pico_float/float_init_rom_rp2040.c.obj
                0x200004d8                sf_table
 .bss.claimed   0x200005d8        0x1 CMakeFiles/station_main.dir/C_/Users/yamap/.pico-sdk/sdk/2.0.0/src/rp2_common/hardware_timer/timer.c.obj
 *fill*         0x200005d9        0x3 
 .bss.configured_freq
                0x200005dc       0x28 CMakeFiles/station_main.dir/C_/Users/yamap/.pico-sdk/sdk/2.0.0/src/rp2_common/hardware_clocks/clocks.c.obj
 .bss.drivers   0x20000604        0x4 CMakeFiles/station_main.dir/C_/Users/yamap/.pico-sdk/sdk/2.0.0/src/rp2_common/pico_stdio/stdio.c.obj
 .bss.filter    0x20000608        0x4 CMakeFiles/station_main.dir/C_/Users/yamap/.pico-sdk/sdk/2.0.0/src/rp2_common/pico_stdio/stdio.c.obj
 .bss.gLCD_printf_ColorB
                0x2000060c        0x4 CMakeFiles/station_main.dir/st7789.c.obj
                0x2000060c                gLCD_printf_ColorB
 .bss.gLCD_printf_PosX
                0x20000610        0x4 CMakeFiles/station_main.dir/st7789.c.obj
                0x20000610                gLCD_printf_PosX
 .bss.gLCD_printf_PosY
                0x20000614        0x4 CMakeFiles/station_main.dir/st7789.c.obj
                0x20000614                gLCD_printf_PosY
 .bss.gSpi_colordata
                0x20000618      0x4b0 CMakeFiles/station_main.dir/st7789.c.obj
                0x20000618                gSpi_colordata
 .bss.lazy_vsnprintf
                0x20000ac8        0x4 CMakeFiles/station_main.dir/C_/Users/yamap/.pico-sdk/sdk/2.0.0/src/rp2_common/pico_printf/printf.c.obj
 .bss.object.0  0x20000acc       0x18 C:/Users/yamap/.pico-sdk/toolchain/13_2_Rel1/bin/../lib/gcc/arm-none-eabi/13.2.1/thumb/v6-m/nofp/crtbegin.o
 .bss.pools     0x20000ae4       0x10 CMakeFiles/station_main.dir/C_/Users/yamap/.pico-sdk/sdk/2.0.0/src/common/pico_time/time.c.obj
 .bss.sf_clz_func
                0x20000af4        0x4 CMakeFiles/station_main.dir/C_/Users/yamap/.pico-sdk/sdk/2.0.0/src/rp2_common/pico_double/double_init_rom_rp2040.c.obj
                0x20000af4                sf_clz_func
 .bss.sleep_notifier
                0x20000af8        0x4 CMakeFiles/station_main.dir/C_/Users/yamap/.pico-sdk/sdk/2.0.0/src/common/pico_time/time.c.obj
 .bss.time_now  0x20000afc        0x4 CMakeFiles/station_main.dir/timer_ctrl.c.obj
                0x20000afc                time_now
 .bss.brinktimer100msec
                0x20000b00        0x2 CMakeFiles/station_main.dir/timer_ctrl.c.obj
                0x20000b00                brinktimer100msec
 .bss.count10   0x20000b02        0x2 CMakeFiles/station_main.dir/timer_ctrl.c.obj
                0x20000b02                count10
 .bss.gSpidatanum
                0x20000b04        0x2 CMakeFiles/station_main.dir/st7789.c.obj
                0x20000b04                gSpidatanum
 .bss.offsetx   0x20000b06        0x2 CMakeFiles/station_main.dir/st7789.c.obj
                0x20000b06                offsetx
 .bss.offsety   0x20000b08        0x2 CMakeFiles/station_main.dir/st7789.c.obj
                0x20000b08                offsety
 .bss.phasetimer
                0x20000b0a        0x2 CMakeFiles/station_main.dir/timer_ctrl.c.obj
                0x20000b0a                phasetimer
 .bss.scrolltimer10msec
                0x20000b0c        0x2 CMakeFiles/station_main.dir/timer_ctrl.c.obj
                0x20000b0c                scrolltimer10msec
 .bss.timer100msec
                0x20000b0e        0x2 CMakeFiles/station_main.dir/timer_ctrl.c.obj
                0x20000b0e                timer100msec
 .bss.is100msecTiming
                0x20000b10        0x1 CMakeFiles/station_main.dir/timer_ctrl.c.obj
                0x20000b10                is100msecTiming
 .bss.is10msecTiming
                0x20000b11        0x1 CMakeFiles/station_main.dir/timer_ctrl.c.obj
                0x20000b11                is10msecTiming
 .bss.isChangeByTime
                0x20000b12        0x1 CMakeFiles/station_main.dir/station_main.c.obj
                0x20000b12                isChangeByTime
 .bss.isScrollTiming1
                0x20000b13        0x1 CMakeFiles/station_main.dir/timer_ctrl.c.obj
                0x20000b13                isScrollTiming1
 .bss.isScrollTiming2
                0x20000b14        0x1 CMakeFiles/station_main.dir/timer_ctrl.c.obj
                0x20000b14                isScrollTiming2
 *(COMMON)
                0x20000b18                        . = ALIGN (0x4)
 *fill*         0x20000b15        0x3 
                0x20000b18                        __bss_end__ = .

.heap           0x20000b18    0x3f4e8 load address 0x1000f760
                0x20000b18                        __end__ = .
                0x20000b18                        end = __end__
 *(.heap*)
 .heap          0x20000b18      0x800 CMakeFiles/station_main.dir/C_/Users/yamap/.pico-sdk/sdk/2.0.0/src/rp2_common/pico_crt0/crt0.S.obj
                0x20040000                        . = (ORIGIN (RAM) + LENGTH (RAM))
 *fill*         0x20001318    0x3ece8 
                0x20040000                        __HeapLimit = .

.scratch_x      0x20040000        0x0 load address 0x1000f760
                0x20040000                        __scratch_x_start__ = .
 *(.scratch_x.*)
                0x20040000                        . = ALIGN (0x4)
                0x20040000                        __scratch_x_end__ = .
                0x1000f760                        __scratch_x_source__ = LOADADDR (.scratch_x)

.scratch_y      0x20041000        0x0 load address 0x1000f760
                0x20041000                        __scratch_y_start__ = .
 *(.scratch_y.*)
                0x20041000                        . = ALIGN (0x4)
                0x20041000                        __scratch_y_end__ = .
                0x1000f760                        __scratch_y_source__ = LOADADDR (.scratch_y)

.stack1_dummy
 *(.stack1*)

.stack_dummy    0x20041000      0x800
 *(.stack*)
 .stack         0x20041000      0x800 CMakeFiles/station_main.dir/C_/Users/yamap/.pico-sdk/sdk/2.0.0/src/rp2_common/pico_crt0/crt0.S.obj

.flash_end      0x1000f760        0x0
 *(.embedded_end_block*)
                0x1000f760                        PROVIDE (__flash_binary_end = .)
                0x20040000                        __StackLimit = (ORIGIN (RAM) + LENGTH (RAM))
                0x20041000                        __StackOneTop = (ORIGIN (SCRATCH_X) + LENGTH (SCRATCH_X))
                0x20042000                        __StackTop = (ORIGIN (SCRATCH_Y) + LENGTH (SCRATCH_Y))
                0x20041000                        __StackOneBottom = (__StackOneTop - SIZEOF (.stack1_dummy))
                0x20041800                        __StackBottom = (__StackTop - SIZEOF (.stack_dummy))
                0x20042000                        PROVIDE (__stack = __StackTop)
                [!provide]                        PROVIDE (__heap_start = __end__)
                [!provide]                        PROVIDE (__heap_end = __HeapLimit)
                [!provide]                        PROVIDE (__tls_align = MAX (ALIGNOF (.tdata), ALIGNOF (.tbss)))
                [!provide]                        PROVIDE (__tls_size_align = (((__tls_size + __tls_align) - 0x1) & ~ ((__tls_align - 0x1))))
                [!provide]                        PROVIDE (__arm32_tls_tcb_offset = MAX (0x8, __tls_align))
                [!provide]                        PROVIDE (_end = __end__)
                [!provide]                        PROVIDE (__llvm_libc_heap_limit = __HeapLimit)
                0x00000001                        ASSERT ((__StackLimit >= __HeapLimit), region RAM overflowed)
                0x00000001                        ASSERT (((__binary_info_header_end - __logical_binary_start) <= 0x100), Binary info must be in first 256 bytes of the binary)
LOAD CMakeFiles/station_main.dir/station_main.c.obj
LOAD CMakeFiles/station_main.dir/font.c.obj
LOAD CMakeFiles/station_main.dir/signboard_bmp240.c.obj
LOAD CMakeFiles/station_main.dir/st7789.c.obj
LOAD CMakeFiles/station_main.dir/station_disp.c.obj
LOAD CMakeFiles/station_main.dir/station_signboard.c.obj
LOAD CMakeFiles/station_main.dir/stname.c.obj
LOAD CMakeFiles/station_main.dir/timer_ctrl.c.obj
LOAD CMakeFiles/station_main.dir/trainTimetable.c.obj
LOAD CMakeFiles/station_main.dir/C_/Users/yamap/.pico-sdk/sdk/2.0.0/src/rp2_common/pico_stdlib/stdlib.c.obj
LOAD CMakeFiles/station_main.dir/C_/Users/yamap/.pico-sdk/sdk/2.0.0/src/rp2_common/hardware_gpio/gpio.c.obj
LOAD CMakeFiles/station_main.dir/C_/Users/yamap/.pico-sdk/sdk/2.0.0/src/rp2040/pico_platform/platform.c.obj
LOAD CMakeFiles/station_main.dir/C_/Users/yamap/.pico-sdk/sdk/2.0.0/src/rp2_common/pico_platform_panic/panic.c.obj
LOAD CMakeFiles/station_main.dir/C_/Users/yamap/.pico-sdk/sdk/2.0.0/src/common/hardware_claim/claim.c.obj
LOAD CMakeFiles/station_main.dir/C_/Users/yamap/.pico-sdk/sdk/2.0.0/src/rp2_common/hardware_sync/sync.c.obj
LOAD CMakeFiles/station_main.dir/C_/Users/yamap/.pico-sdk/sdk/2.0.0/src/rp2_common/hardware_sync_spin_lock/sync_spin_lock.c.obj
LOAD CMakeFiles/station_main.dir/C_/Users/yamap/.pico-sdk/sdk/2.0.0/src/rp2_common/hardware_irq/irq.c.obj
LOAD CMakeFiles/station_main.dir/C_/Users/yamap/.pico-sdk/sdk/2.0.0/src/rp2_common/hardware_irq/irq_handler_chain.S.obj
LOAD CMakeFiles/station_main.dir/C_/Users/yamap/.pico-sdk/sdk/2.0.0/src/common/pico_sync/sem.c.obj
LOAD CMakeFiles/station_main.dir/C_/Users/yamap/.pico-sdk/sdk/2.0.0/src/common/pico_sync/lock_core.c.obj
LOAD CMakeFiles/station_main.dir/C_/Users/yamap/.pico-sdk/sdk/2.0.0/src/common/pico_sync/mutex.c.obj
LOAD CMakeFiles/station_main.dir/C_/Users/yamap/.pico-sdk/sdk/2.0.0/src/common/pico_sync/critical_section.c.obj
LOAD CMakeFiles/station_main.dir/C_/Users/yamap/.pico-sdk/sdk/2.0.0/src/common/pico_time/time.c.obj
LOAD CMakeFiles/station_main.dir/C_/Users/yamap/.pico-sdk/sdk/2.0.0/src/common/pico_time/timeout_helper.c.obj
LOAD CMakeFiles/station_main.dir/C_/Users/yamap/.pico-sdk/sdk/2.0.0/src/rp2_common/hardware_timer/timer.c.obj
LOAD CMakeFiles/station_main.dir/C_/Users/yamap/.pico-sdk/sdk/2.0.0/src/common/pico_util/datetime.c.obj
LOAD CMakeFiles/station_main.dir/C_/Users/yamap/.pico-sdk/sdk/2.0.0/src/common/pico_util/pheap.c.obj
LOAD CMakeFiles/station_main.dir/C_/Users/yamap/.pico-sdk/sdk/2.0.0/src/common/pico_util/queue.c.obj
LOAD CMakeFiles/station_main.dir/C_/Users/yamap/.pico-sdk/sdk/2.0.0/src/rp2_common/hardware_uart/uart.c.obj
LOAD CMakeFiles/station_main.dir/C_/Users/yamap/.pico-sdk/sdk/2.0.0/src/rp2_common/hardware_clocks/clocks.c.obj
LOAD CMakeFiles/station_main.dir/C_/Users/yamap/.pico-sdk/sdk/2.0.0/src/rp2_common/hardware_pll/pll.c.obj
LOAD CMakeFiles/station_main.dir/C_/Users/yamap/.pico-sdk/sdk/2.0.0/src/rp2_common/hardware_vreg/vreg.c.obj
LOAD CMakeFiles/station_main.dir/C_/Users/yamap/.pico-sdk/sdk/2.0.0/src/rp2_common/hardware_watchdog/watchdog.c.obj
LOAD CMakeFiles/station_main.dir/C_/Users/yamap/.pico-sdk/sdk/2.0.0/src/rp2_common/hardware_ticks/ticks.c.obj
LOAD CMakeFiles/station_main.dir/C_/Users/yamap/.pico-sdk/sdk/2.0.0/src/rp2_common/hardware_xosc/xosc.c.obj
LOAD CMakeFiles/station_main.dir/C_/Users/yamap/.pico-sdk/sdk/2.0.0/src/rp2_common/hardware_divider/divider.S.obj
LOAD CMakeFiles/station_main.dir/C_/Users/yamap/.pico-sdk/sdk/2.0.0/src/rp2_common/pico_runtime/runtime.c.obj
LOAD CMakeFiles/station_main.dir/C_/Users/yamap/.pico-sdk/sdk/2.0.0/src/rp2_common/pico_runtime_init/runtime_init.c.obj
LOAD CMakeFiles/station_main.dir/C_/Users/yamap/.pico-sdk/sdk/2.0.0/src/rp2_common/pico_runtime_init/runtime_init_clocks.c.obj
LOAD CMakeFiles/station_main.dir/C_/Users/yamap/.pico-sdk/sdk/2.0.0/src/rp2_common/pico_runtime_init/runtime_init_stack_guard.c.obj
LOAD CMakeFiles/station_main.dir/C_/Users/yamap/.pico-sdk/sdk/2.0.0/src/rp2_common/pico_bit_ops/bit_ops_aeabi.S.obj
LOAD CMakeFiles/station_main.dir/C_/Users/yamap/.pico-sdk/sdk/2.0.0/src/rp2_common/pico_bootrom/bootrom.c.obj
LOAD CMakeFiles/station_main.dir/C_/Users/yamap/.pico-sdk/sdk/2.0.0/src/rp2_common/pico_bootrom/bootrom_lock.c.obj
LOAD CMakeFiles/station_main.dir/C_/Users/yamap/.pico-sdk/sdk/2.0.0/src/rp2_common/hardware_boot_lock/boot_lock.c.obj
LOAD CMakeFiles/station_main.dir/C_/Users/yamap/.pico-sdk/sdk/2.0.0/src/rp2_common/pico_divider/divider_hardware.S.obj
LOAD CMakeFiles/station_main.dir/C_/Users/yamap/.pico-sdk/sdk/2.0.0/src/rp2_common/pico_double/double_aeabi_rp2040.S.obj
LOAD CMakeFiles/station_main.dir/C_/Users/yamap/.pico-sdk/sdk/2.0.0/src/rp2_common/pico_double/double_init_rom_rp2040.c.obj
LOAD CMakeFiles/station_main.dir/C_/Users/yamap/.pico-sdk/sdk/2.0.0/src/rp2_common/pico_double/double_math.c.obj
LOAD CMakeFiles/station_main.dir/C_/Users/yamap/.pico-sdk/sdk/2.0.0/src/rp2_common/pico_double/double_v1_rom_shim_rp2040.S.obj
LOAD CMakeFiles/station_main.dir/C_/Users/yamap/.pico-sdk/sdk/2.0.0/src/rp2_common/pico_int64_ops/pico_int64_ops_aeabi.S.obj
LOAD CMakeFiles/station_main.dir/C_/Users/yamap/.pico-sdk/sdk/2.0.0/src/rp2_common/pico_float/float_aeabi_rp2040.S.obj
LOAD CMakeFiles/station_main.dir/C_/Users/yamap/.pico-sdk/sdk/2.0.0/src/rp2_common/pico_float/float_init_rom_rp2040.c.obj
LOAD CMakeFiles/station_main.dir/C_/Users/yamap/.pico-sdk/sdk/2.0.0/src/rp2_common/pico_float/float_math.c.obj
LOAD CMakeFiles/station_main.dir/C_/Users/yamap/.pico-sdk/sdk/2.0.0/src/rp2_common/pico_float/float_v1_rom_shim_rp2040.S.obj
LOAD CMakeFiles/station_main.dir/C_/Users/yamap/.pico-sdk/sdk/2.0.0/src/rp2_common/pico_malloc/malloc.c.obj
LOAD CMakeFiles/station_main.dir/C_/Users/yamap/.pico-sdk/sdk/2.0.0/src/rp2_common/pico_mem_ops/mem_ops_aeabi.S.obj
LOAD CMakeFiles/station_main.dir/C_/Users/yamap/.pico-sdk/sdk/2.0.0/src/rp2_common/pico_atomic/atomic.c.obj
LOAD CMakeFiles/station_main.dir/C_/Users/yamap/.pico-sdk/sdk/2.0.0/src/rp2_common/pico_cxx_options/new_delete.cpp.obj
LOAD CMakeFiles/station_main.dir/C_/Users/yamap/.pico-sdk/sdk/2.0.0/src/rp2_common/pico_standard_binary_info/standard_binary_info.c.obj
LOAD CMakeFiles/station_main.dir/C_/Users/yamap/.pico-sdk/sdk/2.0.0/src/rp2_common/pico_printf/printf.c.obj
LOAD CMakeFiles/station_main.dir/C_/Users/yamap/.pico-sdk/sdk/2.0.0/src/rp2_common/pico_crt0/crt0.S.obj
LOAD CMakeFiles/station_main.dir/C_/Users/yamap/.pico-sdk/sdk/2.0.0/src/rp2_common/pico_clib_interface/newlib_interface.c.obj
LOAD CMakeFiles/station_main.dir/C_/Users/yamap/.pico-sdk/sdk/2.0.0/src/rp2_common/pico_stdio/stdio.c.obj
LOAD CMakeFiles/station_main.dir/C_/Users/yamap/.pico-sdk/sdk/2.0.0/src/rp2_common/hardware_spi/spi.c.obj
LOAD C:\Users\yamap\AppData\Local\Temp\cckntUJ6.o
LOAD C:/Users/yamap/.pico-sdk/toolchain/13_2_Rel1/bin/../lib/gcc/arm-none-eabi/13.2.1/thumb/v6-m/nofp\libstdc++.a
LOAD C:/Users/yamap/.pico-sdk/toolchain/13_2_Rel1/bin/../lib/gcc/arm-none-eabi/13.2.1/thumb/v6-m/nofp\libm.a
START GROUP
LOAD C:/Users/yamap/.pico-sdk/toolchain/13_2_Rel1/bin/../lib/gcc/arm-none-eabi/13.2.1/thumb/v6-m/nofp\libgcc.a
LOAD C:/Users/yamap/.pico-sdk/toolchain/13_2_Rel1/bin/../lib/gcc/arm-none-eabi/13.2.1/thumb/v6-m/nofp\libg.a
LOAD C:/Users/yamap/.pico-sdk/toolchain/13_2_Rel1/bin/../lib/gcc/arm-none-eabi/13.2.1/thumb/v6-m/nofp\libc.a
END GROUP
START GROUP
LOAD C:/Users/yamap/.pico-sdk/toolchain/13_2_Rel1/bin/../lib/gcc/arm-none-eabi/13.2.1/thumb/v6-m/nofp\libgcc.a
LOAD C:/Users/yamap/.pico-sdk/toolchain/13_2_Rel1/bin/../lib/gcc/arm-none-eabi/13.2.1/thumb/v6-m/nofp\libc.a
LOAD C:/Users/yamap/.pico-sdk/toolchain/13_2_Rel1/bin/../lib/gcc/arm-none-eabi/13.2.1/thumb/v6-m/nofp\libnosys.a
END GROUP
LOAD C:/Users/yamap/.pico-sdk/toolchain/13_2_Rel1/bin/../lib/gcc/arm-none-eabi/13.2.1/thumb/v6-m/nofp/crtend.o
LOAD C:/Users/yamap/.pico-sdk/toolchain/13_2_Rel1/bin/../lib/gcc/arm-none-eabi/13.2.1/thumb/v6-m/nofp/crtn.o
OUTPUT(station_main.elf elf32-littlearm)
LOAD linker stubs

.ARM.attributes
                0x00000000       0x28
 .ARM.attributes
                0x00000000       0x1e C:/Users/yamap/.pico-sdk/toolchain/13_2_Rel1/bin/../lib/gcc/arm-none-eabi/13.2.1/thumb/v6-m/nofp/crti.o
 .ARM.attributes
                0x0000001e       0x2c C:/Users/yamap/.pico-sdk/toolchain/13_2_Rel1/bin/../lib/gcc/arm-none-eabi/13.2.1/thumb/v6-m/nofp/crtbegin.o
 .ARM.attributes
                0x0000004a       0x2c CMakeFiles/station_main.dir/station_main.c.obj
 .ARM.attributes
                0x00000076       0x2c CMakeFiles/station_main.dir/font.c.obj
 .ARM.attributes
                0x000000a2       0x2c CMakeFiles/station_main.dir/signboard_bmp240.c.obj
 .ARM.attributes
                0x000000ce       0x2c CMakeFiles/station_main.dir/st7789.c.obj
 .ARM.attributes
                0x000000fa       0x2c CMakeFiles/station_main.dir/station_disp.c.obj
 .ARM.attributes
                0x00000126       0x2c CMakeFiles/station_main.dir/station_signboard.c.obj
 .ARM.attributes
                0x00000152       0x2c CMakeFiles/station_main.dir/stname.c.obj
 .ARM.attributes
                0x0000017e       0x2c CMakeFiles/station_main.dir/timer_ctrl.c.obj
 .ARM.attributes
                0x000001aa       0x2c CMakeFiles/station_main.dir/trainTimetable.c.obj
 .ARM.attributes
                0x000001d6       0x2c CMakeFiles/station_main.dir/C_/Users/yamap/.pico-sdk/sdk/2.0.0/src/rp2_common/hardware_gpio/gpio.c.obj
 .ARM.attributes
                0x00000202       0x2c CMakeFiles/station_main.dir/C_/Users/yamap/.pico-sdk/sdk/2.0.0/src/rp2_common/pico_platform_panic/panic.c.obj
 .ARM.attributes
                0x0000022e       0x2c CMakeFiles/station_main.dir/C_/Users/yamap/.pico-sdk/sdk/2.0.0/src/common/hardware_claim/claim.c.obj
 .ARM.attributes
                0x0000025a       0x2c CMakeFiles/station_main.dir/C_/Users/yamap/.pico-sdk/sdk/2.0.0/src/rp2_common/hardware_sync/sync.c.obj
 .ARM.attributes
                0x00000286       0x2c CMakeFiles/station_main.dir/C_/Users/yamap/.pico-sdk/sdk/2.0.0/src/rp2_common/hardware_sync_spin_lock/sync_spin_lock.c.obj
 .ARM.attributes
                0x000002b2       0x2c CMakeFiles/station_main.dir/C_/Users/yamap/.pico-sdk/sdk/2.0.0/src/rp2_common/hardware_irq/irq.c.obj
 .ARM.attributes
                0x000002de       0x2c CMakeFiles/station_main.dir/C_/Users/yamap/.pico-sdk/sdk/2.0.0/src/common/pico_sync/lock_core.c.obj
 .ARM.attributes
                0x0000030a       0x2c CMakeFiles/station_main.dir/C_/Users/yamap/.pico-sdk/sdk/2.0.0/src/common/pico_sync/mutex.c.obj
 .ARM.attributes
                0x00000336       0x2c CMakeFiles/station_main.dir/C_/Users/yamap/.pico-sdk/sdk/2.0.0/src/common/pico_time/time.c.obj
 .ARM.attributes
                0x00000362       0x2c CMakeFiles/station_main.dir/C_/Users/yamap/.pico-sdk/sdk/2.0.0/src/rp2_common/hardware_timer/timer.c.obj
 .ARM.attributes
                0x0000038e       0x2c CMakeFiles/station_main.dir/C_/Users/yamap/.pico-sdk/sdk/2.0.0/src/rp2_common/hardware_clocks/clocks.c.obj
 .ARM.attributes
                0x000003ba       0x2c CMakeFiles/station_main.dir/C_/Users/yamap/.pico-sdk/sdk/2.0.0/src/rp2_common/hardware_pll/pll.c.obj
 .ARM.attributes
                0x000003e6       0x2c CMakeFiles/station_main.dir/C_/Users/yamap/.pico-sdk/sdk/2.0.0/src/rp2_common/hardware_ticks/ticks.c.obj
 .ARM.attributes
                0x00000412       0x2c CMakeFiles/station_main.dir/C_/Users/yamap/.pico-sdk/sdk/2.0.0/src/rp2_common/hardware_xosc/xosc.c.obj
 .ARM.attributes
                0x0000043e       0x2c CMakeFiles/station_main.dir/C_/Users/yamap/.pico-sdk/sdk/2.0.0/src/rp2_common/pico_runtime/runtime.c.obj
 .ARM.attributes
                0x0000046a       0x2c CMakeFiles/station_main.dir/C_/Users/yamap/.pico-sdk/sdk/2.0.0/src/rp2_common/pico_runtime_init/runtime_init.c.obj
 .ARM.attributes
                0x00000496       0x2c CMakeFiles/station_main.dir/C_/Users/yamap/.pico-sdk/sdk/2.0.0/src/rp2_common/pico_runtime_init/runtime_init_clocks.c.obj
 .ARM.attributes
                0x000004c2       0x22 CMakeFiles/station_main.dir/C_/Users/yamap/.pico-sdk/sdk/2.0.0/src/rp2_common/pico_bit_ops/bit_ops_aeabi.S.obj
 .ARM.attributes
                0x000004e4       0x2c CMakeFiles/station_main.dir/C_/Users/yamap/.pico-sdk/sdk/2.0.0/src/rp2_common/pico_bootrom/bootrom.c.obj
 .ARM.attributes
                0x00000510       0x22 CMakeFiles/station_main.dir/C_/Users/yamap/.pico-sdk/sdk/2.0.0/src/rp2_common/pico_divider/divider_hardware.S.obj
 .ARM.attributes
                0x00000532       0x22 CMakeFiles/station_main.dir/C_/Users/yamap/.pico-sdk/sdk/2.0.0/src/rp2_common/pico_double/double_aeabi_rp2040.S.obj
 .ARM.attributes
                0x00000554       0x2c CMakeFiles/station_main.dir/C_/Users/yamap/.pico-sdk/sdk/2.0.0/src/rp2_common/pico_double/double_init_rom_rp2040.c.obj
 .ARM.attributes
                0x00000580       0x22 CMakeFiles/station_main.dir/C_/Users/yamap/.pico-sdk/sdk/2.0.0/src/rp2_common/pico_double/double_v1_rom_shim_rp2040.S.obj
 .ARM.attributes
                0x000005a2       0x22 CMakeFiles/station_main.dir/C_/Users/yamap/.pico-sdk/sdk/2.0.0/src/rp2_common/pico_int64_ops/pico_int64_ops_aeabi.S.obj
 .ARM.attributes
                0x000005c4       0x22 CMakeFiles/station_main.dir/C_/Users/yamap/.pico-sdk/sdk/2.0.0/src/rp2_common/pico_float/float_aeabi_rp2040.S.obj
 .ARM.attributes
                0x000005e6       0x2c CMakeFiles/station_main.dir/C_/Users/yamap/.pico-sdk/sdk/2.0.0/src/rp2_common/pico_float/float_init_rom_rp2040.c.obj
 .ARM.attributes
                0x00000612       0x22 CMakeFiles/station_main.dir/C_/Users/yamap/.pico-sdk/sdk/2.0.0/src/rp2_common/pico_float/float_v1_rom_shim_rp2040.S.obj
 .ARM.attributes
                0x00000634       0x22 CMakeFiles/station_main.dir/C_/Users/yamap/.pico-sdk/sdk/2.0.0/src/rp2_common/pico_mem_ops/mem_ops_aeabi.S.obj
 .ARM.attributes
                0x00000656       0x2c CMakeFiles/station_main.dir/C_/Users/yamap/.pico-sdk/sdk/2.0.0/src/rp2_common/pico_standard_binary_info/standard_binary_info.c.obj
 .ARM.attributes
                0x00000682       0x2c CMakeFiles/station_main.dir/C_/Users/yamap/.pico-sdk/sdk/2.0.0/src/rp2_common/pico_printf/printf.c.obj
 .ARM.attributes
                0x000006ae       0x22 CMakeFiles/station_main.dir/C_/Users/yamap/.pico-sdk/sdk/2.0.0/src/rp2_common/pico_crt0/crt0.S.obj
 .ARM.attributes
                0x000006d0       0x2c CMakeFiles/station_main.dir/C_/Users/yamap/.pico-sdk/sdk/2.0.0/src/rp2_common/pico_clib_interface/newlib_interface.c.obj
 .ARM.attributes
                0x000006fc       0x2c CMakeFiles/station_main.dir/C_/Users/yamap/.pico-sdk/sdk/2.0.0/src/rp2_common/pico_stdio/stdio.c.obj
 .ARM.attributes
                0x00000728       0x2c CMakeFiles/station_main.dir/C_/Users/yamap/.pico-sdk/sdk/2.0.0/src/rp2_common/hardware_spi/spi.c.obj
 .ARM.attributes
                0x00000754       0x22 C:\Users\yamap\AppData\Local\Temp\cckntUJ6.o
 .ARM.attributes
                0x00000776       0x1e C:/Users/yamap/.pico-sdk/toolchain/13_2_Rel1/bin/../lib/gcc/arm-none-eabi/13.2.1/thumb/v6-m/nofp\libgcc.a(_dvmd_tls.o)
 .ARM.attributes
                0x00000794       0x2c C:/Users/yamap/.pico-sdk/toolchain/13_2_Rel1/bin/../lib/gcc/arm-none-eabi/13.2.1/thumb/v6-m/nofp\libg.a(libc_a-strlen-stub.o)
 .ARM.attributes
                0x000007c0       0x2c C:/Users/yamap/.pico-sdk/toolchain/13_2_Rel1/bin/../lib/gcc/arm-none-eabi/13.2.1/thumb/v6-m/nofp/crtend.o

.comment        0x00000000       0x44
 .comment       0x00000000       0x44 CMakeFiles/station_main.dir/station_main.c.obj
                                 0x45 (size before relaxing)
 .comment       0x00000044       0x45 CMakeFiles/station_main.dir/font.c.obj
 .comment       0x00000044       0x45 CMakeFiles/station_main.dir/signboard_bmp240.c.obj
 .comment       0x00000044       0x45 CMakeFiles/station_main.dir/st7789.c.obj
 .comment       0x00000044       0x45 CMakeFiles/station_main.dir/station_disp.c.obj
 .comment       0x00000044       0x45 CMakeFiles/station_main.dir/station_signboard.c.obj
 .comment       0x00000044       0x45 CMakeFiles/station_main.dir/stname.c.obj
 .comment       0x00000044       0x45 CMakeFiles/station_main.dir/timer_ctrl.c.obj
 .comment       0x00000044       0x45 CMakeFiles/station_main.dir/trainTimetable.c.obj
 .comment       0x00000044       0x45 CMakeFiles/station_main.dir/C_/Users/yamap/.pico-sdk/sdk/2.0.0/src/rp2_common/hardware_gpio/gpio.c.obj
 .comment       0x00000044       0x45 CMakeFiles/station_main.dir/C_/Users/yamap/.pico-sdk/sdk/2.0.0/src/rp2_common/pico_platform_panic/panic.c.obj
 .comment       0x00000044       0x45 CMakeFiles/station_main.dir/C_/Users/yamap/.pico-sdk/sdk/2.0.0/src/common/hardware_claim/claim.c.obj
 .comment       0x00000044       0x45 CMakeFiles/station_main.dir/C_/Users/yamap/.pico-sdk/sdk/2.0.0/src/rp2_common/hardware_sync/sync.c.obj
 .comment       0x00000044       0x45 CMakeFiles/station_main.dir/C_/Users/yamap/.pico-sdk/sdk/2.0.0/src/rp2_common/hardware_sync_spin_lock/sync_spin_lock.c.obj
 .comment       0x00000044       0x45 CMakeFiles/station_main.dir/C_/Users/yamap/.pico-sdk/sdk/2.0.0/src/rp2_common/hardware_irq/irq.c.obj
 .comment       0x00000044       0x45 CMakeFiles/station_main.dir/C_/Users/yamap/.pico-sdk/sdk/2.0.0/src/common/pico_sync/lock_core.c.obj
 .comment       0x00000044       0x45 CMakeFiles/station_main.dir/C_/Users/yamap/.pico-sdk/sdk/2.0.0/src/common/pico_sync/mutex.c.obj
 .comment       0x00000044       0x45 CMakeFiles/station_main.dir/C_/Users/yamap/.pico-sdk/sdk/2.0.0/src/common/pico_time/time.c.obj
 .comment       0x00000044       0x45 CMakeFiles/station_main.dir/C_/Users/yamap/.pico-sdk/sdk/2.0.0/src/rp2_common/hardware_timer/timer.c.obj
 .comment       0x00000044       0x45 CMakeFiles/station_main.dir/C_/Users/yamap/.pico-sdk/sdk/2.0.0/src/rp2_common/hardware_clocks/clocks.c.obj
 .comment       0x00000044       0x45 CMakeFiles/station_main.dir/C_/Users/yamap/.pico-sdk/sdk/2.0.0/src/rp2_common/hardware_pll/pll.c.obj
 .comment       0x00000044       0x45 CMakeFiles/station_main.dir/C_/Users/yamap/.pico-sdk/sdk/2.0.0/src/rp2_common/hardware_ticks/ticks.c.obj
 .comment       0x00000044       0x45 CMakeFiles/station_main.dir/C_/Users/yamap/.pico-sdk/sdk/2.0.0/src/rp2_common/hardware_xosc/xosc.c.obj
 .comment       0x00000044       0x45 CMakeFiles/station_main.dir/C_/Users/yamap/.pico-sdk/sdk/2.0.0/src/rp2_common/pico_runtime/runtime.c.obj
 .comment       0x00000044       0x45 CMakeFiles/station_main.dir/C_/Users/yamap/.pico-sdk/sdk/2.0.0/src/rp2_common/pico_runtime_init/runtime_init.c.obj
 .comment       0x00000044       0x45 CMakeFiles/station_main.dir/C_/Users/yamap/.pico-sdk/sdk/2.0.0/src/rp2_common/pico_runtime_init/runtime_init_clocks.c.obj
 .comment       0x00000044       0x45 CMakeFiles/station_main.dir/C_/Users/yamap/.pico-sdk/sdk/2.0.0/src/rp2_common/pico_bootrom/bootrom.c.obj
 .comment       0x00000044       0x45 CMakeFiles/station_main.dir/C_/Users/yamap/.pico-sdk/sdk/2.0.0/src/rp2_common/pico_double/double_init_rom_rp2040.c.obj
 .comment       0x00000044       0x45 CMakeFiles/station_main.dir/C_/Users/yamap/.pico-sdk/sdk/2.0.0/src/rp2_common/pico_float/float_init_rom_rp2040.c.obj
 .comment       0x00000044       0x45 CMakeFiles/station_main.dir/C_/Users/yamap/.pico-sdk/sdk/2.0.0/src/rp2_common/pico_standard_binary_info/standard_binary_info.c.obj
 .comment       0x00000044       0x45 CMakeFiles/station_main.dir/C_/Users/yamap/.pico-sdk/sdk/2.0.0/src/rp2_common/pico_printf/printf.c.obj
 .comment       0x00000044       0x45 CMakeFiles/station_main.dir/C_/Users/yamap/.pico-sdk/sdk/2.0.0/src/rp2_common/pico_clib_interface/newlib_interface.c.obj
 .comment       0x00000044       0x45 CMakeFiles/station_main.dir/C_/Users/yamap/.pico-sdk/sdk/2.0.0/src/rp2_common/pico_stdio/stdio.c.obj
 .comment       0x00000044       0x45 CMakeFiles/station_main.dir/C_/Users/yamap/.pico-sdk/sdk/2.0.0/src/rp2_common/hardware_spi/spi.c.obj

.debug_info     0x00000000    0x24884
 .debug_info    0x00000000     0x24bd CMakeFiles/station_main.dir/station_main.c.obj
 .debug_info    0x000024bd      0x2bc CMakeFiles/station_main.dir/font.c.obj
 .debug_info    0x00002779      0x32e CMakeFiles/station_main.dir/signboard_bmp240.c.obj
 .debug_info    0x00002aa7     0x5ace CMakeFiles/station_main.dir/st7789.c.obj
 .debug_info    0x00008575     0x1052 CMakeFiles/station_main.dir/station_disp.c.obj
 .debug_info    0x000095c7      0x310 CMakeFiles/station_main.dir/station_signboard.c.obj
 .debug_info    0x000098d7      0x43b CMakeFiles/station_main.dir/stname.c.obj
 .debug_info    0x00009d12      0x6be CMakeFiles/station_main.dir/timer_ctrl.c.obj
 .debug_info    0x0000a3d0      0x359 CMakeFiles/station_main.dir/trainTimetable.c.obj
 .debug_info    0x0000a729     0x2437 CMakeFiles/station_main.dir/C_/Users/yamap/.pico-sdk/sdk/2.0.0/src/rp2_common/hardware_gpio/gpio.c.obj
 .debug_info    0x0000cb60      0x1bf CMakeFiles/station_main.dir/C_/Users/yamap/.pico-sdk/sdk/2.0.0/src/rp2_common/pico_platform_panic/panic.c.obj
 .debug_info    0x0000cd1f      0x995 CMakeFiles/station_main.dir/C_/Users/yamap/.pico-sdk/sdk/2.0.0/src/common/hardware_claim/claim.c.obj
 .debug_info    0x0000d6b4      0x458 CMakeFiles/station_main.dir/C_/Users/yamap/.pico-sdk/sdk/2.0.0/src/rp2_common/hardware_sync/sync.c.obj
 .debug_info    0x0000db0c      0x245 CMakeFiles/station_main.dir/C_/Users/yamap/.pico-sdk/sdk/2.0.0/src/rp2_common/hardware_sync_spin_lock/sync_spin_lock.c.obj
 .debug_info    0x0000dd51     0x21a8 CMakeFiles/station_main.dir/C_/Users/yamap/.pico-sdk/sdk/2.0.0/src/rp2_common/hardware_irq/irq.c.obj
 .debug_info    0x0000fef9      0x15f CMakeFiles/station_main.dir/C_/Users/yamap/.pico-sdk/sdk/2.0.0/src/common/pico_sync/lock_core.c.obj
 .debug_info    0x00010058     0x2803 CMakeFiles/station_main.dir/C_/Users/yamap/.pico-sdk/sdk/2.0.0/src/common/pico_sync/mutex.c.obj
 .debug_info    0x0001285b     0x495a CMakeFiles/station_main.dir/C_/Users/yamap/.pico-sdk/sdk/2.0.0/src/common/pico_time/time.c.obj
 .debug_info    0x000171b5     0x2af8 CMakeFiles/station_main.dir/C_/Users/yamap/.pico-sdk/sdk/2.0.0/src/rp2_common/hardware_timer/timer.c.obj
 .debug_info    0x00019cad     0x291d CMakeFiles/station_main.dir/C_/Users/yamap/.pico-sdk/sdk/2.0.0/src/rp2_common/hardware_clocks/clocks.c.obj
 .debug_info    0x0001c5ca      0x4e5 CMakeFiles/station_main.dir/C_/Users/yamap/.pico-sdk/sdk/2.0.0/src/rp2_common/hardware_pll/pll.c.obj
 .debug_info    0x0001caaf      0x248 CMakeFiles/station_main.dir/C_/Users/yamap/.pico-sdk/sdk/2.0.0/src/rp2_common/hardware_ticks/ticks.c.obj
 .debug_info    0x0001ccf7      0x1cc CMakeFiles/station_main.dir/C_/Users/yamap/.pico-sdk/sdk/2.0.0/src/rp2_common/hardware_xosc/xosc.c.obj
 .debug_info    0x0001cec3      0x21a CMakeFiles/station_main.dir/C_/Users/yamap/.pico-sdk/sdk/2.0.0/src/rp2_common/pico_runtime/runtime.c.obj
 .debug_info    0x0001d0dd      0x795 CMakeFiles/station_main.dir/C_/Users/yamap/.pico-sdk/sdk/2.0.0/src/rp2_common/pico_runtime_init/runtime_init.c.obj
 .debug_info    0x0001d872      0x780 CMakeFiles/station_main.dir/C_/Users/yamap/.pico-sdk/sdk/2.0.0/src/rp2_common/pico_runtime_init/runtime_init_clocks.c.obj
 .debug_info    0x0001dff2       0x23 CMakeFiles/station_main.dir/C_/Users/yamap/.pico-sdk/sdk/2.0.0/src/rp2_common/pico_bit_ops/bit_ops_aeabi.S.obj
 .debug_info    0x0001e015      0x50f CMakeFiles/station_main.dir/C_/Users/yamap/.pico-sdk/sdk/2.0.0/src/rp2_common/pico_bootrom/bootrom.c.obj
 .debug_info    0x0001e524       0x23 CMakeFiles/station_main.dir/C_/Users/yamap/.pico-sdk/sdk/2.0.0/src/rp2_common/pico_divider/divider_hardware.S.obj
 .debug_info    0x0001e547       0x23 CMakeFiles/station_main.dir/C_/Users/yamap/.pico-sdk/sdk/2.0.0/src/rp2_common/pico_double/double_aeabi_rp2040.S.obj
 .debug_info    0x0001e56a      0x283 CMakeFiles/station_main.dir/C_/Users/yamap/.pico-sdk/sdk/2.0.0/src/rp2_common/pico_double/double_init_rom_rp2040.c.obj
 .debug_info    0x0001e7ed       0x23 CMakeFiles/station_main.dir/C_/Users/yamap/.pico-sdk/sdk/2.0.0/src/rp2_common/pico_double/double_v1_rom_shim_rp2040.S.obj
 .debug_info    0x0001e810       0x24 CMakeFiles/station_main.dir/C_/Users/yamap/.pico-sdk/sdk/2.0.0/src/rp2_common/pico_int64_ops/pico_int64_ops_aeabi.S.obj
 .debug_info    0x0001e834       0x23 CMakeFiles/station_main.dir/C_/Users/yamap/.pico-sdk/sdk/2.0.0/src/rp2_common/pico_float/float_aeabi_rp2040.S.obj
 .debug_info    0x0001e857      0x283 CMakeFiles/station_main.dir/C_/Users/yamap/.pico-sdk/sdk/2.0.0/src/rp2_common/pico_float/float_init_rom_rp2040.c.obj
 .debug_info    0x0001eada       0x23 CMakeFiles/station_main.dir/C_/Users/yamap/.pico-sdk/sdk/2.0.0/src/rp2_common/pico_float/float_v1_rom_shim_rp2040.S.obj
 .debug_info    0x0001eafd       0x23 CMakeFiles/station_main.dir/C_/Users/yamap/.pico-sdk/sdk/2.0.0/src/rp2_common/pico_mem_ops/mem_ops_aeabi.S.obj
 .debug_info    0x0001eb20      0x2b8 CMakeFiles/station_main.dir/C_/Users/yamap/.pico-sdk/sdk/2.0.0/src/rp2_common/pico_standard_binary_info/standard_binary_info.c.obj
 .debug_info    0x0001edd8     0x211a CMakeFiles/station_main.dir/C_/Users/yamap/.pico-sdk/sdk/2.0.0/src/rp2_common/pico_printf/printf.c.obj
 .debug_info    0x00020ef2       0x23 CMakeFiles/station_main.dir/C_/Users/yamap/.pico-sdk/sdk/2.0.0/src/rp2_common/pico_crt0/crt0.S.obj
 .debug_info    0x00020f15      0xb54 CMakeFiles/station_main.dir/C_/Users/yamap/.pico-sdk/sdk/2.0.0/src/rp2_common/pico_clib_interface/newlib_interface.c.obj
 .debug_info    0x00021a69     0x1b8f CMakeFiles/station_main.dir/C_/Users/yamap/.pico-sdk/sdk/2.0.0/src/rp2_common/pico_stdio/stdio.c.obj
 .debug_info    0x000235f8     0x128c CMakeFiles/station_main.dir/C_/Users/yamap/.pico-sdk/sdk/2.0.0/src/rp2_common/hardware_spi/spi.c.obj

.debug_abbrev   0x00000000     0x5de5
 .debug_abbrev  0x00000000      0x516 CMakeFiles/station_main.dir/station_main.c.obj
 .debug_abbrev  0x00000516       0x98 CMakeFiles/station_main.dir/font.c.obj
 .debug_abbrev  0x000005ae       0xc4 CMakeFiles/station_main.dir/signboard_bmp240.c.obj
 .debug_abbrev  0x00000672      0x517 CMakeFiles/station_main.dir/st7789.c.obj
 .debug_abbrev  0x00000b89      0x2cc CMakeFiles/station_main.dir/station_disp.c.obj
 .debug_abbrev  0x00000e55       0xad CMakeFiles/station_main.dir/station_signboard.c.obj
 .debug_abbrev  0x00000f02       0x9f CMakeFiles/station_main.dir/stname.c.obj
 .debug_abbrev  0x00000fa1      0x275 CMakeFiles/station_main.dir/timer_ctrl.c.obj
 .debug_abbrev  0x00001216       0xd4 CMakeFiles/station_main.dir/trainTimetable.c.obj
 .debug_abbrev  0x000012ea      0x4f9 CMakeFiles/station_main.dir/C_/Users/yamap/.pico-sdk/sdk/2.0.0/src/rp2_common/hardware_gpio/gpio.c.obj
 .debug_abbrev  0x000017e3      0x12b CMakeFiles/station_main.dir/C_/Users/yamap/.pico-sdk/sdk/2.0.0/src/rp2_common/pico_platform_panic/panic.c.obj
 .debug_abbrev  0x0000190e      0x33b CMakeFiles/station_main.dir/C_/Users/yamap/.pico-sdk/sdk/2.0.0/src/common/hardware_claim/claim.c.obj
 .debug_abbrev  0x00001c49      0x20d CMakeFiles/station_main.dir/C_/Users/yamap/.pico-sdk/sdk/2.0.0/src/rp2_common/hardware_sync/sync.c.obj
 .debug_abbrev  0x00001e56      0x1bb CMakeFiles/station_main.dir/C_/Users/yamap/.pico-sdk/sdk/2.0.0/src/rp2_common/hardware_sync_spin_lock/sync_spin_lock.c.obj
 .debug_abbrev  0x00002011      0x5ff CMakeFiles/station_main.dir/C_/Users/yamap/.pico-sdk/sdk/2.0.0/src/rp2_common/hardware_irq/irq.c.obj
 .debug_abbrev  0x00002610       0xee CMakeFiles/station_main.dir/C_/Users/yamap/.pico-sdk/sdk/2.0.0/src/common/pico_sync/lock_core.c.obj
 .debug_abbrev  0x000026fe      0x48c CMakeFiles/station_main.dir/C_/Users/yamap/.pico-sdk/sdk/2.0.0/src/common/pico_sync/mutex.c.obj
 .debug_abbrev  0x00002b8a      0x672 CMakeFiles/station_main.dir/C_/Users/yamap/.pico-sdk/sdk/2.0.0/src/common/pico_time/time.c.obj
 .debug_abbrev  0x000031fc      0x503 CMakeFiles/station_main.dir/C_/Users/yamap/.pico-sdk/sdk/2.0.0/src/rp2_common/hardware_timer/timer.c.obj
 .debug_abbrev  0x000036ff      0x4e2 CMakeFiles/station_main.dir/C_/Users/yamap/.pico-sdk/sdk/2.0.0/src/rp2_common/hardware_clocks/clocks.c.obj
 .debug_abbrev  0x00003be1      0x1d2 CMakeFiles/station_main.dir/C_/Users/yamap/.pico-sdk/sdk/2.0.0/src/rp2_common/hardware_pll/pll.c.obj
 .debug_abbrev  0x00003db3      0x145 CMakeFiles/station_main.dir/C_/Users/yamap/.pico-sdk/sdk/2.0.0/src/rp2_common/hardware_ticks/ticks.c.obj
 .debug_abbrev  0x00003ef8      0x11b CMakeFiles/station_main.dir/C_/Users/yamap/.pico-sdk/sdk/2.0.0/src/rp2_common/hardware_xosc/xosc.c.obj
 .debug_abbrev  0x00004013      0x182 CMakeFiles/station_main.dir/C_/Users/yamap/.pico-sdk/sdk/2.0.0/src/rp2_common/pico_runtime/runtime.c.obj
 .debug_abbrev  0x00004195      0x222 CMakeFiles/station_main.dir/C_/Users/yamap/.pico-sdk/sdk/2.0.0/src/rp2_common/pico_runtime_init/runtime_init.c.obj
 .debug_abbrev  0x000043b7      0x294 CMakeFiles/station_main.dir/C_/Users/yamap/.pico-sdk/sdk/2.0.0/src/rp2_common/pico_runtime_init/runtime_init_clocks.c.obj
 .debug_abbrev  0x0000464b       0x12 CMakeFiles/station_main.dir/C_/Users/yamap/.pico-sdk/sdk/2.0.0/src/rp2_common/pico_bit_ops/bit_ops_aeabi.S.obj
 .debug_abbrev  0x0000465d      0x1b9 CMakeFiles/station_main.dir/C_/Users/yamap/.pico-sdk/sdk/2.0.0/src/rp2_common/pico_bootrom/bootrom.c.obj
 .debug_abbrev  0x00004816       0x12 CMakeFiles/station_main.dir/C_/Users/yamap/.pico-sdk/sdk/2.0.0/src/rp2_common/pico_divider/divider_hardware.S.obj
 .debug_abbrev  0x00004828       0x12 CMakeFiles/station_main.dir/C_/Users/yamap/.pico-sdk/sdk/2.0.0/src/rp2_common/pico_double/double_aeabi_rp2040.S.obj
 .debug_abbrev  0x0000483a      0x17a CMakeFiles/station_main.dir/C_/Users/yamap/.pico-sdk/sdk/2.0.0/src/rp2_common/pico_double/double_init_rom_rp2040.c.obj
 .debug_abbrev  0x000049b4       0x12 CMakeFiles/station_main.dir/C_/Users/yamap/.pico-sdk/sdk/2.0.0/src/rp2_common/pico_double/double_v1_rom_shim_rp2040.S.obj
 .debug_abbrev  0x000049c6       0x14 CMakeFiles/station_main.dir/C_/Users/yamap/.pico-sdk/sdk/2.0.0/src/rp2_common/pico_int64_ops/pico_int64_ops_aeabi.S.obj
 .debug_abbrev  0x000049da       0x12 CMakeFiles/station_main.dir/C_/Users/yamap/.pico-sdk/sdk/2.0.0/src/rp2_common/pico_float/float_aeabi_rp2040.S.obj
 .debug_abbrev  0x000049ec      0x173 CMakeFiles/station_main.dir/C_/Users/yamap/.pico-sdk/sdk/2.0.0/src/rp2_common/pico_float/float_init_rom_rp2040.c.obj
 .debug_abbrev  0x00004b5f       0x12 CMakeFiles/station_main.dir/C_/Users/yamap/.pico-sdk/sdk/2.0.0/src/rp2_common/pico_float/float_v1_rom_shim_rp2040.S.obj
 .debug_abbrev  0x00004b71       0x12 CMakeFiles/station_main.dir/C_/Users/yamap/.pico-sdk/sdk/2.0.0/src/rp2_common/pico_mem_ops/mem_ops_aeabi.S.obj
 .debug_abbrev  0x00004b83       0xb8 CMakeFiles/station_main.dir/C_/Users/yamap/.pico-sdk/sdk/2.0.0/src/rp2_common/pico_standard_binary_info/standard_binary_info.c.obj
 .debug_abbrev  0x00004c3b      0x525 CMakeFiles/station_main.dir/C_/Users/yamap/.pico-sdk/sdk/2.0.0/src/rp2_common/pico_printf/printf.c.obj
 .debug_abbrev  0x00005160       0x12 CMakeFiles/station_main.dir/C_/Users/yamap/.pico-sdk/sdk/2.0.0/src/rp2_common/pico_crt0/crt0.S.obj
 .debug_abbrev  0x00005172      0x352 CMakeFiles/station_main.dir/C_/Users/yamap/.pico-sdk/sdk/2.0.0/src/rp2_common/pico_clib_interface/newlib_interface.c.obj
 .debug_abbrev  0x000054c4      0x5e7 CMakeFiles/station_main.dir/C_/Users/yamap/.pico-sdk/sdk/2.0.0/src/rp2_common/pico_stdio/stdio.c.obj